{
  "binaries": {
    "bwrap": {
      "path": "/usr/bin/bwrap",
      "sha256": "e318903862396f96de3df57264e0158682b952fd3fb53ac23d876413e7b30f71",
      "version": "bubblewrap 0.9.0"
    },
    "ouro-jail": {
      "path": "/home/ubuntu/.local/bin/ouro-jail",
      "sha256": "1b52abdbd326eb0b422ba7638b4b3fb0fdc0fd0b72628a7a125184b5571037cd"
    }
  },
  "build": {
    "debug_assertions": false,
    "dirty": false,
    "inputs": "sha256:f5486df5891709f837825bb55d051275c42b2e634165caeb239919247cc0cbfb",
    "opt_level": "3",
    "revision": "41d8c230716877b5da6e6db3220017b7eb685344",
    "rustc": "rustc 1.98.1 (48a229cea 2026-09-01)",
    "target": "x86_64-unknown-linux-gnu"
  },
  "capabilities": [
    {
      "evidence_ref": "bwrap_present,pid_namespace",
      "measured_at": "2026-09-30T07:31:37Z",
      "mechanism": "pid-namespace",
      "name": "tree_termination",
      "reason_code": "probe_failed",
      "scope": "tree",
      "status": "error"
    },
    {
      "evidence_ref": "ptrace_seize_descendant,observer_closed_set",
      "measured_at": "2026-09-30T07:31:37Z",
      "mechanism": "ptrace",
      "name": "closed_set_observation",
      "reason_code": "ok",
      "scope": "tree",
      "status": "available"
    },
    {
      "evidence_ref": "bwrap_present,user_namespace,mount_readonly_bind",
      "measured_at": "2026-09-30T07:31:37Z",
      "mechanism": "bubblewrap-binds",
      "name": "filesystem_containment",
      "reason_code": "probe_failed",
      "scope": "tree",
      "status": "error"
    },
    {
      "evidence_ref": "seccomp_filter_load",
      "measured_at": "2026-09-30T07:31:37Z",
      "mechanism": "seccomp-bpf",
      "name": "syscall_filter",
      "reason_code": "filter_not_enforced",
      "scope": "process",
      "status": "unavailable"
    },
    {
      "evidence_ref": "bwrap_present,network_namespace,seccomp_user_notification",
      "measured_at": "2026-09-30T07:31:37Z",
      "mechanism": "network-namespace+outside-http-proxy+loopback-bridge+unix-peer-mediation",
      "name": "network_proxy",
      "reason_code": "probe_failed",
      "scope": "tree",
      "status": "error"
    },
    {
      "evidence_ref": "supervisor",
      "measured_at": "2026-09-30T07:31:37Z",
      "mechanism": "boottime-deadline",
      "name": "limit:wall",
      "reason_code": "ok",
      "scope": "tree",
      "status": "available"
    },
    {
      "evidence_ref": "bubblewrap 0.9.0",
      "measured_at": "2026-09-30T07:31:37Z",
      "mechanism": "bubblewrap",
      "name": "bwrap_present",
      "reason_code": "ok",
      "scope": "host",
      "status": "available"
    },
    {
      "evidence_ref": "sandbox reported no ns_user: status Some(1), stderr bwrap: loopback: Failed RTM_NEWADDR: Operation not permitted",
      "measured_at": "2026-09-30T07:31:37Z",
      "mechanism": "user-namespace",
      "name": "user_namespace",
      "reason_code": "probe_failed",
      "scope": "host",
      "status": "error"
    },
    {
      "evidence_ref": "sandbox reported no ns_pid: status Some(1), stderr bwrap: loopback: Failed RTM_NEWADDR: Operation not permitted",
      "measured_at": "2026-09-30T07:31:37Z",
      "mechanism": "pid-namespace",
      "name": "pid_namespace",
      "reason_code": "probe_failed",
      "scope": "host",
      "status": "error"
    },
    {
      "evidence_ref": "sandbox reported no netdev: bwrap: loopback: Failed RTM_NEWADDR: Operation not permitted",
      "measured_at": "2026-09-30T07:31:37Z",
      "mechanism": "network-namespace",
      "name": "network_namespace",
      "reason_code": "probe_failed",
      "scope": "host",
      "status": "error"
    },
    {
      "evidence_ref": "sandbox reported nothing: bwrap: loopback: Failed RTM_NEWADDR: Operation not permitted",
      "measured_at": "2026-09-30T07:31:37Z",
      "mechanism": "bubblewrap-binds",
      "name": "mount_readonly_bind",
      "reason_code": "probe_failed",
      "scope": "host",
      "status": "error"
    },
    {
      "evidence_ref": "Seccomp mode ?, AF_UNIX socket ?, allowed write ?, filter sha256:6be154d0d902309f8918b03bddd6a3dae656926dbf827ccbbe551e5f73ffb2ec",
      "measured_at": "2026-09-30T07:31:37Z",
      "mechanism": "seccomp-bpf",
      "name": "seccomp_filter_load",
      "reason_code": "filter_not_enforced",
      "scope": "host",
      "status": "unavailable"
    },
    {
      "evidence_ref": "seized pid 4588, stopped with signal 5, detached",
      "measured_at": "2026-09-30T07:31:37Z",
      "mechanism": "ptrace",
      "name": "ptrace_seize_descendant",
      "reason_code": "ok",
      "scope": "host",
      "status": "available"
    },
    {
      "evidence_ref": "attached blocked launcher; one successful create matched the fixture, final exit observed, zero loss",
      "measured_at": "2026-09-30T07:31:37Z",
      "mechanism": "ptrace-seccomp",
      "name": "observer_closed_set",
      "reason_code": "ok",
      "scope": "host",
      "status": "available"
    },
    {
      "evidence_ref": "unavailable cgroup=/user.slice/user-1000.slice/session-57.scope: lingering is off for this user, so the user manager stops when the last session ends and would take a moved supervisor with it; the supervisor stays in its session (`loginctl enable-linger` lets it enter a delegated scope)",
      "measured_at": "2026-09-30T07:31:37Z",
      "mechanism": "systemd-user-transient-scope",
      "name": "supervisor_scope",
      "reason_code": "no_linger",
      "scope": "host",
      "status": "unavailable"
    },
    {
      "evidence_ref": "supervisor is outside the delegated subtree; launch it in a delegated user scope",
      "measured_at": "2026-09-30T07:31:37Z",
      "mechanism": "cgroup-v2-delegated",
      "name": "cgroup_delegated_leaf",
      "reason_code": "cgroup_unavailable",
      "scope": "host",
      "status": "unavailable"
    },
    {
      "evidence_ref": "supervisor is outside the delegated subtree; launch it in a delegated user scope",
      "measured_at": "2026-09-30T07:31:37Z",
      "mechanism": "cgroup-v2-delegated",
      "name": "cgroup_pids",
      "reason_code": "cgroup_unavailable",
      "scope": "host",
      "status": "unavailable"
    },
    {
      "evidence_ref": "supervisor is outside the delegated subtree; launch it in a delegated user scope",
      "measured_at": "2026-09-30T07:31:37Z",
      "mechanism": "cgroup-v2-delegated",
      "name": "cgroup_memory",
      "reason_code": "cgroup_unavailable",
      "scope": "host",
      "status": "unavailable"
    },
    {
      "evidence_ref": "supervisor is outside the delegated subtree; launch it in a delegated user scope",
      "measured_at": "2026-09-30T07:31:37Z",
      "mechanism": "cgroup-v2-delegated",
      "name": "cgroup_cpu",
      "reason_code": "cgroup_unavailable",
      "scope": "host",
      "status": "unavailable"
    },
    {
      "evidence_ref": "/proc/sys/kernel/apparmor_restrict_unprivileged_userns = 1",
      "measured_at": "2026-09-30T07:31:37Z",
      "mechanism": "apparmor",
      "name": "apparmor_userns_restriction",
      "reason_code": "restriction_on",
      "scope": "host",
      "status": "available"
    },
    {
      "evidence_ref": "a nested bubblewrap exited Some(1): bwrap: loopback: Failed RTM_NEWADDR: Operation not permitted; bare unshare(CLONE_NEWUSER) inside: unreported",
      "measured_at": "2026-09-30T07:31:37Z",
      "mechanism": "nested-bubblewrap",
      "name": "nested_user_namespace",
      "reason_code": "nested_sandbox_denied",
      "scope": "host",
      "status": "unavailable"
    },
    {
      "evidence_ref": "an unprivileged child installed the mediation filter (sha256:28c98e72b91a22c212d5dfdddfcc1f1ca153c5a8e89c15833c26724b263ebeff) with a listener, and pidfd_getfd took it",
      "measured_at": "2026-09-30T07:31:37Z",
      "mechanism": "seccomp-user-notification",
      "name": "seccomp_user_notification",
      "reason_code": "ok",
      "scope": "host",
      "status": "available"
    },
    {
      "evidence_ref": "the agent run exited Some(125): ouro-jail: error missing_capability at probing [host_setup]: the host does not provide `tree_termination` (probe_failed)",
      "measured_at": "2026-09-30T07:31:37Z",
      "mechanism": "outside-http-proxy+loopback-bridge",
      "name": "agent_proxy_bridge",
      "reason_code": "probe_failed",
      "scope": "host",
      "status": "error"
    },
    {
      "evidence_ref": "the agent run exited Some(125): ouro-jail: error missing_capability at probing [host_setup]: the host does not provide `tree_termination` (probe_failed)",
      "measured_at": "2026-09-30T07:31:37Z",
      "mechanism": "seccomp-user-notification",
      "name": "agent_unix_peer_mediation",
      "reason_code": "probe_failed",
      "scope": "host",
      "status": "error"
    },
    {
      "evidence_ref": "the agent run exited Some(125): ouro-jail: error missing_capability at probing [host_setup]: the host does not provide `tree_termination` (probe_failed)",
      "measured_at": "2026-09-30T07:31:37Z",
      "mechanism": "landlock+seccomp",
      "name": "agent_inner_sandbox",
      "reason_code": "probe_failed",
      "scope": "host",
      "status": "error"
    }
  ],
  "component": "ouro-jail",
  "host": {
    "apparmor_enabled": true,
    "apparmor_userns_restriction": {
      "local_files": [
        "README"
      ],
      "profile_files": [
        "lxc-usernsexec",
        "unprivileged_userns"
      ],
      "state": "on",
      "unpackaged_files": []
    },
    "cgroup": {
      "controllers": [
        "cpu",
        "memory",
        "pids"
      ],
      "delegated_root": "/sys/fs/cgroup/user.slice/user-1000.slice/user@1000.service",
      "root_controllers": [
        "cpuset",
        "cpu",
        "io",
        "memory",
        "hugetlb",
        "pids",
        "rdma",
        "misc"
      ],
      "subtree_control": [
        "cpu",
        "memory",
        "pids"
      ]
    },
    "cpus_online": 2,
    "distribution": "Ubuntu 24.04.5 LTS",
    "kernel_release": "6.8.0-142-generic",
    "kernel_version": "#142-Ubuntu SMP PREEMPT_DYNAMIC Wed Sep  2 14:24:27 UTC 2026",
    "linger": false,
    "memory": {
      "mem_total_kib": 3042976,
      "swap_total_kib": 0
    },
    "operator_identity": "privileged_group",
    "privileged_groups": [
      "sudo"
    ],
    "sysctls": {
      "kernel.apparmor_restrict_unprivileged_userns": "1",
      "kernel.io_uring_disabled": "0",
      "kernel.perf_event_paranoid": "4",
      "kernel.unprivileged_bpf_disabled": "2",
      "kernel.yama.ptrace_scope": "1",
      "user.max_user_namespaces": "11734"
    },
    "systemd_version": "systemd 255 (255.4-1ubuntu8.17)",
    "virtualization": "qemu"
  },
  "launch": {
    "credentials": [],
    "name": "opencode",
    "resolution": "bundled",
    "support": "experimental",
    "support_reason": "no_recorded_run"
  },
  "platform": {
    "arch": "x86_64",
    "kernel": "Linux 6.8.0-142-generic",
    "os": "linux"
  },
  "ready": false,
  "requirements": [
    "tree_termination",
    "closed_set_observation",
    "filesystem_containment",
    "syscall_filter",
    "network_proxy",
    "limit:wall"
  ],
  "schema": "ouro.jail.doctor/1",
  "supervisor_scope": {
    "cgroup": "/user.slice/user-1000.slice/session-57.scope",
    "reason": "lingering is off for this user, so the user manager stops when the last session ends and would take a moved supervisor with it; the supervisor stays in its session (`loginctl enable-linger` lets it enter a delegated scope)",
    "reason_code": "no_linger",
    "state": "unavailable",
    "unit": null
  },
  "version": "0.1.0"
}
