{
  "binaries": {
    "bwrap": {
      "path": "/usr/bin/bwrap",
      "sha256": "523da3e7399044be5163aee6f57a77a6bef7454376e28f0a0627920bae1b76b6",
      "version": "bubblewrap 0.11.1"
    },
    "ouro-jail": {
      "path": "/home/ubuntu/ouro-ledger-storage-20261004-r1/target/release/ouro-jail",
      "sha256": "8b3950ea58e0288549497170ee2f57d056c985a5472beb9781f8cdf14480f7cf"
    }
  },
  "build": {
    "debug_assertions": false,
    "dirty": false,
    "inputs": "sha256:4f45c7d14a754af0a72906747725c99cfadd8e673805e2b2412cf90c3e475512",
    "opt_level": "3",
    "revision": "86e4194e5e60b90aff3d57e87ba1fa13547f9c9c",
    "rustc": "rustc 1.98.1 (48a229cea 2026-09-01)",
    "target": "x86_64-unknown-linux-gnu"
  },
  "capabilities": [
    {
      "evidence_ref": "bwrap_present,pid_namespace",
      "measured_at": "2026-10-06T18:19:27Z",
      "mechanism": "pid-namespace",
      "name": "tree_termination",
      "reason_code": "ok",
      "scope": "tree",
      "status": "available"
    },
    {
      "evidence_ref": "ptrace_seize_descendant,observer_closed_set",
      "measured_at": "2026-10-06T18:19:27Z",
      "mechanism": "ptrace",
      "name": "closed_set_observation",
      "reason_code": "ok",
      "scope": "tree",
      "status": "available"
    },
    {
      "evidence_ref": "bwrap_present,user_namespace,mount_readonly_bind",
      "measured_at": "2026-10-06T18:19:27Z",
      "mechanism": "bubblewrap-binds",
      "name": "filesystem_containment",
      "reason_code": "ok",
      "scope": "tree",
      "status": "available"
    },
    {
      "evidence_ref": "seccomp_filter_load",
      "measured_at": "2026-10-06T18:19:27Z",
      "mechanism": "seccomp-bpf",
      "name": "syscall_filter",
      "reason_code": "ok",
      "scope": "process",
      "status": "available"
    },
    {
      "evidence_ref": "network_namespace",
      "measured_at": "2026-10-06T18:19:27Z",
      "mechanism": "network-namespace",
      "name": "network_none",
      "reason_code": "ok",
      "scope": "tree",
      "status": "available"
    },
    {
      "evidence_ref": "bwrap_present,user_namespace,mount_readonly_bind",
      "measured_at": "2026-10-06T18:19:27Z",
      "mechanism": "bubblewrap-binds",
      "name": "protected_coverage:existing_and_root",
      "reason_code": "ok",
      "scope": "tree",
      "status": "available"
    },
    {
      "evidence_ref": "supervisor",
      "measured_at": "2026-10-06T18:19:27Z",
      "mechanism": "boottime-deadline",
      "name": "limit:wall",
      "reason_code": "ok",
      "scope": "tree",
      "status": "available"
    },
    {
      "evidence_ref": "bubblewrap 0.11.1",
      "measured_at": "2026-10-06T18:19:27Z",
      "mechanism": "bubblewrap",
      "name": "bwrap_present",
      "reason_code": "ok",
      "scope": "host",
      "status": "available"
    },
    {
      "evidence_ref": "outside 4026531837, inside 4026532464",
      "measured_at": "2026-10-06T18:19:27Z",
      "mechanism": "user-namespace",
      "name": "user_namespace",
      "reason_code": "ok",
      "scope": "host",
      "status": "available"
    },
    {
      "evidence_ref": "outside 4026531836, inside 4026532465; NSpid 2; /proc shows 1,2",
      "measured_at": "2026-10-06T18:19:27Z",
      "mechanism": "pid-namespace",
      "name": "pid_namespace",
      "reason_code": "ok",
      "scope": "host",
      "status": "available"
    },
    {
      "evidence_ref": "interfaces inside: lo",
      "measured_at": "2026-10-06T18:19:27Z",
      "mechanism": "network-namespace",
      "name": "network_namespace",
      "reason_code": "ok",
      "scope": "host",
      "status": "available"
    },
    {
      "evidence_ref": "write into a read-only bind failed EROFS",
      "measured_at": "2026-10-06T18:19:27Z",
      "mechanism": "bubblewrap-binds",
      "name": "mount_readonly_bind",
      "reason_code": "ok",
      "scope": "host",
      "status": "available"
    },
    {
      "evidence_ref": "Seccomp mode 2, AF_UNIX socket EPERM, allowed write ok, filter sha256:6be154d0d902309f8918b03bddd6a3dae656926dbf827ccbbe551e5f73ffb2ec",
      "measured_at": "2026-10-06T18:19:27Z",
      "mechanism": "seccomp-bpf",
      "name": "seccomp_filter_load",
      "reason_code": "ok",
      "scope": "host",
      "status": "available"
    },
    {
      "evidence_ref": "seized pid 443023, stopped with signal 5, detached",
      "measured_at": "2026-10-06T18:19:27Z",
      "mechanism": "ptrace",
      "name": "ptrace_seize_descendant",
      "reason_code": "ok",
      "scope": "host",
      "status": "available"
    },
    {
      "evidence_ref": "attached blocked launcher; one successful create matched the fixture, final exit observed, zero loss",
      "measured_at": "2026-10-06T18:19:27Z",
      "mechanism": "ptrace-seccomp",
      "name": "observer_closed_set",
      "reason_code": "ok",
      "scope": "host",
      "status": "available"
    },
    {
      "evidence_ref": "already_delegated cgroup=/user.slice/user-1000.slice/user@1000.service/app.slice/run-p436883-i13015799.scope",
      "measured_at": "2026-10-06T18:19:27Z",
      "mechanism": "systemd-user-transient-scope",
      "name": "supervisor_scope",
      "reason_code": "already_delegated",
      "scope": "host",
      "status": "available"
    },
    {
      "evidence_ref": "created pinned leaf, configured/read back ceiling, placed fixture, cgroup.kill, populated=0, reaped and removed",
      "measured_at": "2026-10-06T18:19:27Z",
      "mechanism": "cgroup-v2-delegated",
      "name": "cgroup_delegated_leaf",
      "reason_code": "ok",
      "scope": "host",
      "status": "available"
    },
    {
      "evidence_ref": "created pinned leaf, configured/read back ceiling, placed fixture, cgroup.kill, populated=0, reaped and removed",
      "measured_at": "2026-10-06T18:19:27Z",
      "mechanism": "cgroup-v2-delegated",
      "name": "cgroup_pids",
      "reason_code": "ok",
      "scope": "host",
      "status": "available"
    },
    {
      "evidence_ref": "created pinned leaf, configured/read back ceiling, placed fixture, cgroup.kill, populated=0, reaped and removed",
      "measured_at": "2026-10-06T18:19:27Z",
      "mechanism": "cgroup-v2-delegated",
      "name": "cgroup_memory",
      "reason_code": "ok",
      "scope": "host",
      "status": "available"
    },
    {
      "evidence_ref": "created pinned leaf, configured/read back ceiling, placed fixture, cgroup.kill, populated=0, reaped and removed",
      "measured_at": "2026-10-06T18:19:27Z",
      "mechanism": "cgroup-v2-delegated",
      "name": "cgroup_swap",
      "reason_code": "ok",
      "scope": "host",
      "status": "available"
    },
    {
      "evidence_ref": "created pinned leaf, configured/read back ceiling, placed fixture, cgroup.kill, populated=0, reaped and removed",
      "measured_at": "2026-10-06T18:19:27Z",
      "mechanism": "cgroup-v2-delegated",
      "name": "cgroup_cpu",
      "reason_code": "ok",
      "scope": "host",
      "status": "available"
    },
    {
      "evidence_ref": "/proc/sys/kernel/apparmor_restrict_unprivileged_userns = 1",
      "measured_at": "2026-10-06T18:19:27Z",
      "mechanism": "apparmor",
      "name": "apparmor_userns_restriction",
      "reason_code": "restriction_on",
      "scope": "host",
      "status": "available"
    },
    {
      "evidence_ref": "a nested bubblewrap exited Some(1): bwrap: No permissions to create a new namespace, likely because the kernel does not allow non-privileged user namespaces. See <https://deb.li/bubblewrap> or <file:///usr/share/doc/bubblewrap/README.Debian.gz>.; bare unshare(CLONE_NEWUSER) inside: ok",
      "measured_at": "2026-10-06T18:19:27Z",
      "mechanism": "nested-bubblewrap",
      "name": "nested_user_namespace",
      "reason_code": "nested_sandbox_denied",
      "scope": "host",
      "status": "unavailable"
    },
    {
      "evidence_ref": "an unprivileged child installed the mediation filter (sha256:28c98e72b91a22c212d5dfdddfcc1f1ca153c5a8e89c15833c26724b263ebeff) with a listener, and pidfd_getfd took it",
      "measured_at": "2026-10-06T18:19:27Z",
      "mechanism": "seccomp-user-notification",
      "name": "seccomp_user_notification",
      "reason_code": "ok",
      "scope": "host",
      "status": "available"
    },
    {
      "evidence_ref": "an AF_UNIX sock_diag dump with UDIAG_SHOW_VFS completed",
      "measured_at": "2026-10-06T18:19:27Z",
      "mechanism": "netlink-sock-diag",
      "name": "unix_socket_diagnostics",
      "reason_code": "ok",
      "scope": "host",
      "status": "available"
    },
    {
      "evidence_ref": "through 127.0.0.1:3128: allowed destination 200 (1 origin connection(s)), denied destination 403 (0 connection(s) reached it); direct TCP egress ENETUNREACH; proxy results allow/relayed true, deny/host_not_allowed true",
      "measured_at": "2026-10-06T18:19:27Z",
      "mechanism": "outside-http-proxy+loopback-bridge",
      "name": "agent_proxy_bridge",
      "reason_code": "ok",
      "scope": "host",
      "status": "available"
    },
    {
      "evidence_ref": "a host socket in the workspace: connect EACCES (0 connection(s) reached it); an attempt-bound socket: connect ok",
      "measured_at": "2026-10-06T18:19:27Z",
      "mechanism": "seccomp-user-notification",
      "name": "agent_unix_peer_mediation",
      "reason_code": "ok",
      "scope": "host",
      "status": "available"
    },
    {
      "evidence_ref": "landlock:ok,seccomp:ok,write:EACCES,read:EACCES,mkdir:EPERM,remount:EPERM,umount:EPERM,setns:EPERM,unshare:EPERM,egress:ENETUNREACH; nested user namespace unavailable",
      "measured_at": "2026-10-06T18:19:27Z",
      "mechanism": "landlock+seccomp",
      "name": "agent_inner_sandbox",
      "reason_code": "ok",
      "scope": "host",
      "status": "available"
    }
  ],
  "component": "ouro-jail",
  "host": {
    "apparmor_enabled": true,
    "apparmor_userns_restriction": {
      "local_files": [
        "README"
      ],
      "profile_files": [
        "bwrap-userns-restrict",
        "glycin.bwrap",
        "lxc-usernsexec",
        "unprivileged_userns"
      ],
      "state": "on",
      "unpackaged_files": []
    },
    "cgroup": {
      "controllers": [
        "cpu",
        "memory",
        "pids"
      ],
      "delegated_root": "/sys/fs/cgroup/user.slice/user-1000.slice/user@1000.service",
      "root_controllers": [
        "cpuset",
        "cpu",
        "io",
        "memory",
        "hugetlb",
        "pids",
        "rdma",
        "misc",
        "dmem"
      ],
      "subtree_control": [
        "cpu",
        "memory",
        "pids"
      ]
    },
    "cpus_online": 4,
    "distribution": "Ubuntu 26.04.1 LTS",
    "kernel_release": "7.0.0-31-generic",
    "kernel_version": "#31-Ubuntu SMP PREEMPT_DYNAMIC Sat Aug  1 04:26:38 UTC 2026",
    "linger": true,
    "memory": {
      "mem_total_kib": 3905584,
      "swap_total_kib": 8388604
    },
    "operator_identity": "unprivileged",
    "privileged_groups": [],
    "sysctls": {
      "kernel.apparmor_restrict_unprivileged_userns": "1",
      "kernel.io_uring_disabled": "0",
      "kernel.perf_event_paranoid": "4",
      "kernel.unprivileged_bpf_disabled": "2",
      "kernel.yama.ptrace_scope": "1",
      "user.max_user_namespaces": "11829"
    },
    "systemd_version": "systemd 259 (259.5-0ubuntu3.4)",
    "virtualization": "kvm"
  },
  "launch": null,
  "platform": {
    "arch": "x86_64",
    "kernel": "Linux 7.0.0-31-generic",
    "os": "linux"
  },
  "ready": true,
  "requirements": [
    "tree_termination",
    "closed_set_observation",
    "filesystem_containment",
    "syscall_filter",
    "network_none",
    "protected_coverage:existing_and_root",
    "limit:wall"
  ],
  "schema": "ouro.jail.doctor/1",
  "supervisor_scope": {
    "cgroup": "/user.slice/user-1000.slice/user@1000.service/app.slice/run-p436883-i13015799.scope",
    "reason": null,
    "reason_code": null,
    "state": "already_delegated",
    "unit": null
  },
  "version": "0.1.0"
}
