Cargo.lock: OK
Cargo.toml: OK
crates/ouro-ledger/Cargo.toml: OK
crates/ouro-ledger/src/config.rs: OK
crates/ouro-ledger/src/daemon.rs: OK
crates/ouro-ledger/src/lib.rs: OK
crates/ouro-ledger/src/main.rs: OK
crates/ouro-ledger/src/manifest.rs: OK
crates/ouro-ledger/src/projection.rs: OK
crates/ouro-ledger/src/protocol.rs: OK
crates/ouro-ledger/src/reader.rs: OK
crates/ouro-ledger/src/runner.rs: OK
crates/ouro-ledger/src/segments.rs: OK
crates/ouro-ledger/src/service.rs: OK
crates/ouro-ledger/src/store.rs: OK
crates/ouro-ledger/src/store/capture_pruning.rs: OK
crates/ouro-ledger/src/store/pruning.rs: OK
crates/ouro-ledger/src/store/retention.rs: OK
crates/ouro-ledger/tests/cli_local.rs: OK
crates/ouro-ledger/tests/evidence_reader.rs: OK
crates/ouro-ledger/tests/launch_linux.rs: OK
crates/ouro-ledger/tests/storage_recovery.rs: OK
crates/ouro-records/Cargo.toml: OK
crates/ouro-records/src/canonical.rs: OK
crates/ouro-records/src/canonical/jcs.rs: OK
crates/ouro-records/src/lib.rs: OK
crates/ouro-records/src/records.rs: OK
crates/ouro-records/src/records/semantic.rs: OK
crates/ouro-records/src/retention.rs: OK
docs/specs/jail-v1/event.schema.json: OK
docs/specs/jail-v1/jail-control.schema.json: OK
docs/specs/jail-v1/jail-doctor.schema.json: OK
docs/specs/jail-v1/jail-event.schema.json: OK
docs/specs/jail-v1/jail-gate.schema.json: OK
docs/specs/jail-v1/jail-receipt.schema.json: OK
docs/specs/jail-v1/learned-policy.schema.json: OK
docs/specs/jail-v1/policy-snapshot.schema.json: OK
docs/specs/ledger-v1/capture-gc-anchor.schema.json: OK
docs/specs/ledger-v1/capture-gc-complete.schema.json: OK
docs/specs/ledger-v1/export.schema.json: OK
docs/specs/ledger-v1/gc-anchor.schema.json: OK
docs/specs/ledger-v1/gc-complete.schema.json: OK
docs/specs/ledger-v1/gc-plan.schema.json: OK
docs/specs/ledger-v1/gc-result.schema.json: OK
docs/specs/ledger-v1/read-request.schema.json: OK
docs/specs/ledger-v1/read.schema.json: OK
docs/specs/ledger-v1/record.schema.json: OK
docs/specs/ledger-v1/request.schema.json: OK
docs/specs/ledger-v1/run.schema.json: OK
docs/specs/ledger-v1/segments.schema.json: OK
docs/specs/ledger-v1/source.schema.json: OK
rust-toolchain.toml: OK
