    Checking cfg-if v1.0.5
    Checking libc v0.2.189
    Checking serde_core v1.0.229
    Checking memchr v2.8.3
    Checking num-traits v0.2.19
    Checking num-integer v0.1.47
    Checking serde v1.0.229
    Checking typenum v1.20.1
    Checking zmij v1.0.23
    Checking itoa v1.0.18
    Checking serde_json v1.0.151
    Checking generic-array v0.14.7
    Checking num-bigint v0.4.8
    Checking foldhash v0.2.0
    Checking allocator-api2 v0.2.21
    Checking utf8parse v0.2.2
    Checking regex-syntax v0.8.11
    Checking equivalent v1.0.2
    Checking once_cell v1.21.4
    Checking smallvec v1.16.1
    Checking hashbrown v0.17.1
    Checking num-rational v0.4.2
    Checking anstyle-parse v1.0.0
    Checking crypto-common v0.1.7
    Checking block-buffer v0.10.4
    Checking zerocopy v0.8.57
    Checking getrandom v0.3.4
    Checking num-iter v0.1.46
    Checking num-complex v0.4.6
    Checking aho-corasick v1.1.5
    Checking is_terminal_polyfill v1.70.2
    Checking anstyle-query v1.1.5
    Checking scopeguard v1.2.0
    Checking anstyle v1.0.14
    Checking colorchoice v1.0.5
    Checking anstream v1.0.0
    Checking lock_api v0.4.14
    Checking ref-cast v1.0.27
    Checking regex-automata v0.4.18
    Checking ahash v0.8.12
    Checking num v0.4.3
    Checking digest v0.10.7
    Checking parking_lot_core v0.9.12
    Checking clap_lex v1.1.1
    Checking bitflags v2.13.2
    Checking bit-vec v0.8.0
    Checking borrow-or-share v0.2.4
    Checking cpufeatures v0.2.17
    Checking strsim v0.11.1
    Checking sha2 v0.10.9
    Checking clap_builder v4.6.7
    Checking fluent-uri v0.4.1
    Checking bit-set v0.8.0
    Checking parking_lot v0.12.5
    Checking fraction v0.17.0
    Checking getrandom v0.4.3
    Checking vsimd v0.8.0
    Checking bytecount v0.6.9
    Checking outref v0.5.2
    Checking num-cmp v0.1.0
    Checking percent-encoding v2.3.2
    Checking micromap v0.3.0
    Checking jsonschema-value v0.57.0
    Checking referencing v0.57.0
    Checking uuid-simd v0.8.0
    Checking clap v4.6.7
    Checking libsqlite3-sys v0.38.2
    Checking strum v0.28.0
    Checking fancy-regex v0.19.2
    Checking unicode-general-category v1.1.0
    Checking regex v1.13.1
    Checking jsonschema-regex v0.57.0
    Checking hashlink v0.12.2
    Checking email_address v0.2.9
    Checking data-encoding v2.11.1
    Checking fallible-iterator v0.3.0
    Checking fallible-streaming-iterator v0.1.9
   Compiling rustix v1.1.5
    Checking base64 v0.22.1
    Checking ouro-records v0.1.0 (/home/ubuntu/ouro-ledger-rotation-20261005-r1/crates/ouro-records)
    Checking rusqlite v0.40.2
    Checking jsonschema v0.57.0
    Checking uuid v1.26.1
    Checking linux-raw-sys v0.12.1
    Checking fastrand v2.5.0
    Checking tempfile v3.27.0
    Checking ouro-fixture v0.1.0 (/home/ubuntu/ouro-ledger-rotation-20261005-r1/crates/ouro-fixture)
    Checking ouro-ledger v0.1.0 (/home/ubuntu/ouro-ledger-rotation-20261005-r1/crates/ouro-ledger)
    Finished `release` profile [optimized] target(s) in 21.04s
