   Compiling proc-macro2 v1.0.107
   Compiling quote v1.0.47
   Compiling unicode-ident v1.0.26
   Compiling version_check v0.9.5
   Compiling libc v0.2.189
   Compiling cfg-if v1.0.5
   Compiling syn v3.0.6
   Compiling generic-array v0.14.7
   Compiling serde_core v1.0.229
   Compiling serde v1.0.229
   Compiling serde_derive v1.0.229
   Compiling find-msvc-tools v0.1.14
   Compiling memchr v2.8.3
   Compiling shlex v2.0.1
   Compiling cc v1.5.1
   Compiling autocfg v1.5.1
   Compiling zmij v1.0.23
   Compiling num-traits v0.2.19
   Compiling serde_json v1.0.151
   Compiling typenum v1.20.1
   Compiling equivalent v1.0.2
   Compiling foldhash v0.2.0
   Compiling allocator-api2 v0.2.21
   Compiling heck v0.5.0
   Compiling itoa v1.0.18
   Compiling hashbrown v0.17.1
   Compiling utf8parse v0.2.2
   Compiling anstyle-parse v1.0.0
   Compiling block-buffer v0.10.4
   Compiling crypto-common v0.1.7
   Compiling colorchoice v1.0.5
   Compiling is_terminal_polyfill v1.70.2
   Compiling anstyle v1.0.14
   Compiling anstyle-query v1.1.5
   Compiling anstream v1.0.0
   Compiling digest v0.10.7
   Compiling num-integer v0.1.47
   Compiling once_cell v1.21.4
   Compiling strsim v0.11.1
   Compiling cpufeatures v0.2.17
   Compiling clap_lex v1.1.1
   Compiling clap_builder v4.6.7
   Compiling sha2 v0.10.9
   Compiling clap_derive v4.6.7
   Compiling ring v0.17.14
   Compiling getrandom v0.3.4
   Compiling zerocopy v0.8.57
   Compiling clap v4.6.7
   Compiling num-bigint v0.4.8
   Compiling ahash v0.8.12
   Compiling getrandom v0.4.3
   Compiling zeroize v1.9.0
   Compiling regex-syntax v0.8.11
   Compiling smallvec v1.16.1
   Compiling ref-cast v1.0.27
   Compiling parking_lot_core v0.9.12
   Compiling num-rational v0.4.2
   Compiling rustls-pki-types v1.15.1
   Compiling num-iter v0.1.46
   Compiling num-complex v0.4.6
   Compiling aho-corasick v1.1.5
   Compiling ref-cast-impl v1.0.27
   Compiling getrandom v0.2.17
   Compiling untrusted v0.9.0
   Compiling scopeguard v1.2.0
   Compiling pkg-config v0.3.34
   Compiling vcpkg v0.2.15
   Compiling libsqlite3-sys v0.38.2
   Compiling lock_api v0.4.14
   Compiling regex-automata v0.4.18
   Compiling num v0.4.3
   Compiling syn v2.0.119
   Compiling deranged v0.5.8
   Compiling unicode-general-category v1.1.0
   Compiling time-core v0.1.9
   Compiling base64 v0.22.1
   Compiling num-conv v0.2.2
   Compiling borrow-or-share v0.2.4
   Compiling powerfmt v0.2.0
   Compiling bit-vec v0.8.0
   Compiling bit-set v0.8.0
   Compiling time v0.3.55
   Compiling fluent-uri v0.4.1
   Compiling ouro-records v0.1.0 (/home/ubuntu/ouro-ledger-rotation-20261005-r1/crates/ouro-records)
   Compiling strum_macros v0.28.0
   Compiling parking_lot v0.12.5
   Compiling uuid v1.26.1
   Compiling fraction v0.17.0
   Compiling indexmap v2.14.2
   Compiling serde_spanned v0.6.9
   Compiling toml_datetime v0.6.11
   Compiling micromap v0.3.0
   Compiling winnow v0.7.15
   Compiling bytecount v0.6.9
   Compiling vsimd v0.8.0
   Compiling toml_write v0.1.2
   Compiling num-cmp v0.1.0
   Compiling rustls v0.23.45
   Compiling percent-encoding v2.3.2
   Compiling outref v0.5.2
   Compiling base64 v0.23.1
   Compiling pem v4.0.0
   Compiling uuid-simd v0.8.0
   Compiling referencing v0.57.0
   Compiling jsonschema-value v0.57.0
   Compiling toml_edit v0.22.27
   Compiling strum v0.28.0
   Compiling ouro-jail v0.1.0 (/home/ubuntu/ouro-ledger-rotation-20261005-r1/crates/ouro-jail)
   Compiling yasna v0.6.0
   Compiling fancy-regex v0.19.2
   Compiling regex v1.13.1
   Compiling rustls-webpki v0.103.15
   Compiling jsonschema-regex v0.57.0
   Compiling hashlink v0.12.2
   Compiling email_address v0.2.9
   Compiling bitflags v2.13.2
   Compiling subtle v2.6.1
   Compiling fallible-streaming-iterator v0.1.9
   Compiling data-encoding v2.11.1
   Compiling fallible-iterator v0.3.0
   Compiling jsonschema v0.57.0
   Compiling rusqlite v0.40.2
   Compiling rcgen v0.14.10
   Compiling toml v0.8.23
   Compiling webpki-roots v1.0.9
   Compiling ouro-fixture v0.1.0 (/home/ubuntu/ouro-ledger-rotation-20261005-r1/crates/ouro-fixture)
   Compiling ouro-ledger v0.1.0 (/home/ubuntu/ouro-ledger-rotation-20261005-r1/crates/ouro-ledger)
    Finished `release` profile [optimized] target(s) in 3m 48s
