   Compiling ouro-fixture v0.1.0 (/home/monocursive/ouro-ledger-pruning-20261005-pi-r1/crates/ouro-fixture)
    Finished `release` profile [optimized] target(s) in 49.75s
     Running unittests src/lib.rs (target/release/deps/ouro_fixture-eb205328f933b199)

running 109 tests
test bounded::tests::a_read_never_writes_past_the_buffer_it_was_given ... ok
test bounded::tests::a_read_with_nothing_to_read_stops_at_the_deadline ... ok
test bounded::tests::a_timeout_is_marked_as_the_fixtures_own ... ok
test bounded::tests::end_of_stream_is_zero_and_a_closed_descriptor_is_an_errno ... ok
test bounded::tests::the_preview_is_bounded ... ok
test cli::tests::a_script_step_parses_exactly_like_a_process_argv ... ok
test cli::tests::an_unknown_expectation_is_a_parse_error ... ok
test cli::tests::echo_args_keeps_hyphenated_and_metacharacter_arguments ... ok
test cli::tests::exec_argv_only_comes_after_a_double_dash ... ok
test cli::tests::mknod_defaults_to_mknodat_and_a_fifo ... ok
test cli::tests::octal_modes_parse_as_octal ... ok
test cli::tests::open_defaults_to_openat_and_expects_success ... ok
test cli::tests::report_fd_and_no_report_are_available_to_every_mode ... ok
test cli::tests::the_truncation_modes_take_a_signed_length ... ok
test errno::tests::aliases_resolve_to_the_first_listed_name ... ok
test errno::tests::round_trips_a_common_errno ... ok
test errno::tests::the_table_is_not_empty_and_is_sorted_for_messages ... ok
test errno::tests::unknown_names_and_values_stay_unknown ... ok
test harness::gate::tests::a_plan_that_binds_nothing_authorises_nothing ... ok
test harness::gate::tests::a_proposal_prefers_the_receipt_bindings_over_the_control_message ... ok
test harness::gate::tests::a_valid_frame_matches_the_specification_example ... ok
test harness::gate::tests::each_fault_variant_really_carries_its_fault ... ok
test harness::gate::tests::every_binding_mismatch_is_named_and_an_absent_one_is_not_silently_accepted ... ok
test harness::gate::tests::requirements_are_compared_as_a_set_and_an_absent_list_mismatches ... ok
test harness::http::tests::a_malformed_head_is_counted_and_answered_400 ... ok
test harness::http::tests::a_request_is_recorded_before_its_response_arrives ... ok
test harness::http::tests::request_heads_parse_strictly ... ok
test harness::http::tests::stopping_is_prompt_and_idempotent_with_drop ... ok
test harness::pipes::tests::a_drain_that_reaches_eof_is_complete ... ok
test harness::pipes::tests::a_drain_that_times_out_keeps_every_line_it_already_read ... ok
test harness::pipes::tests::an_empty_writer_close_reads_as_immediate_eof ... ok
test harness::pipes::tests::both_ends_of_a_new_pipe_are_close_on_exec ... ok
test harness::pipes::tests::targets_never_collide_with_a_source_or_with_stdio ... ok
test harness::pipes::tests::the_line_reader_splits_on_lf_and_reports_eof ... ok
test harness::pipes::tests::the_reader_times_out_rather_than_hanging ... ok
test harness::tempdir::tests::it_creates_a_private_directory_and_removes_it_on_drop ... ok
test harness::tempdir::tests::two_directories_never_collide ... ok
test harness::tests::a_consumer_that_closes_after_n_bytes_takes_exactly_those_bytes ... ok
test harness::tests::a_consumer_that_never_reads_still_reports_what_the_pipe_held_at_exit ... ok
test harness::tests::a_file_size_limit_makes_a_real_short_write_then_efbig ... ok
test harness::tests::a_partial_transcript_refuses_to_answer_questions_about_absence ... ok
test harness::tests::a_pretty_receipt_compacts_to_the_bytes_its_digest_is_over ... ok
test harness::tests::a_receipt_that_cannot_be_parsed_is_an_error_not_an_empty_list ... ok
test harness::tests::a_required_binary_that_is_absent_panics_whatever_the_tree_contains ... ok
test harness::tests::a_skip_is_a_failure_in_conformance_mode_and_a_note_otherwise ... ok
test harness::tests::a_slow_consumer_still_reads_to_eof ... ok
test harness::tests::a_spawned_program_starts_with_default_int_quit_and_hup ... ok
test harness::tests::a_torn_frame_followed_by_more_frames_still_invalidates_the_run ... ok
test harness::tests::an_override_must_point_at_something_executable ... ok
test harness::tests::conformance_mode_is_exactly_the_value_one ... ok
test harness::tests::j4_r03_a_torn_last_trace_line_is_reported_not_a_failed_run ... ok
test harness::tests::live_required_reads_that_rule_from_the_environment ... ok
test harness::tests::receipts_read_both_a_single_document_and_ndjson ... ok
test harness::tests::the_binary_search_never_leaves_the_profile_directory ... ok
test harness::tests::the_build_lock_is_released_when_dropped ... ok
test harness::tests::the_builder_gives_each_run_its_own_private_state ... ok
test harness::tests::the_fixture_binary_is_locatable_and_executable ... ok
test harness::tests::the_trace_guard_accepts_only_a_trace_ending_on_the_final_receipts_note ... ok
test harness::tests::two_worktrees_never_share_one_on_demand_build_directory ... ok
test harness::unix_probe::tests::a_connection_made_just_before_stop_is_never_lost ... ok
test harness::unix_probe::tests::a_connection_that_is_never_waited_for_is_still_counted ... ok
test harness::unix_probe::tests::a_path_that_does_not_fit_is_refused_before_any_socket ... ok
test harness::unix_probe::tests::an_untouched_probe_reports_zero ... ok
test harness::unix_probe::tests::seqpacket_is_linux_only ... ok
test net::tests::a_head_parses_status_and_framing ... ok
test net::tests::a_query_is_encoded_label_by_label ... ok
test net::tests::a_response_yields_its_header_and_a_records ... ok
test net::tests::hostile_responses_are_bounded_and_never_read_out_of_range ... ok
test net::tests::lowercase_wins_and_an_empty_value_is_unset ... ok
test net::tests::proxy_values_are_interpreted_without_being_echoed ... ok
test net::tests::urls_and_authorities_parse_strictly ... ok
test ops::j5e::tests::a_counter_is_one_decimal_value ... ok
test ops::j5e::tests::the_high_water_mark_is_read_in_kib_from_its_own_line ... ok
test ops::j5e::tests::the_workload_clock_moves_forward ... ok
test ops::tests::a_mknod_mode_carries_the_file_type_bits_with_the_permissions ... ok
test ops::tests::an_image_refuses_an_argument_with_an_interior_nul ... ok
test ops::tests::an_interior_nul_path_never_reaches_a_syscall ... ok
test ops::tests::legacy_variants_track_the_architecture ... ok
test ops::tests::mknodat_is_linux_only_while_truncation_is_portable ... ok
test ops::tests::signals_parse_by_name_number_and_sig_prefix ... ok
test ops::tests::the_byte_pattern_covers_every_byte_value ... ok
test ops::tests::unavailable_names_only_what_this_build_lacks ... ok
test raw::tests::a_trailing_nul_is_also_an_interior_nul_for_cstring ... ok
test raw::tests::an_interior_nul_path_is_refused_before_any_syscall ... ok
test raw::tests::mechanism_names_the_real_path_to_the_kernel ... ok
test raw::tests::ordinary_and_non_utf8_paths_convert ... ok
test report::tests::a_report_that_cannot_be_written_is_counted_not_ignored ... ok
test report::tests::a_success_reports_a_null_errno ... ok
test report::tests::an_unusable_line_satisfies_nothing_not_even_any ... ok
test report::tests::expectations_parse_and_reject ... ok
test report::tests::non_utf8_paths_carry_their_exact_bytes ... ok
test report::tests::ok_and_errno_expectations_discriminate ... ok
test report::tests::the_line_has_the_four_contract_keys_in_order ... ok
test sandbox::tests::a_foreign_architecture_or_an_x32_number_never_reaches_the_table ... ok
test sandbox::tests::syscall_names_resolve_dedupe_and_refuse ... ok
test sandbox::tests::the_arm64_table_matches_libc_for_every_named_syscall ... ok
test sandbox::tests::the_filter_denies_exactly_the_named_numbers_on_x86_64 ... ok
test sandbox::tests::the_landlock_attributes_have_the_kernels_layout ... ok
test sandbox::tests::the_largest_filter_keeps_every_jump_in_range ... ok
test sockaddr::tests::a_path_that_does_not_fit_is_refused_not_cut ... ok
test sockaddr::tests::an_abstract_name_is_length_delimited_and_bounded ... ok
test sockaddr::tests::an_empty_or_nul_bearing_path_is_refused ... ok
test sockaddr::tests::each_length_variant_passes_what_it_names ... ok
test sockaddr::tests::inet_addresses_carry_their_own_sizes ... ok
test sockaddr::tests::the_capacity_is_the_real_sun_path_size ... ok
test unix::tests::a_descriptor_crosses_a_socket_pair_and_keeps_its_kind ... ok
test unix::tests::a_message_without_descriptors_yields_none ... ok
test unix::tests::more_descriptors_than_fit_are_cut_by_the_kernel_not_written_past_the_buffer ... ok
test unix::tests::the_control_buffer_holds_the_descriptors_it_promises ... ok

test result: ok. 109 passed; 0 failed; 0 ignored; 0 measured; 0 filtered out; finished in 0.49s

