Linux ouro-k27-fresh 6.8.0-142-generic #142-Ubuntu SMP PREEMPT_DYNAMIC Wed Sep  2 14:24:27 UTC 2026 x86_64 x86_64 x86_64 GNU/Linux
PRETTY_NAME="Ubuntu 24.04.5 LTS"
NAME="Ubuntu"
VERSION_ID="24.04"
VERSION="24.04.5 LTS (Noble Numbat)"
VERSION_CODENAME=noble
ID=ubuntu
ID_LIKE=debian
HOME_URL="https://www.ubuntu.com/"
SUPPORT_URL="https://help.ubuntu.com/"
BUG_REPORT_URL="https://bugs.launchpad.net/ubuntu/"
PRIVACY_POLICY_URL="https://www.ubuntu.com/legal/terms-and-policies/privacy-policy"
UBUNTU_CODENAME=noble
LOGO=ubuntu-logo
qemu
uid=1000(ubuntu) gid=1000(ubuntu) groups=1000(ubuntu),27(sudo)
glibc 2.39
bubblewrap 0.9.0
minisign 0.11
1
11734
1
0::/user.slice/user-1000.slice/session-55.scope
451dec869e7c41a2963b3d9674ee5ee6
9ccf2e06-dd21-4fed-9504-024a1408d172
