ouro-jail 0.1.0
platform linux x86_64 (Linux 7.0.0-34-generic)
closed set linux-closed-v1
schema receipt ouro.jail.receipt/1
schema event ouro.event/1
schema policy ouro.jail.policy/1
schema policy_snapshot ouro.jail.policy-snapshot/1
schema policy_file ouro.jail.policy-file/1
schema gate ouro.jail.gate/1
schema control ouro.jail.control/1
schema network ouro.jail.network/1
schema learned_policy ouro.jail.learned-policy/1
schema doctor ouro.jail.doctor/1
schemas frozen (milestone 1)
build rustc 1.98.1 (48a229cea 2026-09-01)
build target x86_64-unknown-linux-gnu opt-level 3 debug-assertions false
build revision 06a48d5a2de89d5d0ebffa84a9561d034cdd8b5d dirty false
build inputs sha256:2989fb4983dedf8e8c4ea75744cce9eb8ac64c5dacf5985e366ce13a5279c225
Installed release 0.1.0-rc.1 in /home/ubuntu/onboarding-results/home/bin. Add that directory to PATH if needed.

Check host support: /home/ubuntu/onboarding-results/home/bin/ouro-jail doctor --profile tool
Add this directory to PATH: export PATH="/home/ubuntu/onboarding-results/home/bin:$PATH"
