ouro-suite-path=/usr/local/sbin:/usr/local/bin:/usr/sbin:/usr/bin:/sbin:/bin
ouro-suite-revision=63d3ede641b7e8c3fc920053da3ac1d698f6b2d1
ouro-suite-conformance=1
ouro-suite-dirty=true
SigIgn:	0000000000000000
   Compiling ouro-ledger v0.1.0 (/home/ubuntu/ouro-ledger-storage-20261004-r1/crates/ouro-ledger)
    Finished `release` profile [optimized] target(s) in 48.81s
     Running unittests src/lib.rs (target/release/deps/ouro_ledger-48a1432e3166efb5)

running 44 tests
test daemon::tests::forged_producer_role_attempt_and_peer_are_all_refused ... ok
test daemon::tests::frame_roundtrip_handles_interrupted_transport_without_accepting_partial_json ... ok
test daemon::tests::protocol_refuses_caller_claimed_roles_and_oversized_frames ... ok
test projection::tests::corrupt_or_missing_index_is_disposable_and_does_not_touch_canonical_bytes ... ok
test projection::tests::foreign_identity_schema_and_extra_triggers_are_discarded ... ok
test projection::tests::oversized_payload_rolls_back_rebuild_and_keeps_the_previous_projection ... ok
test projection::tests::rebuild_and_upsert_survive_reopen_with_truthful_labels_and_u64_sequence ... ok
test projection::tests::replacing_or_linking_an_open_index_prevents_further_updates ... ok
test projection::tests::replacing_the_root_and_growing_sidecars_prevents_updates ... ok
test projection::tests::unsafe_database_and_sidecars_are_refused_without_following_targets ... ok
test reader::tests::summaries_are_bounded_even_for_arbitrary_owner_coverage_and_keep_gaps_unknown ... ok
test reader::tests::time_filters_reject_invalid_dates_offsets_fractional_times_and_non_ascii ... ok
test runner::tests::capture_keeps_the_exact_short_write_count_before_disk_failure ... ok
test runner::tests::prepared_gate_compares_each_identity_and_receipt_digest ... ok
test store::tests::admission_cannot_change_reserved_policy_or_argv ... ok
test store::tests::admitted_exec_failure_settles_only_with_a_correlated_verified_empty_attempt ... ok
test store::tests::admitted_refusal_cannot_settle_with_unproved_tree_policy_mismatch_or_source_loss ... ok
test store::tests::detached_request_lifetime_is_validated_and_cannot_rebind_a_request ... ok
test store::tests::different_payload_cannot_rebind_prepare_or_effect_identity ... ok
test store::tests::every_persistence_failure_stops_acknowledgements_until_recovery ... ok
test store::tests::flattened_source_is_the_original_frozen_envelope_plus_writer_fields ... ok
test store::tests::full_length_request_id_prepares_replays_and_recovers_without_ambiguous_state ... ok
test store::tests::index_failure_after_acknowledgement_does_not_poison_or_reexecute ... ok
test store::tests::interrupted_write_is_retained_poisoned_and_never_truncated_on_recovery ... ok
test store::tests::lifetime_lock_refuses_a_second_writer ... ok
test store::tests::lost_replies_replay_same_run_and_exact_receipt_after_recovery ... ok
test store::tests::none_verify_retains_unprotected_even_if_receipt_claims_enforced ... ok
test store::tests::owner_death_records_unknown_without_restart_or_tree_claim ... ok
test store::tests::reader_cursor_cannot_change_scope_and_survives_restart ... ok
test store::tests::reader_filters_original_source_operations_stage_and_writer_time ... ok
test store::tests::reader_large_utf8_records_are_fully_verified_before_chunks_and_query_block_replays ... ok
test store::tests::reader_new_page_refuses_truncation_of_a_previously_verified_cached_large_frame ... ok
test store::tests::reader_refuses_filtered_corruption_and_reports_extra_tails_without_mutation ... ok
test store::tests::reader_snapshot_export_is_exact_bounded_and_retries_the_identical_prior_page ... ok
test store::tests::recovery_rechecks_admission_bindings_even_with_a_recomputed_local_chain ... ok
test store::tests::recovery_sync_failure_cannot_publish_or_acknowledge_an_unflushed_tail ... ok
test store::tests::refused_receipt_requires_the_same_attempt_and_final_source_note ... ok
test store::tests::settlement_requires_matching_final_receipt_and_trace_and_closes_observations ... ok
test store::tests::source_exec_outcomes_do_not_become_the_run_outcome_on_ingress_or_recovery ... ok
test store::tests::source_replay_and_gap_are_preserved_when_projection_is_updated ... ok
test store::tests::strict_transport_gap_and_private_metadata_refuse_without_an_ack ... ok
test store::tests::unresolved_run_keeps_a_proven_child_exit_separate_from_unknown_outcome ... ok
test store::tests::unsafe_store_paths_and_oversized_events_are_refused ... ok
test store::tests::verification_detects_projection_drift_and_recovery_rebuilds_it ... ok

test result: ok. 44 passed; 0 failed; 0 ignored; 0 measured; 0 filtered out; finished in 0.44s

     Running unittests src/main.rs (target/release/deps/ouro_ledger-55b0a81f437a9829)

running 0 tests

test result: ok. 0 passed; 0 failed; 0 ignored; 0 measured; 0 filtered out; finished in 0.00s

     Running tests/cli_local.rs (target/release/deps/cli_local-80669d11f0ba7a94)

running 3 tests
test doctor_does_not_start_a_session_writer ... ok
test preparation_replay_and_inspection_survive_writer_restart ... ok
test prepare_cli_refuses_raw_metadata_without_persisting_it ... ok

test result: ok. 3 passed; 0 failed; 0 ignored; 0 measured; 0 filtered out; finished in 0.28s

     Running tests/evidence_reader.rs (target/release/deps/evidence_reader-7af390e4b3f9f157)

running 9 tests
test closed_export_sink_exits_nonzero_without_finished_success ... ok
test daemon_restart_preserves_query_progress_and_rejects_forged_or_corrupt_cursors ... ok
test daemon_restart_refuses_public_symlinked_and_hardlinked_checkpoint_files ... ok
test dropped_socket_reply_replays_the_checkpointed_page_after_restart ... ok
test durable_session_capacity_and_expiry_survive_daemon_restart ... ok
test export_keeps_large_canonical_record_bytes_out_of_status_metadata ... ok
test incomplete_history_exports_only_verified_prefix_and_exits_nonzero ... ok
test live_writer_detects_unexpected_tail_before_export ... ok
test query_filters_paginate_exact_attribution_and_refuse_cursor_rebinding ... ok

test result: ok. 9 passed; 0 failed; 0 ignored; 0 measured; 0 filtered out; finished in 1.30s

     Running tests/launch_linux.rs (target/release/deps/launch_linux-5598e6079ce8f285)

running 15 tests
test an_unread_foreground_capture_sink_cannot_hold_the_launch_owner_forever ... ok
test contained_child_cannot_read_or_mutate_the_ledger_or_connect_to_its_writer ... ok
test detached_cancel_requests_stop_then_waits_for_verified_settlement ... ok
test detached_lost_client_output_does_not_cancel_or_duplicate_the_attempt ... ok
test detached_mode_refuses_a_session_bound_existing_writer ... ok
test detached_owner_death_stops_tree_and_replay_preserves_unknown ... ok
test detached_submitter_exit_preserves_owner_output_and_one_execution ... ok
test detached_writer_death_fails_closed_without_starting_a_session_writer ... ok
test durable_admission_precedes_real_exec_and_replay_never_executes_twice ... ok
test explicit_none_profile_remains_unprotected_after_real_launch_and_verification ... FAILED
test failed_exec_retains_corroborated_error_without_a_second_attempt ... ok
test invalid_inherited_stdout_is_denied_before_admission_and_never_executes ... ok
test opted_capture_stops_storing_at_the_cap_and_keeps_draining_the_real_child ... ok
test owner_death_is_reconciled_as_unknown_and_never_relaunched ... ok
test writer_death_stops_the_owner_and_recovery_remains_unknown ... ok

failures:

---- explicit_none_profile_remains_unprotected_after_real_launch_and_verification stdout ----

thread 'explicit_none_profile_remains_unprotected_after_real_launch_and_verification' (3148828) panicked at crates/ouro-ledger/tests/launch_linux.rs:235:13:
run did not return a record (EOF while parsing a value at line 1 column 0): status exit status: 1 stderr ouro-ledger: No such file or directory (os error 2)

note: run with `RUST_BACKTRACE=1` environment variable to display a backtrace


failures:
    explicit_none_profile_remains_unprotected_after_real_launch_and_verification

test result: FAILED. 14 passed; 1 failed; 0 ignored; 0 measured; 0 filtered out; finished in 8.82s

error: test failed, to rerun pass `-p ouro-ledger --test launch_linux`
     Running tests/storage_recovery.rs (target/release/deps/storage_recovery-5cb210b56df7bb82)

running 9 tests
test complete_unacknowledged_tail_promotes_manifest_and_replays_original_receipt ... ok
test disposable_projections_rebuild_without_rebinding_owner_requests_or_effects ... ok
test durable_cursor_refuses_changed_checkpoint_and_replaced_canonical_inode ... ok
test durable_cursor_retry_keeps_original_page_and_snapshot_after_restart_and_append ... ok
test incomplete_tail_is_retained_and_does_not_rewrite_committed_manifest ... ok
test legacy_stream_without_manifest_migrates_without_duplicating_history ... ok
test poisoned_durable_snapshot_cannot_resume_with_clean_consistency_labels ... ok
test recomputing_a_valid_local_chain_cannot_override_durable_manifest_history ... ok
test valid_prefix_truncation_below_manifest_refuses_replay_and_new_preparations ... ok

test result: ok. 9 passed; 0 failed; 0 ignored; 0 measured; 0 filtered out; finished in 0.12s

   Doc-tests ouro_ledger

running 0 tests

test result: ok. 0 passed; 0 failed; 0 ignored; 0 measured; 0 filtered out; finished in 0.00s

error: 1 target failed:
    `-p ouro-ledger --test launch_linux`
