   Compiling proc-macro2 v1.0.107
   Compiling unicode-ident v1.0.26
   Compiling quote v1.0.47
   Compiling libc v0.2.189
   Compiling cfg-if v1.0.5
   Compiling version_check v0.9.5
   Compiling serde_core v1.0.229
   Compiling serde v1.0.229
   Compiling memchr v2.8.3
   Compiling typenum v1.20.1
   Compiling zmij v1.0.23
   Compiling serde_json v1.0.151
   Compiling generic-array v0.14.7
   Compiling itoa v1.0.18
   Compiling heck v0.5.0
   Compiling utf8parse v0.2.2
   Compiling anstyle-parse v1.0.0
   Compiling colorchoice v1.0.5
   Compiling once_cell v1.21.4
   Compiling is_terminal_polyfill v1.70.2
   Compiling anstyle-query v1.1.5
   Compiling anstyle v1.0.14
   Compiling clap_lex v1.1.1
   Compiling anstream v1.0.0
   Compiling strsim v0.11.1
   Compiling clap_builder v4.6.7
   Compiling getrandom v0.4.3
   Compiling find-msvc-tools v0.1.14
   Compiling shlex v2.0.1
   Compiling bitflags v2.13.2
   Compiling rustix v1.1.5
   Compiling cc v1.5.1
   Compiling autocfg v1.5.1
   Compiling foldhash v0.2.0
   Compiling equivalent v1.0.2
   Compiling fastrand v2.5.0
   Compiling allocator-api2 v0.2.21
   Compiling base64 v0.22.1
   Compiling cpufeatures v0.2.17
   Compiling errno v0.3.14
   Compiling num-traits v0.2.19
   Compiling syn v3.0.6
   Compiling hashbrown v0.17.1
   Compiling zerocopy v0.8.57
   Compiling getrandom v0.3.4
   Compiling crypto-common v0.1.7
   Compiling block-buffer v0.10.4
   Compiling ahash v0.8.12
   Compiling digest v0.10.7
   Compiling sha2 v0.10.9
   Compiling parking_lot_core v0.9.12
   Compiling smallvec v1.16.1
   Compiling regex-syntax v0.8.11
   Compiling ref-cast v1.0.27
   Compiling aho-corasick v1.1.5
   Compiling scopeguard v1.2.0
   Compiling lock_api v0.4.14
   Compiling tempfile v3.27.0
   Compiling num-integer v0.1.47
   Compiling num-complex v0.4.6
   Compiling syn v2.0.119
   Compiling uuid v1.26.1
   Compiling num-bigint v0.4.8
   Compiling num-iter v0.1.46
   Compiling borrow-or-share v0.2.4
   Compiling unicode-general-category v1.1.0
   Compiling bit-vec v0.8.0
   Compiling parking_lot v0.12.5
   Compiling bit-set v0.8.0
   Compiling regex-automata v0.4.18
   Compiling micromap v0.3.0
   Compiling bytecount v0.6.9
   Compiling num-cmp v0.1.0
   Compiling vsimd v0.8.0
   Compiling percent-encoding v2.3.2
   Compiling num-rational v0.4.2
   Compiling outref v0.5.2
   Compiling jsonschema-regex v0.57.0
   Compiling uuid-simd v0.8.0
   Compiling data-encoding v2.11.1
   Compiling ring v0.17.14
   Compiling num v0.4.3
   Compiling fraction v0.17.0
   Compiling zeroize v1.9.0
   Compiling rustls-pki-types v1.15.1
   Compiling strum_macros v0.28.0
   Compiling serde_derive v1.0.229
   Compiling clap_derive v4.6.7
   Compiling ref-cast-impl v1.0.27
   Compiling getrandom v0.2.17
   Compiling untrusted v0.9.0
   Compiling deranged v0.5.8
   Compiling powerfmt v0.2.0
   Compiling num-conv v0.2.2
   Compiling time-core v0.1.9
   Compiling indexmap v2.14.2
   Compiling regex v1.13.1
   Compiling fancy-regex v0.19.2
   Compiling toml_write v0.1.2
   Compiling time v0.3.55
   Compiling rustls v0.23.45
   Compiling winnow v0.7.15
   Compiling base64 v0.23.1
   Compiling ouro-jail v0.1.0 (/Users/monocursive/ouro-ledger-storage-20261004/crates/ouro-jail)
   Compiling clap v4.6.7
   Compiling pem v4.0.0
   Compiling strum v0.28.0
   Compiling yasna v0.6.0
   Compiling subtle v2.6.1
   Compiling webpki-roots v1.0.9
   Compiling vcpkg v0.2.15
   Compiling pkg-config v0.3.34
   Compiling hashlink v0.12.2
   Compiling fallible-iterator v0.3.0
   Compiling fallible-streaming-iterator v0.1.9
   Compiling libsqlite3-sys v0.38.2
   Compiling ouro-fixture v0.1.0 (/Users/monocursive/ouro-ledger-storage-20261004/crates/ouro-fixture)
   Compiling ouro-records v0.1.0 (/Users/monocursive/ouro-ledger-storage-20261004/crates/ouro-records)
   Compiling fluent-uri v0.4.1
   Compiling email_address v0.2.9
   Compiling toml_datetime v0.6.11
   Compiling serde_spanned v0.6.9
   Compiling jsonschema-value v0.57.0
   Compiling toml_edit v0.22.27
   Compiling referencing v0.57.0
   Compiling jsonschema v0.57.0
   Compiling toml v0.8.23
   Compiling rustls-webpki v0.103.15
   Compiling rcgen v0.14.10
   Compiling rusqlite v0.40.2
   Compiling ouro-ledger v0.1.0 (/Users/monocursive/ouro-ledger-storage-20261004/crates/ouro-ledger)
   Compiling xtask v0.1.0 (/Users/monocursive/ouro-ledger-storage-20261004/crates/xtask)
    Finished `test` profile [unoptimized] target(s) in 21.33s
     Running unittests src/lib.rs (target/debug/deps/ouro_fixture-4c379a1abeb84fd4)

running 107 tests
test bounded::tests::a_read_never_writes_past_the_buffer_it_was_given ... ok
test bounded::tests::a_read_with_nothing_to_read_stops_at_the_deadline ... ok
test bounded::tests::a_timeout_is_marked_as_the_fixtures_own ... ok
test bounded::tests::end_of_stream_is_zero_and_a_closed_descriptor_is_an_errno ... ok
test bounded::tests::the_preview_is_bounded ... ok
test cli::tests::a_script_step_parses_exactly_like_a_process_argv ... ok
test cli::tests::an_unknown_expectation_is_a_parse_error ... ok
test cli::tests::echo_args_keeps_hyphenated_and_metacharacter_arguments ... ok
test cli::tests::exec_argv_only_comes_after_a_double_dash ... ok
test cli::tests::mknod_defaults_to_mknodat_and_a_fifo ... ok
test cli::tests::octal_modes_parse_as_octal ... ok
test cli::tests::open_defaults_to_openat_and_expects_success ... ok
test cli::tests::report_fd_and_no_report_are_available_to_every_mode ... ok
test cli::tests::the_truncation_modes_take_a_signed_length ... ok
test errno::tests::aliases_resolve_to_the_first_listed_name ... ok
test errno::tests::round_trips_a_common_errno ... ok
test errno::tests::the_table_is_not_empty_and_is_sorted_for_messages ... ok
test errno::tests::unknown_names_and_values_stay_unknown ... ok
test harness::gate::tests::a_plan_that_binds_nothing_authorises_nothing ... ok
test harness::gate::tests::a_proposal_prefers_the_receipt_bindings_over_the_control_message ... ok
test harness::gate::tests::a_valid_frame_matches_the_specification_example ... ok
test harness::gate::tests::each_fault_variant_really_carries_its_fault ... ok
test harness::gate::tests::every_binding_mismatch_is_named_and_an_absent_one_is_not_silently_accepted ... ok
test harness::gate::tests::requirements_are_compared_as_a_set_and_an_absent_list_mismatches ... ok
test harness::http::tests::a_malformed_head_is_counted_and_answered_400 ... ok
test harness::http::tests::a_request_is_recorded_before_its_response_arrives ... ok
test harness::http::tests::request_heads_parse_strictly ... ok
test harness::http::tests::stopping_is_prompt_and_idempotent_with_drop ... ok
test harness::pipes::tests::a_drain_that_reaches_eof_is_complete ... ok
test harness::pipes::tests::a_drain_that_times_out_keeps_every_line_it_already_read ... ok
test harness::pipes::tests::an_empty_writer_close_reads_as_immediate_eof ... ok
test harness::pipes::tests::both_ends_of_a_new_pipe_are_close_on_exec ... ok
test harness::pipes::tests::targets_never_collide_with_a_source_or_with_stdio ... ok
test harness::pipes::tests::the_line_reader_splits_on_lf_and_reports_eof ... ok
test harness::pipes::tests::the_reader_times_out_rather_than_hanging ... ok
test harness::tempdir::tests::it_creates_a_private_directory_and_removes_it_on_drop ... ok
test harness::tempdir::tests::two_directories_never_collide ... ok
test harness::tests::a_consumer_that_closes_after_n_bytes_takes_exactly_those_bytes ... ok
test harness::tests::a_consumer_that_never_reads_still_reports_what_the_pipe_held_at_exit ... ok
test harness::tests::a_file_size_limit_makes_a_real_short_write_then_efbig ... ok
test harness::tests::a_partial_transcript_refuses_to_answer_questions_about_absence ... ok
test harness::tests::a_pretty_receipt_compacts_to_the_bytes_its_digest_is_over ... ok
test harness::tests::a_receipt_that_cannot_be_parsed_is_an_error_not_an_empty_list ... ok
test harness::tests::a_required_binary_that_is_absent_panics_whatever_the_tree_contains ... ok
test harness::tests::a_skip_is_a_failure_in_conformance_mode_and_a_note_otherwise ... ok
test harness::tests::a_slow_consumer_still_reads_to_eof ... ok
test harness::tests::a_torn_frame_followed_by_more_frames_still_invalidates_the_run ... ok
test harness::tests::an_override_must_point_at_something_executable ... ok
test harness::tests::conformance_mode_is_exactly_the_value_one ... ok
test harness::tests::j4_r03_a_torn_last_trace_line_is_reported_not_a_failed_run ... ok
test harness::tests::live_required_reads_that_rule_from_the_environment ... ok
test harness::tests::receipts_read_both_a_single_document_and_ndjson ... ok
test harness::tests::the_binary_search_never_leaves_the_profile_directory ... ok
test harness::tests::the_build_lock_is_released_when_dropped ... ok
test harness::tests::the_builder_gives_each_run_its_own_private_state ... ok
test harness::tests::the_fixture_binary_is_locatable_and_executable ... ok
test harness::tests::the_trace_guard_accepts_only_a_trace_ending_on_the_final_receipts_note ... ok
test harness::tests::two_worktrees_never_share_one_on_demand_build_directory ... ok
test harness::unix_probe::tests::a_connection_made_just_before_stop_is_never_lost ... ok
test harness::unix_probe::tests::a_connection_that_is_never_waited_for_is_still_counted ... ok
test harness::unix_probe::tests::a_path_that_does_not_fit_is_refused_before_any_socket ... ok
test harness::unix_probe::tests::an_untouched_probe_reports_zero ... ok
test harness::unix_probe::tests::seqpacket_is_linux_only ... ok
test net::tests::a_head_parses_status_and_framing ... ok
test net::tests::a_query_is_encoded_label_by_label ... ok
test net::tests::a_response_yields_its_header_and_a_records ... ok
test net::tests::hostile_responses_are_bounded_and_never_read_out_of_range ... ok
test net::tests::lowercase_wins_and_an_empty_value_is_unset ... ok
test net::tests::proxy_values_are_interpreted_without_being_echoed ... ok
test net::tests::urls_and_authorities_parse_strictly ... ok
test ops::j5e::tests::a_counter_is_one_decimal_value ... ok
test ops::j5e::tests::the_high_water_mark_is_read_in_kib_from_its_own_line ... ok
test ops::j5e::tests::the_workload_clock_moves_forward ... ok
test ops::tests::a_mknod_mode_carries_the_file_type_bits_with_the_permissions ... ok
test ops::tests::an_image_refuses_an_argument_with_an_interior_nul ... ok
test ops::tests::an_interior_nul_path_never_reaches_a_syscall ... ok
test ops::tests::legacy_variants_track_the_architecture ... ok
test ops::tests::mknodat_is_linux_only_while_truncation_is_portable ... ok
test ops::tests::signals_parse_by_name_number_and_sig_prefix ... ok
test ops::tests::the_byte_pattern_covers_every_byte_value ... ok
test ops::tests::unavailable_names_only_what_this_build_lacks ... ok
test raw::tests::a_trailing_nul_is_also_an_interior_nul_for_cstring ... ok
test raw::tests::an_interior_nul_path_is_refused_before_any_syscall ... ok
test raw::tests::mechanism_names_the_real_path_to_the_kernel ... ok
test raw::tests::ordinary_and_non_utf8_paths_convert ... ok
test report::tests::a_report_that_cannot_be_written_is_counted_not_ignored ... ok
test report::tests::a_success_reports_a_null_errno ... ok
test report::tests::an_unusable_line_satisfies_nothing_not_even_any ... ok
test report::tests::expectations_parse_and_reject ... ok
test report::tests::non_utf8_paths_carry_their_exact_bytes ... ok
test report::tests::ok_and_errno_expectations_discriminate ... ok
test report::tests::the_line_has_the_four_contract_keys_in_order ... ok
test sandbox::tests::a_foreign_architecture_or_an_x32_number_never_reaches_the_table ... ok
test sandbox::tests::syscall_names_resolve_dedupe_and_refuse ... ok
test sandbox::tests::the_filter_denies_exactly_the_named_numbers_on_x86_64 ... ok
test sandbox::tests::the_landlock_attributes_have_the_kernels_layout ... ok
test sandbox::tests::the_largest_filter_keeps_every_jump_in_range ... ok
test sockaddr::tests::a_path_that_does_not_fit_is_refused_not_cut ... ok
test sockaddr::tests::an_abstract_name_is_length_delimited_and_bounded ... ok
test sockaddr::tests::an_empty_or_nul_bearing_path_is_refused ... ok
test sockaddr::tests::each_length_variant_passes_what_it_names ... ok
test sockaddr::tests::inet_addresses_carry_their_own_sizes ... ok
test sockaddr::tests::the_capacity_is_the_real_sun_path_size ... ok
test unix::tests::a_descriptor_crosses_a_socket_pair_and_keeps_its_kind ... ok
test unix::tests::a_message_without_descriptors_yields_none ... ok
test unix::tests::more_descriptors_than_fit_are_cut_by_the_kernel_not_written_past_the_buffer ... ok
test unix::tests::the_control_buffer_holds_the_descriptors_it_promises ... ok

test result: ok. 107 passed; 0 failed; 0 ignored; 0 measured; 0 filtered out; finished in 0.56s

     Running unittests src/main.rs (target/debug/deps/ouro_fixture-2b11333af5691787)

running 0 tests

test result: ok. 0 passed; 0 failed; 0 ignored; 0 measured; 0 filtered out; finished in 0.00s

     Running unittests src/bin/stand-in-jail.rs (target/debug/deps/stand_in_jail-db1ba366089b7645)

running 0 tests

test result: ok. 0 passed; 0 failed; 0 ignored; 0 measured; 0 filtered out; finished in 0.00s

     Running tests/fixture_modes.rs (target/debug/deps/fixture_modes-72ebf084cddf1943)

running 38 tests
test a_background_descendant_outlives_the_parent_and_the_parent_exits_zero ... ok
test a_malformed_script_is_a_usage_error ... ok
test a_missing_executable_is_reported_as_enoent_not_as_a_crash ... ok
test a_non_utf8_path_and_argument_survive_a_real_process ... ok
test a_path_with_an_interior_nul_is_refused_before_the_syscall ... ok
test a_script_accepts_the_node_and_truncation_modes_too ... ok
test a_script_cannot_report_success_over_an_earlier_failure ... ok
test a_script_refuses_a_terminating_step_that_is_not_last ... ok
test a_script_runs_every_step_in_one_process_and_reports_each ... ok
test a_thread_starts_and_joins ... ok
test an_expected_errno_succeeds_and_an_unexpected_one_fails ... ok
test an_unknown_errno_name_is_a_usage_error_before_anything_runs ... ok
test connect_reports_a_real_result_and_refuses_a_name ... ok
test echo_args_reproduces_hostile_arguments_byte_for_byte ... ok
test env_reports_names_only_and_never_a_value ... ok
test exec_forks_execs_and_reports_both_the_exec_and_the_child_status ... ok
test exec_hands_the_target_no_private_descriptor_and_does_not_wait_for_descendants ... ok
test exec_replace_leaves_no_line_on_success_and_one_on_failure ... ok
test execveat_works_on_linux_and_reports_unsupported_elsewhere ... ok
test exit_and_raise_produce_the_status_they_report ... ok
test fds_reports_kinds_without_paths ... ok
test fds_sees_a_descriptor_far_above_any_probe_bound ... ok
test fork_storm_forks_and_reaps_exactly_what_it_reports ... ok
test ftruncate_reports_the_open_that_named_the_path_and_then_a_descriptor_only_call ... ok
test mkdir_and_rmdir_work_through_their_variants ... ok
test mknod_creates_the_node_kind_it_names ... ok
test mknod_reports_the_kernels_refusal_rather_than_pre_judging_it ... ok
test one_failed_step_fails_the_whole_script_without_stopping_it ... ok
test open_creates_a_file_through_every_variant_this_platform_has ... ok
test openat2_works_on_linux_and_reports_unsupported_elsewhere ... ok
test rename_unlink_link_and_symlink_change_the_filesystem_as_reported ... ok
test renameat2_works_on_linux_and_reports_unsupported_elsewhere ... ok
test sleep_spin_and_ignore_term_report_before_they_block ... ok
test status_reads_proc_on_linux_and_reports_unsupported_elsewhere ... ok
test the_byte_streams_are_exact_and_carry_no_report_line ... ok
test the_report_can_be_moved_off_stdout_by_descriptor ... ok
test truncate_sets_the_length_by_path ... ok
test write_mmap_writes_through_the_descriptor_and_the_mapping ... ok

test result: ok. 38 passed; 0 failed; 0 ignored; 0 measured; 0 filtered out; finished in 0.55s

     Running tests/harness_gate.rs (target/debug/deps/harness_gate-67921680574494b8)

running 14 tests
test a_descriptor_inherited_from_the_environment_does_not_reach_the_target ... ok
test a_run_that_fails_to_start_is_an_error_not_a_pass ... ok
test a_run_without_channels_still_works_and_keeps_its_state_private ... ok
test a_valid_release_runs_the_target_exactly_once ... ok
test a_withheld_gate_refuses_and_the_target_never_runs ... ok
test every_malformed_release_refuses_and_leaves_no_marker ... ok
test malformed_json_invalidates_control_and_trace_transcripts ... ok
test the_builder_gives_the_jail_the_environment_and_target_argv_it_was_given ... ok
test the_harness_closes_a_gate_the_test_forgot_and_says_so ... ok
test the_owner_withholds_when_a_binding_does_not_match_its_plan ... ok
test the_run_exposes_the_receipt_the_trace_and_the_private_state ... ok
test the_target_inherits_only_stdio_and_no_channel_descriptor ... ok
test wait_drains_a_trace_larger_than_pipe_capacity_before_exit ... ok
test wait_enforces_a_deadline_even_when_the_child_never_exits ... ok

test result: ok. 14 passed; 0 failed; 0 ignored; 0 measured; 0 filtered out; finished in 0.92s

     Running tests/net_modes.rs (target/debug/deps/net_modes-c0cbad4a93ded355)

running 18 tests
test a_denied_connect_is_a_response_with_no_tunnel ... ok
test a_refused_connection_carries_its_errno_to_the_summary ... ok
test an_unusable_proxy_variable_is_refused_never_bypassed_or_printed ... ok
test dns_query_reads_the_answer_from_the_named_resolver ... ok
test dns_query_reports_a_malformed_answer_as_no_result ... ok
test dns_query_skips_a_forged_id_and_reports_nxdomain ... ok
test dns_query_without_an_answer_stops_at_its_deadline ... ok
test hostile_servers_are_bounded ... ok
test http_connect_opens_a_tunnel_and_carries_a_request_through_it ... ok
test http_connect_without_a_proxy_variable_refuses ... ok
test http_get_directly_sends_origin_form_and_counts_the_body ... ok
test http_get_refuses_what_it_cannot_do_honestly ... ok
test http_get_through_the_proxy_sends_absolute_form_and_never_resolves_the_name ... ok
test no_proxy_goes_direct_even_with_a_variable_set ... ok
test the_lowercase_variable_wins_and_an_empty_one_counts_as_unset ... ok
test udp_sendto_delivers_exactly_the_bytes_it_reports ... ok
test udp_sendto_over_ipv6_reaches_the_peer ... ok
test udp_sendto_reports_the_kernels_refusal_and_refuses_names ... ok

test result: ok. 18 passed; 0 failed; 0 ignored; 0 measured; 0 filtered out; finished in 1.03s

     Running tests/perf_modes.rs (target/debug/deps/perf_modes-3a2bd614bed4519d)

running 14 tests
test fileops_counts_a_failure_and_exits_3 ... ok
test fileops_performs_every_round_and_leaves_nothing_behind ... ok
test perf_launch_brackets_the_command_on_the_clock_the_workload_reads ... ok
test perf_launch_finds_the_leaf_from_the_receipt_and_harvests_the_attempt ... ok
test perf_launch_reads_the_clock_before_fork_and_again_after_exec ... ok
test perf_launch_reports_an_exec_failure_as_data ... ok
test perf_launch_samples_the_launched_process_while_it_runs ... ok
test perf_launch_says_when_a_trace_does_not_end_on_its_receipt ... ok
test perf_launch_with_sampling_off_takes_no_sample ... ok
test spawn_tree_counts_children_that_fail_or_cannot_exec ... ok
test spawn_tree_runs_every_child_to_completion ... ok
test spawn_tree_zero_is_the_no_op_workload ... ok
test the_start_line_precedes_the_work ... ok
test the_workloads_refuse_an_interior_nul_before_any_work ... ok

test result: ok. 14 passed; 0 failed; 0 ignored; 0 measured; 0 filtered out; finished in 0.54s

     Running tests/sandbox_exec.rs (target/debug/deps/sandbox_exec-457a56372a9628a3)

running 2 tests
test an_unknown_syscall_name_is_a_usage_error_before_anything_runs ... ok
test sandbox_exec_is_unsupported_here_and_runs_nothing ... ok

test result: ok. 2 passed; 0 failed; 0 ignored; 0 measured; 0 filtered out; finished in 0.02s

     Running tests/syscall_identity_linux.rs (target/debug/deps/syscall_identity_linux-d3529ddc1512a3a0)

running 0 tests

test result: ok. 0 passed; 0 failed; 0 ignored; 0 measured; 0 filtered out; finished in 0.00s

     Running tests/unix_modes.rs (target/debug/deps/unix_modes-89b2662054bb0445)

running 20 tests
test a_bind_expected_to_fail_stops_there ... ok
test a_directory_descriptor_crosses_too ... ok
test a_file_descriptor_crosses_between_two_fixture_processes ... ok
test a_listener_nobody_calls_stops_at_its_deadline ... ok
test a_listener_starts_its_client_only_once_it_listens ... ok
test a_message_without_a_descriptor_fails_scm_recv ... ok
test a_missing_socket_is_the_kernels_enoent ... ok
test a_seqpacket_round_trip_works_on_linux_and_is_unsupported_elsewhere ... ok
test a_spawned_client_inherits_no_socket_of_the_listener ... ok
test a_spawned_client_that_never_finishes_is_killed_at_the_deadline ... ok
test a_stream_listener_and_client_round_trip ... ok
test an_address_that_does_not_fit_is_refused_before_any_socket_exists ... ok
test an_exchange_with_a_probe_ends_at_eof_not_at_a_hang ... ok
test an_interior_nul_in_a_script_path_is_refused ... ok
test datagram_sockets_and_pairs_are_created_outside_any_filter ... ok
test every_address_length_variant_reaches_the_same_listener ... ok
test scm_recv_can_start_the_sender_itself ... ok
test scm_send_to_nothing_stops_at_the_connect ... ok
test the_abstract_namespace_works_on_linux_and_is_unsupported_elsewhere ... ok
test the_probe_counts_a_pathname_connect_and_stays_zero_when_untouched ... ok

test result: ok. 20 passed; 0 failed; 0 ignored; 0 measured; 0 filtered out; finished in 0.77s

     Running unittests src/lib.rs (target/debug/deps/ouro_jail-e718180c67a9a85a)

running 240 tests
test capability::tests::a_restriction_on_none_is_a_requirement_not_a_silent_drop ... ok
test capability::tests::a_skipped_probe_never_satisfies_a_requirement ... ok
test capability::tests::none_requires_a_cgroup_but_no_containment ... ok
test capability::tests::tool_requires_containment_observation_and_a_wall ... ok
test cleanup::tests::a_bounded_pass_stops_pending_and_a_second_pass_finishes ... ok
test cleanup::tests::a_registered_identity_is_the_only_directory_removed ... ok
test cleanup::tests::a_registration_without_a_recorded_identity_is_never_cleaned ... ok
test cleanup::tests::a_replaced_root_is_never_touched ... ok
test cleanup::tests::a_tree_deeper_than_the_descriptor_bound_is_hoisted_and_removed ... ok
test cleanup::tests::an_emptied_directory_replaced_before_its_removal_is_kept ... ok
test cleanup::tests::an_unsearchable_directory_is_still_removed ... ok
test cleanup::tests::any_tree_a_same_uid_child_builds_is_removed_within_the_pass_bound ... ok
test cleanup::tests::cleanup_waits_for_a_proof_that_no_tree_can_use_the_state ... ok
test cleanup::tests::gcs_verification_of_the_leaf_is_proof_enough_except_after_lost_integrity ... ok
test cleanup::tests::links_are_removed_themselves_and_their_targets_survive ... ok
test cleanup::tests::no_mount_is_crossed_and_an_unknown_mount_status_is_not_no ... ok
test cleanup::tests::read_only_directories_at_beyond_and_below_the_hoist_depth_are_removed ... ok
test cleanup::tests::removal_is_implemented_and_the_empty_case_is_not_needed ... ok
test cleanup::tests::the_reviewers_140_deep_read_only_trap_is_removed_in_one_default_pass ... ok
test cleanup::tests::the_root_of_a_removal_must_be_ours_registered_and_on_the_anchor_device ... ok
test cli::tests::an_attempt_id_without_a_gate_is_a_usage_error ... ok
test cli::tests::an_unknown_observation_mode_is_a_usage_error ... ok
test cli::tests::argv_after_the_separator_is_taken_literally ... ok
test cli::tests::label_only_rejects_the_gate_and_the_attempt_id ... ok
test cli::tests::subcommand_help_carries_no_implementation_notes ... ok
test cli::tests::the_definition_is_internally_consistent ... ok
test commands::tests::a_rule_with_no_argv0_refuses_instead_of_matching_everything ... ok
test commands::tests::an_exec_with_no_argv_matches_the_exec_path_alone ... ok
test commands::tests::positional_and_tail ... ok
test config::tests::a_duplicate_cli_limit_refuses ... ok
test config::tests::a_duplicate_toml_key_refuses ... ok
test config::tests::an_unknown_cli_limit_key_refuses ... ok
test config::tests::an_unknown_toml_key_refuses ... ok
test config::tests::memory_units_are_binary_and_overflow_refuses ... ok
test config::tests::swap_is_independent_and_allows_an_explicit_zero ... ok
test config::tests::the_environment_allow_list_ignores_everything_else ... ok
test config::tests::translation_prefixes_are_canonicalized_or_refused ... ok
test config::tests::wall_units_scale_and_a_bare_integer_refuses ... ok
test credentials::tests::a_bind_ro_digest_needs_a_filesystem_with_no_write_path ... ok
test credentials::tests::a_credential_source_must_have_exactly_one_link ... ok
test credentials::tests::a_digest_is_the_prefixed_lowercase_hex_the_receipt_schema_requires ... ok
test credentials::tests::a_read_is_stable_only_when_size_count_object_and_times_all_agree ... ok
test credentials::tests::a_source_made_shared_writable_between_inspection_and_open_is_refused ... ok
test credentials::tests::a_source_swapped_between_inspection_and_open_is_refused ... ok
test credentials::tests::a_wait_ends_when_the_continuous_clock_runs_out_not_the_monotonic_one ... ok
test credentials::tests::stage_within_stages_inside_its_budget_and_refuses_past_it ... ok
test credentials::tests::the_copy_budget_is_one_total_per_attempt ... ok
test credentials::tests::work_past_its_deadline_is_abandoned_and_finishes_harmlessly_later ... ok
test environment::tests::a_non_utf8_suffix_is_still_reserved ... ok
test environment::tests::every_ouro_name_is_reserved_and_nothing_else_is ... ok
test environment::tests::stripping_keeps_order_and_bytes_and_reports_sorted_names_only ... ok
test gc::tests::a_dead_owner_with_no_leaf_ever_registered_never_charged_a_tree ... ok
test gc::tests::a_leaf_gc_removed_is_never_probed_again ... ok
test gc::tests::a_leaf_gone_after_gc_saw_it_empty_verifies_the_tree ... ok
test gc::tests::a_leaf_named_only_is_removed_when_empty_and_never_killed ... ok
test gc::tests::a_name_only_registration_parses_and_half_an_identity_does_not ... ok
test gc::tests::a_registration_of_another_attempts_leaf_is_never_probed ... ok
test gc::tests::a_repeated_record_is_kept_once_with_a_count ... ok
test gc::tests::an_intent_record_is_a_verification_and_finished_is_read ... ok
test gc::tests::disagreeing_or_missing_identities_never_reach_the_leaf ... ok
test gc::tests::lost_integrity_keeps_scratch_in_another_boot_too ... ok
test gc::tests::nothing_is_probed_before_it_is_needed ... ok
test gc::tests::only_a_dead_owners_identified_populated_unverified_leaf_is_terminated ... ok
test gc::tests::state_and_receipt_views_refuse_what_the_supervisor_does_not_write ... ok
test gc::tests::the_leaf_comes_from_jail_state_and_must_agree_with_the_receipt ... ok
test gc::tests::the_seam_only_shrinks_the_bound ... ok
test journal::tests::since_includes_fractional_events_in_the_start_second ... ok
test journal::tests::since_requires_a_real_utc_calendar_time ... ok
test launch_profile::tests::a_complete_profile_resolves_sources_and_sorts_nothing_it_should_not ... ok
test launch_profile::tests::destinations_must_be_relative_and_disjoint ... ok
test launch_profile::tests::every_loader_and_backend_name_refuses ... ok
test launch_profile::tests::filesystem_narrowing_keys_refuse_rather_than_parse_into_silence ... ok
test launch_profile::tests::names_follow_their_grammars ... ok
test launch_profile::tests::the_grammar_refuses_argv_none_unknown_keys_and_commands ... ok
test launch_profile::tests::tool_and_build_reject_credentials_and_proxy_grants_and_none_rejects_all ... ok
test launch_profile::tests::unsafe_state_subdirs_and_conflicts_refuse ... ok
test learn::tests::proposals_are_exact_filtered_and_receipt_bound ... ok
test network::address::tests::numeric_looking_names_are_the_ones_ending_in_a_number ... ok
test network::address::tests::prefixes_clear_host_bits_and_match_their_family_only ... ok
test network::address::tests::strict_ipv4_refuses_every_legacy_spelling ... ok
test network::address::tests::the_embedded_table_loads ... ok
test network::idna::tests::mapping_is_bounded_before_normalization ... ok
test network::idna::tests::max_decomposition_is_the_largest_full_canonical_decomposition ... ok
test network::idna::tests::punycode_decoding_is_inverted_by_encoding ... ok
test network::idna::tests::punycode_decoding_stops_at_the_label_bound ... ok
test network::idna::tests::punycode_overflow_and_bad_digits_fail ... ok
test network::idna::tests::punycode_round_trips_the_rfc_3492_samples ... ok
test network::idna::tests::the_network_rules_idna_examples ... ok
test network::tests::a_wildcard_is_labels_not_a_string_suffix ... ok
test network::tests::an_exact_rule_never_covers_a_wildcard ... ok
test network::tests::an_omitted_port_allows_only_tls_port ... ok
test network::tests::idna_and_numeric_rules_normalize ... ok
test network::tests::one_terminal_dot_is_removed_and_two_refuse ... ok
test network::tests::unmappable_and_malformed_hosts_refuse ... ok
test network::unicode::tests::nfc_composes_decomposes_and_reorders ... ok
test network::unicode::tests::properties_match_their_source_files ... ok
test network::unicode::tests::the_idna_runs_cover_every_code_point_once ... ok
test network::unicode::tests::the_tables_are_the_pinned_versions ... ok
test observer::tests::a_degraded_class_reports_a_null_count_even_when_one_was_offered ... ok
test observer::tests::a_denied_connect_counts_only_under_fs_deny ... ok
test observer::tests::an_unobserved_attempt_has_no_counts_and_no_sources ... ok
test observer::tests::every_directory_entry_operation_belongs_to_fs_write ... ok
test platform::linux::bpf::tests::and_masks_in_place_and_falls_through ... ok
test platform::linux::bpf::tests::backward_jump_is_refused ... ok
test platform::linux::bpf::tests::bytes_are_the_kernel_layout ... ok
test platform::linux::bpf::tests::conditional_jump_beyond_a_byte_is_an_error_not_a_wrap ... ok
test platform::linux::bpf::tests::digest_changes_when_one_immediate_changes ... ok
test platform::linux::bpf::tests::digest_is_stable_for_a_fixed_program ... ok
test platform::linux::bpf::tests::disassembly_names_absolute_targets ... ok
test platform::linux::bpf::tests::duplicate_label_is_an_error ... ok
test platform::linux::bpf::tests::labels_resolve_to_relative_offsets ... ok
test platform::linux::bpf::tests::opcodes_match_the_linux_encoding ... ok
test platform::linux::bpf::tests::program_longer_than_the_kernel_limit_is_refused ... ok
test platform::linux::bpf::tests::unconditional_jump_carries_its_distance_in_k ... ok
test platform::linux::bpf::tests::undefined_label_is_an_error ... ok
test platform::linux::bridge::tests::a_client_beyond_the_budget_is_answered_503_at_once_and_the_rest_are_relayed ... ok
test platform::linux::bridge::tests::a_full_buffer_that_drains_is_readable_again ... ok
test platform::linux::bridge::tests::an_unreachable_proxy_closes_the_client_and_nothing_else_happens ... ok
test platform::linux::bridge::tests::bytes_flow_both_ways_and_half_close_is_forwarded ... ok
test platform::linux::bridge::tests::the_proxy_environment_is_both_spellings_and_an_empty_no_proxy ... ok
test platform::linux::freeze::tests::canonical_json_sorts_every_object_and_keeps_arrays ... ok
test platform::linux::freeze::tests::every_built_in_profile_has_a_baseline ... ok
test platform::linux::host::tests::a_file_hash_is_its_sha256 ... ok
test platform::linux::host::tests::identity_categories_follow_the_credentials ... ok
test platform::linux::host::tests::meminfo_values_are_read_in_kib ... ok
test platform::linux::host::tests::only_profiles_that_bear_on_the_jail_are_recorded ... ok
test platform::linux::host::tests::pretty_name_is_unquoted ... ok
test platform::linux::host::tests::saved_set_uid_privileged_groups_and_user_namespaces_are_named ... ok
test platform::linux::host::tests::sysctl_names_map_to_procfs ... ok
test platform::linux::host::tests::the_restriction_state_follows_the_sysctl ... ok
test platform::linux::host::tests::unpackaged_files_are_those_no_package_lists ... ok
test platform::linux::scope::tests::a_unit_name_that_is_only_a_prefix_of_the_leaf_is_not_the_move ... ok
test platform::linux::scope::tests::already_delegated_ignores_lingering ... ok
test platform::linux::scope::tests::already_delegated_takes_no_action ... ok
test platform::linux::scope::tests::every_failure_is_unavailable_with_its_reason_never_an_error ... ok
test platform::linux::scope::tests::only_the_exact_seam_values_apply ... ok
test platform::linux::scope::tests::outside_asks_for_the_scope_and_records_it_once_the_move_is_seen ... ok
test platform::linux::scope::tests::somewhere_else_in_the_subtree_is_not_the_move ... ok
test platform::linux::scope::tests::the_call_gets_the_bus_variables_and_nothing_else ... ok
test platform::linux::scope::tests::the_call_starts_a_transient_scope_holding_the_pid ... ok
test platform::linux::scope::tests::the_move_outside_the_subtree_is_not_the_move ... ok
test platform::linux::scope::tests::the_record_has_the_documented_shape ... ok
test platform::linux::scope::tests::the_seam_moves_a_process_that_is_already_inside ... ok
test platform::linux::scope::tests::the_unreachable_bus_seam_reaches_the_request ... ok
test platform::linux::scope::tests::unit_names_are_valid_distinct_and_name_the_pid ... ok
test platform::linux::scope::tests::unknown_lingering_is_treated_as_off ... ok
test platform::linux::scope::tests::without_lingering_no_scope_is_requested ... ok
test platform::linux::seccomp::tests::architecture_is_checked_before_any_syscall_number ... ok
test platform::linux::seccomp::tests::bless_the_pinned_seccomp_tables ... ignored, writes the evidence files; run deliberately
test platform::linux::seccomp::tests::both_agent_variants_and_the_mediation_filter_assemble_and_differ ... ok
test platform::linux::seccomp::tests::every_contained_baseline_admits_only_the_listed_socket_families ... ok
test platform::linux::seccomp::tests::j4_d1_the_tool_baseline_refuses_a_notification_listener ... ok
test platform::linux::seccomp::tests::j4_s4_every_contained_baseline_refuses_an_untraced_clone ... ok
test platform::linux::seccomp::tests::no_syscall_number_appears_twice ... ok
test platform::linux::seccomp::tests::seccomp_data_offsets_follow_the_struct ... ok
test platform::linux::seccomp::tests::storage_baselines_deny_importing_inodes_through_hard_links ... ok
test platform::linux::seccomp::tests::the_agent_baselines_are_byte_for_byte_the_checked_in_ones ... ok
test platform::linux::seccomp::tests::the_agent_table_names_every_rule_and_both_digests ... ok
test platform::linux::seccomp::tests::the_baseline_assembles ... ok
test platform::linux::seccomp::tests::the_four_verdicts_are_the_last_four_instructions ... ok
test platform::linux::seccomp::tests::the_mediation_filter_notifies_connect_and_admits_only_stream_af_unix ... ok
test platform::linux::seccomp::tests::the_namespace_mask_is_the_eight_namespace_flags ... ok
test platform::linux::seccomp::tests::the_namespace_variant_permits_only_the_namespace_setup ... ok
test platform::linux::seccomp::tests::the_table_lists_every_rule_the_filter_encodes ... ok
test platform::linux::seccomp::tests::the_tables_cover_x86_64_and_nothing_else ... ok
test platform::linux::seccomp::tests::the_tool_baseline_is_byte_for_byte_the_checked_in_one ... ok
test platform::linux::seccomp::tests::the_unprivileged_agent_baseline_is_tool_without_the_af_unix_rule ... ok
test platform::macos::tests::every_execution_capability_is_unsupported_and_unmeasured ... ok
test platform::macos::tests::prepare_refuses_rather_than_returning_a_successful_no_op ... ok
test policy::tests::denial_wins_and_read_only_overrides_a_writable_parent ... ok
test policy::tests::normalize_refuses_an_escape_and_resolves_dot_segments ... ok
test policy::tests::path_containment_compares_components_not_string_prefixes ... ok
test profiles::tests::macos_claims_no_native_runtime_roots ... ok
test profiles::tests::none_inherits_the_host_and_claims_no_containment_authority ... ok
test profiles::tests::the_contained_environment_carries_only_admitted_names ... ok
test profiles::tests::tool_defaults_match_the_authoritative_table ... ok
test proxy::http::tests::ambiguous_framing_refuses ... ok
test proxy::http::tests::connect_and_absolute_form_parse ... ok
test proxy::http::tests::control_bytes_in_header_values_refuse ... ok
test proxy::http::tests::host_must_agree_with_the_target ... ok
test proxy::http::tests::malformed_heads_refuse ... ok
test proxy::http::tests::non_proxy_requests_are_unsupported ... ok
test proxy::http::tests::parse_request_checks_line_endings_itself ... ok
test proxy::http::tests::scan_refuses_bare_line_endings_and_nul ... ok
test proxy::origin::tests::fragmented_hello_and_truncation ... ok
test proxy::origin::tests::malformed_and_non_tls_refuse ... ok
test proxy::relay::tests::chunk_extensions_trailers_and_bare_lf_refuse ... ok
test proxy::relay::tests::chunked_framing_can_arrive_in_pieces ... ok
test proxy::relay::tests::strict_chunked_framing_ends_exactly_after_the_last_chunk ... ok
test proxy::sys::tests::poll_reports_readiness_per_descriptor_and_handles_edges ... ok
test proxy::sys::tests::the_descriptor_limit_is_readable_and_raising_it_is_idempotent ... ok
test proxy::sys::tests::wait_peer_closed_ignores_a_half_close_and_returns_on_close ... ok
test proxy::tests::connect_deadline_is_shared_across_answers ... ok
test proxy::tests::local_exhaustion_is_not_blamed_on_the_destination ... ok
test state::anchored::tests::a_component_with_a_slash_dot_or_nul_never_reaches_a_syscall ... ok
test state::anchored::tests::a_directory_the_child_made_unreadable_can_be_reopened_after_chmod_at ... ok
test state::anchored::tests::a_final_symlink_is_never_followed_by_any_open ... ok
test state::anchored::tests::an_exclusive_create_refuses_an_existing_regular_file ... ok
test state::anchored::tests::an_open_checks_it_reached_the_object_that_was_inspected ... ok
test state::anchored::tests::created_objects_have_exactly_the_requested_mode_whatever_the_umask ... ok
test state::anchored::tests::names_rewinds_and_skips_the_dot_entries ... ok
test state::persist::tests::the_abort_seam_names_a_site_a_point_and_an_optional_ordinal ... ok
test state::tests::a_blocked_settled_marker_fails_closed_and_the_guard_clears_the_obstacle ... ok
test state::tests::a_generated_attempt_id_round_trips_through_the_grammar ... ok
test state::tests::a_group_writable_ancestor_is_refused_unless_its_group_is_private ... ok
test state::tests::a_malformed_attempt_id_is_a_usage_error ... ok
test state::tests::a_replaced_or_populated_proxy_directory_is_retained ... ok
test state::tests::a_settle_that_cannot_be_written_leaves_the_run_live ... ok
test state::tests::a_vendor_state_that_already_exists_is_withdrawn_not_registered ... ok
test state::tests::an_attempt_root_holding_any_jail_owned_artifact_is_not_fresh ... ok
test state::tests::an_uncontained_run_is_live_until_its_guard_settles_both_marker_directories ... ok
test state::tests::an_uncontained_run_that_cannot_write_its_live_marker_does_not_arm ... ok
test state::tests::created_vendor_state_is_registered_with_its_identity ... ok
test state::tests::gc_retains_a_proxy_directory_whose_identity_was_never_recorded ... ok
test state::tests::group_write_is_private_only_for_the_owners_own_group ... ok
test state::tests::only_a_temporary_name_of_a_root_record_is_ours ... ok
test state::tests::the_proxy_directory_is_registered_before_it_exists ... ok
test state::tests::the_proxy_directory_is_registered_created_private_and_removed_by_identity ... ok
test state::tests::world_write_always_counts_and_no_group_write_never_does ... ok
test supervisor::tests::a_live_uncontained_run_in_either_marker_directory_refuses_every_trusted_file ... ok
test supervisor::tests::a_none_profile_receipt_is_unprotected_before_anything_is_applied ... ok
test supervisor::tests::a_receipt_records_the_trace_loss_with_the_notes_start_and_source ... ok
test supervisor::tests::a_trusted_file_that_predates_the_uncontained_epoch_refuses ... ok
test supervisor::tests::audit4_check_config_isolation_refuses_a_workspace_over_the_config_directory ... ok
test supervisor::tests::audit4_the_operator_config_read_refuses_planted_shapes ... ok
test supervisor::tests::check_launch_isolation_refuses_a_workspace_over_the_launch_directory ... ok
test supervisor::tests::journal_detects_a_loss_that_only_appears_during_terminal_drain ... ok
test supervisor::tests::journal_detects_another_producers_loss_without_a_wrapper_write ... ok
test supervisor::tests::the_gate_and_preparation_budgets_are_the_ones_the_specification_names ... ok
test trace::tests::a_failed_write_is_cut_back_to_its_frame_boundary ... ok
test trace::tests::a_failed_write_that_cannot_be_cut_back_closes_the_sink ... ok
test trace::tests::an_exhausted_reserve_closes_the_sink ... ok
test trace::tests::an_oversized_event_is_refused_rather_than_truncated ... ok
test trace::tests::the_bounds_are_the_ones_the_specification_names ... ok
test trace::tests::the_loss_note_names_the_covered_classes_and_keeps_its_start ... ok
test trace::tests::the_payload_budget_stops_before_the_reserve_and_the_reserve_still_writes ... ok
test trace::tests::the_write_size_seam_accepts_only_a_byte_count ... ok
test vault::tests::plaintext_is_opt_in_and_substitution_is_exact ... ok
test vault::tests::tls_vault_closes_the_response_and_counts_discarded_pipeline_bytes ... ok
test vault::tests::tls_vault_substitutes_only_after_both_authorities_and_the_certificate_pass ... ok

test result: ok. 239 passed; 0 failed; 1 ignored; 0 measured; 0 filtered out; finished in 5.27s

     Running unittests src/main.rs (target/debug/deps/ouro_jail-6d87192f0d490ea6)

running 4 tests
test tests::build_claims_are_a_full_commit_and_a_consistent_flag ... ok
test tests::gc_names_the_execution_boundary_in_both_renderings ... ok
test tests::the_closed_set_is_announced_only_where_the_build_can_observe_it ... ok
test tests::the_inputs_digest_is_the_documented_construction ... ok

test result: ok. 4 passed; 0 failed; 0 ignored; 0 measured; 0 filtered out; finished in 0.00s

     Running tests/command_rules_linux.rs (target/debug/deps/command_rules_linux-8d2e035fe72c3043)

running 0 tests

test result: ok. 0 passed; 0 failed; 0 ignored; 0 measured; 0 filtered out; finished in 0.00s

     Running tests/conformance_j1.rs (target/debug/deps/conformance_j1-984a4f68c40c6c2b)

running 0 tests

test result: ok. 0 passed; 0 failed; 0 ignored; 0 measured; 0 filtered out; finished in 0.00s

     Running tests/conformance_j2.rs (target/debug/deps/conformance_j2-1ed1f540cf3330b7)

running 0 tests

test result: ok. 0 passed; 0 failed; 0 ignored; 0 measured; 0 filtered out; finished in 0.00s

     Running tests/conformance_j3_agent.rs (target/debug/deps/conformance_j3_agent-5434265d25f5315b)

running 0 tests

test result: ok. 0 passed; 0 failed; 0 ignored; 0 measured; 0 filtered out; finished in 0.00s

     Running tests/conformance_j3_credentials.rs (target/debug/deps/conformance_j3_credentials-45c83b543c1225a5)

running 0 tests

test result: ok. 0 passed; 0 failed; 0 ignored; 0 measured; 0 filtered out; finished in 0.00s

     Running tests/conformance_j3_none.rs (target/debug/deps/conformance_j3_none-3e4ee62591475128)

running 0 tests

test result: ok. 0 passed; 0 failed; 0 ignored; 0 measured; 0 filtered out; finished in 0.00s

     Running tests/j4_closed_set_linux.rs (target/debug/deps/j4_closed_set_linux-cf4d7730e57e0f12)

running 0 tests

test result: ok. 0 passed; 0 failed; 0 ignored; 0 measured; 0 filtered out; finished in 0.00s

     Running tests/j4_gc_linux.rs (target/debug/deps/j4_gc_linux-b805d41018d8a797)

running 0 tests

test result: ok. 0 passed; 0 failed; 0 ignored; 0 measured; 0 filtered out; finished in 0.00s

     Running tests/j4_lifecycle_linux.rs (target/debug/deps/j4_lifecycle_linux-51b2e2dae0999732)

running 0 tests

test result: ok. 0 passed; 0 failed; 0 ignored; 0 measured; 0 filtered out; finished in 0.00s

     Running tests/j4_loss_linux.rs (target/debug/deps/j4_loss_linux-b85ff225bc7188cc)

running 0 tests

test result: ok. 0 passed; 0 failed; 0 ignored; 0 measured; 0 filtered out; finished in 0.00s

     Running tests/j4_records_linux.rs (target/debug/deps/j4_records_linux-7664a9b13d5d8d15)

running 0 tests

test result: ok. 0 passed; 0 failed; 0 ignored; 0 measured; 0 filtered out; finished in 0.00s

     Running tests/j4_scope_linux.rs (target/debug/deps/j4_scope_linux-2f9525c1364139b1)

running 0 tests

test result: ok. 0 passed; 0 failed; 0 ignored; 0 measured; 0 filtered out; finished in 0.00s

     Running tests/j4_trace_linux.rs (target/debug/deps/j4_trace_linux-5b07b32d6e0aa445)

running 0 tests

test result: ok. 0 passed; 0 failed; 0 ignored; 0 measured; 0 filtered out; finished in 0.00s

     Running tests/j4_tracer_precision_linux.rs (target/debug/deps/j4_tracer_precision_linux-bad9d63025362ed6)

running 0 tests

test result: ok. 0 passed; 0 failed; 0 ignored; 0 measured; 0 filtered out; finished in 0.00s

     Running tests/j5_arch_refusal_linux.rs (target/debug/deps/j5_arch_refusal_linux-6c9dbe4564663bf4)

running 0 tests

test result: ok. 0 passed; 0 failed; 0 ignored; 0 measured; 0 filtered out; finished in 0.00s

     Running tests/j5_audit_gaps_linux.rs (target/debug/deps/j5_audit_gaps_linux-56ff3bfce768e446)

running 0 tests

test result: ok. 0 passed; 0 failed; 0 ignored; 0 measured; 0 filtered out; finished in 0.00s

     Running tests/j5_boundary_linux.rs (target/debug/deps/j5_boundary_linux-3ae9ed1bb57adf38)

running 0 tests

test result: ok. 0 passed; 0 failed; 0 ignored; 0 measured; 0 filtered out; finished in 0.00s

     Running tests/j5_bwrap_resolution_linux.rs (target/debug/deps/j5_bwrap_resolution_linux-46010dc69ca47a04)

running 0 tests

test result: ok. 0 passed; 0 failed; 0 ignored; 0 measured; 0 filtered out; finished in 0.00s

     Running tests/j5_lifetime_linux.rs (target/debug/deps/j5_lifetime_linux-3f885df66c4d3bad)

running 0 tests

test result: ok. 0 passed; 0 failed; 0 ignored; 0 measured; 0 filtered out; finished in 0.00s

     Running tests/j5_process_linux.rs (target/debug/deps/j5_process_linux-6b924e89f33212b4)

running 0 tests

test result: ok. 0 passed; 0 failed; 0 ignored; 0 measured; 0 filtered out; finished in 0.00s

     Running tests/j5_process_portable.rs (target/debug/deps/j5_process_portable-a47cea65e294a600)

running 1 test
test an_in_process_run_leaves_the_hosts_stdout_where_it_was ... ok

test result: ok. 1 passed; 0 failed; 0 ignored; 0 measured; 0 filtered out; finished in 0.06s

     Running tests/j5_pseudofs_linux.rs (target/debug/deps/j5_pseudofs_linux-49f70000f8c60c0f)

running 0 tests

test result: ok. 0 passed; 0 failed; 0 ignored; 0 measured; 0 filtered out; finished in 0.00s

     Running tests/j5_records_crash_linux.rs (target/debug/deps/j5_records_crash_linux-2dee3e84d8b8f1f8)

running 0 tests

test result: ok. 0 passed; 0 failed; 0 ignored; 0 measured; 0 filtered out; finished in 0.00s

     Running tests/j5_records_linux.rs (target/debug/deps/j5_records_linux-d0e3131cddaad122)

running 0 tests

test result: ok. 0 passed; 0 failed; 0 ignored; 0 measured; 0 filtered out; finished in 0.00s

     Running tests/j5_tracer_foreign_child_linux.rs (target/debug/deps/j5_tracer_foreign_child_linux-965889061d25934d)

running 0 tests

test result: ok. 0 passed; 0 failed; 0 ignored; 0 measured; 0 filtered out; finished in 0.00s

     Running tests/linux_mechanisms.rs (target/debug/deps/linux_mechanisms-956be4a084e91674)

running 0 tests

test result: ok. 0 passed; 0 failed; 0 ignored; 0 measured; 0 filtered out; finished in 0.00s

     Running tests/macos_refusal.rs (target/debug/deps/macos_refusal-5a4c36bbf2f57986)

running 39 tests
test a2_explicit_operator_grants_reach_the_receipt ... ok
test a_contained_profile_rejects_a_host_grant ... ok
test a_control_descriptor_receives_the_refused_message ... ok
test a_malformed_attempt_id_is_a_usage_error_not_a_path ... ok
test a_profile_file_narrows_its_base_and_may_not_extend_none ... ok
test a_profile_selected_in_config_is_resolved_beside_config ... ok
test a_project_file_may_narrow_but_may_not_select_a_profile ... ok
test a_trace_descriptor_replaces_the_local_stream_rather_than_duplicating_it ... ok
test an_accepted_limit_reaches_the_snapshot ... ok
test an_invalid_channel_descriptor_refuses_before_preparation ... ok
test an_unknown_or_duplicate_configuration_key_refuses ... ok
test config_toml_may_not_select_the_none_profile ... ok
test config_toml_paths_anchor_to_the_config_directory ... ok
test doctor_takes_no_policy_override_flags ... ok
test h2_an_unusable_project_file_refuses_instead_of_being_ignored ... ok
test h3_the_project_file_read_is_bounded_and_never_blocks ... ok
test h5_a_control_consumer_that_stops_reading_cannot_stall_the_supervisor ... ok
test h7_a_state_root_inside_a_grant_refuses ... ok
test h8_the_receipt_copy_path_is_validated ... ok
test h9_a_signal_during_the_gate_wait_is_handled ... ouro-jail: error unsupported_platform at probing [unsupported]: execution is not implemented for this platform
ok
test l2_a_workspace_that_is_not_a_directory_refuses ... ok
test l5_the_seccomp_table_subcommand_does_not_exist_on_macos ... ok
test m01_none_also_refuses_and_stays_unprotected ... ok
test m01_run_refuses_before_exec_and_the_marker_never_appears ... ok
test m01_the_attempt_directory_holds_the_policy_and_the_claim ... ok
test m03_doctor_reports_every_requirement_as_unsupported_and_unmeasured ... ok
test m03_explain_distinguishes_requested_policy_from_unmeasured_capability ... ok
test m03_inspection_commands_use_the_exit_codes_of_section_six_four ... ok
test m13_explain_prints_environment_names_only ... ok
test m2_equivalent_workspace_spellings_have_one_digest ... ok
test m4_the_local_trace_file_is_created_private ... ok
test m6_an_unknown_policy_schema_refuses ... ok
test m7_gc_refuses_a_state_root_that_is_not_private ... ok
test only_the_documented_environment_variables_are_read ... ok
test the_build_profile_requires_an_explicit_memory_ceiling ... ok
test the_local_trace_records_the_wrapper_events_of_a_refusal ... ok
test the_receipt_flag_writes_an_additional_copy ... ok
test translation_prefixes_are_canonicalized_before_the_digest ... ok
test usage_errors_exit_two ... ok

test result: ok. 39 passed; 0 failed; 0 ignored; 0 measured; 0 filtered out; finished in 2.31s

     Running tests/observer_j4_linux.rs (target/debug/deps/observer_j4_linux-093da5f57a7c9355)

running 0 tests

test result: ok. 0 passed; 0 failed; 0 ignored; 0 measured; 0 filtered out; finished in 0.00s

     Running tests/observer_linux.rs (target/debug/deps/observer_linux-cfb96c20a813f96b)

running 0 tests

test result: ok. 0 passed; 0 failed; 0 ignored; 0 measured; 0 filtered out; finished in 0.00s

     Running tests/observer_regression_linux.rs (target/debug/deps/observer_regression_linux-8f2d206f526e9996)

running 0 tests

test result: ok. 0 passed; 0 failed; 0 ignored; 0 measured; 0 filtered out; finished in 0.00s

     Running tests/portable_canonical.rs (target/debug/deps/portable_canonical-98899bbb502f6a70)

running 6 tests
test p01_both_canonical_inputs_resolve_to_the_golden_snapshot ... ok
test p01_both_digests_equal_the_checked_in_values ... ok
test p01_canonical_bytes_equal_the_golden_jcs_file ... ok
test p01_non_utf8_paths_and_argv_survive_as_the_base64_object ... ok
test p01_reordering_sets_and_changing_provenance_preserve_the_hash ... ok
test p01_semantic_changes_change_the_right_digest ... ok

test result: ok. 6 passed; 0 failed; 0 ignored; 0 measured; 0 filtered out; finished in 0.02s

     Running tests/portable_doctor.rs (target/debug/deps/portable_doctor-721cd0b73dda8b26)

running 8 tests
test doctor_json_is_a_versioned_record_with_the_same_build ... ok
test doctor_json_on_macos_records_no_linux_host_or_backend ... ok
test doctor_json_records_the_jail_binary_it_ran_as ... ok
test the_checked_in_doctor_examples_are_valid ... ok
test the_doctor_schema_declares_the_announced_identifier ... ok
test the_doctor_schema_rejects_what_it_must ... ok
test this_hosts_doctor_report_is_valid_against_the_schema ... ok
test version_json_carries_the_build_provenance ... ok

test result: ok. 8 passed; 0 failed; 0 ignored; 0 measured; 0 filtered out; finished in 1.93s

     Running tests/portable_freeze.rs (target/debug/deps/portable_freeze-49fa9ce0252aff5e)

running 12 tests
test a_recorded_tested_run_is_the_milestone_run ... ok
test the_built_in_baselines_are_the_frozen_ones ... ok
test the_bundled_launch_profiles_are_the_frozen_ones ... ok
test the_closed_set_is_the_frozen_one ... ok
test the_contained_environment_is_the_frozen_one ... ok
test the_contained_mount_baselines_are_the_frozen_ones ... ok
test the_filter_digests_are_the_frozen_ones ... ok
test the_freeze_names_itself ... ok
test the_frozen_schemas_are_the_frozen_ones ... ok
test the_lock_file_is_the_frozen_one ... ok
test the_manifests_are_the_frozen_ones ... ok
test the_toolchain_is_the_frozen_one ... ok

test result: ok. 12 passed; 0 failed; 0 ignored; 0 measured; 0 filtered out; finished in 0.10s

     Running tests/portable_gate.rs (target/debug/deps/portable_gate-e0d0ce2d0e29416b)

running 8 tests
test x02_a_gate_that_never_delivers_times_out_rather_than_waiting_forever ... ok
test x02_a_non_utf8_frame_refuses ... ok
test x02_an_empty_gate_is_a_closed_gate ... ok
test x02_an_oversized_frame_refuses_rather_than_being_truncated ... ok
test x02_content_faults_refuse ... ok
test x02_framing_faults_refuse ... ok
test x02_json_whitespace_inside_the_single_line_is_accepted ... ok
test x02_the_single_valid_frame_releases ... ok

test result: ok. 8 passed; 0 failed; 0 ignored; 0 measured; 0 filtered out; finished in 0.39s

     Running tests/portable_gc.rs (target/debug/deps/portable_gc-615eb20fa3e67ae8)

running 34 tests
test j4_c03_a_foreign_os_or_architecture_is_retained ... ok
test j4_c03_a_live_lease_is_retained ... ok
test j4_c03_a_name_that_is_not_an_attempt_id_is_skipped ... ok
test j4_c03_a_supervisor_taking_its_lease_is_never_refused_by_a_concurrent_gc ... ok
test j4_c03_a_symlinked_attempts_directory_is_refused ... ok
test j4_c03_an_unclaimed_root_without_state_is_a_reported_skip_with_exit_0 ... ok
test j4_c03_corrupt_state_is_retained_and_reported ... ok
test j4_c03_gc_never_contends_for_the_lease_of_an_unclaimed_root ... ok
test j4_c03_nothing_outside_the_attempts_directory_is_listed ... ok
test j4_c03_the_listing_counts_against_the_per_invocation_bound ... ok
test j4_n7_a_leaf_registered_by_name_only_is_not_corrupt_state ... ok
test j4_w2s_gc_removes_a_dead_attempts_leftover_temp_files ... ok
test j4_w2s_gc_reports_leftover_temp_files ... ok
test j4_w2s_vendor_state_cleanup_is_charged_to_the_per_invocation_bound ... ok
test scripted::j4_c03_a_different_boot_never_leads_to_any_cgroup_action ... ok
test scripted::j4_c03_a_populated_orphan_of_this_boot_is_terminated_verified_and_removed ... ok
test scripted::j4_c03_an_owner_alive_without_the_lease_is_retained ... ok
test scripted::j4_c03_an_unverified_owner_or_leaf_is_never_acted_on ... ok
test scripted::j4_c03_an_unverified_termination_deletes_nothing ... ok
test scripted::j4_c03_the_entry_bound_holds_across_removals_in_one_invocation ... ok
test scripted::j4_n7_a_leaf_named_only_is_removed_when_empty_and_never_killed ... ok
test scripted::j4_n7_a_leaf_only_the_receipt_names_is_never_acted_on ... ok
test scripted::j4_n7_gc_finds_a_leaf_jail_state_registers_without_any_receipt ... ok
test scripted::j4_n7_state_and_receipt_naming_different_leaves_are_retained ... ok
test scripted::j4_w2s_a_tree_gc_verified_dead_permits_the_vendor_state_cleanup ... ok
test scripted::j4_w2s_leftover_temp_files_stay_unless_the_owner_is_dead ... ok
test scripted::j4_w2s_only_gcs_record_of_the_registered_leaf_permits_the_cleanup ... ok
test w3::j4_w3_g1_gc_never_rewrites_a_receipt_that_is_not_refused_or_settled ... ok
test w3::j4_w3_g2_a_registration_of_another_attempts_leaf_is_never_acted_on ... ok
test w3::j4_w3_g3_a_failed_record_after_rmdir_never_strands_the_attempt ... ok
test w3::j4_w3_g4_a_finished_attempt_costs_its_name_only ... ok
test w3::j4_w3_g4_an_attempt_with_something_left_is_never_finished ... ok
test w3::j4_w3_g5_a_repeated_gc_record_is_kept_once_with_a_count ... ok
test w3::j4_w3_g6_lost_integrity_retains_managed_scratch_in_every_boot ... ok

test result: ok. 34 passed; 0 failed; 0 ignored; 0 measured; 0 filtered out; finished in 4.16s

     Running tests/portable_j4_records.rs (target/debug/deps/portable_j4_records-14a0379c66b7dabf)

running 9 tests
test d3::j4_d3_a_pre_created_attempt_root_stays_claimable_after_gc ... ok
test d3::j4_d3_gc_dry_run_changes_nothing_on_disk ... ok
test d3::j4_d3_gc_never_creates_a_lock_beside_other_artifacts ... ok
test d3::j4_d3_gc_retains_an_attempt_whose_lease_is_held ... ok
test d4::j4_d4_a_failed_receipt_copy_never_reuses_a_revision ... ok
test d4::j4_d4_no_failed_sync_step_reuses_a_revision ... ok
test d5::j4_d5_a_later_evidence_loss_does_not_replace_a_wall_expiry ... ok
test d5::j4_d5_a_later_wall_expiry_does_not_replace_an_evidence_loss ... ok
test d7::j4_d7_keyed_collections_sort_by_their_canonical_bytes ... ok

test result: ok. 9 passed; 0 failed; 0 ignored; 0 measured; 0 filtered out; finished in 0.70s

     Running tests/portable_launch.rs (target/debug/deps/portable_launch-a334dec494103fed)

running 35 tests
test a_launch_file_must_be_private_single_linked_regular_and_outside_writable_grants ... ok
test a_project_file_can_shrink_the_launch_hosts_but_not_add_credentials ... ok
test a_run_that_created_no_managed_scratch_reports_cleanup_not_needed ... ok
test an_agent_launch_profile_resolves_and_then_refuses_exactly_as_agent_does_today ... ok
test bundled_resolution_uses_embedded_data_only_when_operator_file_is_absent ... ok
test c01_a_launch_profile_resolves_into_the_snapshot_and_validates_against_the_schema ... ok
test c01_c02_a_normal_exit_stages_both_modes_records_provenance_and_cleans_vendor_state ... ok
test c01_equivalent_launch_files_share_a_digest_and_semantic_changes_do_not ... ok
test c01_every_ld_and_dyld_launch_key_refuses_through_the_file ... ok
test c01_non_utf8_source_bytes_survive_into_the_snapshot_losslessly ... ok
test c01_unsafe_state_subdirs_refuse_through_the_file ... ok
test c02_a_crash_after_the_removal_but_before_the_record_is_finished_by_gc ... ok
test c02_a_release_failure_after_setup_retains_and_an_exec_error_with_verified_teardown_cleans ... ok
test c02_a_replaced_vendor_state_directory_is_never_deleted ... ok
test c02_an_interrupted_cleanup_stays_pending_and_gc_resumes_it ... ok
test c02_an_unverified_tree_retains_vendor_state_and_gc_will_not_remove_it ... ok
test doctor_launch_checks_each_credential_without_printing_paths_or_values ... ok
test doctor_readiness_needs_every_credential_and_reports_support_apart_from_it ... ok
test explain_prints_credentials_by_id_mode_and_dest_never_by_source ... ok
test h2_a_preexisting_vendor_state_in_a_managed_attempt_root_refuses_and_survives ... ok
test h2_a_vendor_state_appearing_after_the_claim_is_withdrawn_not_deleted ... ok
test i02_the_bundled_profiles_are_valid_experimental_data_for_the_agent_jail ... ok
test l1_gc_prints_its_report_even_when_a_cleanup_stays_pending ... ok
test l3_credentials_staged_before_a_refusal_reach_private_provenance_too ... ok
test m2_a_credential_source_inside_a_child_writable_grant_refuses ... ok
test m2_a_credential_source_with_another_link_refuses_in_either_mode ... ok
test m3_a_configured_profile_is_kept_or_the_conflict_refuses_never_replaced ... ok
test m4_names_values_and_ids_outside_their_grammars_refuse_through_the_file ... ok
test p04_a_source_below_a_directory_others_can_write_refuses ... ok
test p04_a_source_reached_through_a_symlinked_directory_refuses ... ok
test p04_credential_special_files_and_oversize_refuse_before_the_platform_prepares ... ok
test rm11_a_teardown_that_lost_integrity_retains_vendor_state_and_says_why ... ok
test rm16_the_copy_budget_is_cumulative_across_credentials ... ok
test rm24_rm25_an_oversized_launch_file_or_a_shared_launch_directory_refuses ... ok
test s6_1_tool_and_build_reject_credentials_and_none_rejects_any_launch ... ok

test result: ok. 35 passed; 0 failed; 0 ignored; 0 measured; 0 filtered out; finished in 2.88s

     Running tests/portable_learning.rs (target/debug/deps/portable_learning-d9cf91fb43615609)

running 1 test
test learning_filters_network_causes_and_never_grants_denied_writes ... ok

test result: ok. 1 passed; 0 failed; 0 ignored; 0 measured; 0 filtered out; finished in 0.03s

     Running tests/portable_lifetime.rs (target/debug/deps/portable_lifetime-99e94eed97cb3e13)

running 1 test
test l05_unknown_tree_retains_scratch_and_never_settles ... ok

test result: ok. 1 passed; 0 failed; 0 ignored; 0 measured; 0 filtered out; finished in 0.05s

     Running tests/portable_loss.rs (target/debug/deps/portable_loss-b7292c198840aa3a)

running 9 tests
test j4_r04_best_effort_runs_to_the_end_degraded_exits_1 ... ok
test j4_r04_later_loss_keeps_first_cause ... ok
test j4_r04_protection_labels_never_change ... ok
test j4_r04_strict_stops ... ok
test j4_w2s_r1_a_loss_found_at_settlement_is_an_error_and_exit_1 ... ok
test j4_w2s_r1_a_proxy_loss_found_at_settlement_is_an_error ... ok
test j4_w2s_r1_a_reported_loss_is_not_reported_twice_at_settlement ... ok
test j4_w2s_r1_full_coverage_at_settlement_is_no_error ... ok
test j4_w2s_r2_a_loss_after_the_target_ended_is_recorded_not_the_cause ... ok

test result: ok. 9 passed; 0 failed; 0 ignored; 0 measured; 0 filtered out; finished in 2.34s

     Running tests/portable_mutations.rs (target/debug/deps/portable_mutations-3787bcc584ab180a)

running 17 tests
test a_control_frame_over_sixty_four_kibibytes_is_refused_not_emitted ... ok
test a_descriptor_open_for_the_wrong_direction_refuses ... ok
test a_durable_replacement_syncs_the_file_and_then_the_parent_directory ... ok
test a_limit_value_with_a_leading_zero_refuses ... ok
test a_second_claim_of_the_same_attempt_refuses ... ok
test a_symlinked_state_directory_refuses_for_being_a_symlink ... ok
test normalization_refuses_a_nul_in_a_path ... ok
test normalization_refuses_an_escape_rather_than_clamping_it_to_the_root ... ok
test the_codec_reader_refuses_a_nul_in_either_form ... ok
test the_codec_reader_refuses_noncanonical_base64 ... ok
test the_codec_reader_refuses_utf8_bytes_in_the_object_form ... ok
test the_gate_accepts_exactly_one_line_and_says_which_rule_refused ... ok
test the_gate_byte_cap_is_enforced_by_the_parser_too ... ok
test the_gate_byte_cap_is_enforced_by_the_production_reader ... ok
test the_ownership_predicate_refuses_a_foreign_owner ... ok
test the_pipe_helper_really_carries_bytes ... ok
test the_receipt_revision_advances_on_each_successful_replacement ... ok

test result: ok. 17 passed; 0 failed; 0 ignored; 0 measured; 0 filtered out; finished in 0.11s

     Running tests/portable_network_rules.rs (target/debug/deps/portable_network_rules-705abcf698f51ab6)

running 23 tests
test n03_a_long_a_label_refuses_before_quadratic_decoding ... ok
test n03_a_long_label_refuses_before_any_quadratic_work ... ok
test n03_ambiguous_ipv4_spellings_never_become_names ... ok
test n03_canonical_ipv6_rules_use_rfc_5952 ... ok
test n03_deprecated_compatible_ipv6_refuses_everywhere ... ok
test n03_every_forbidden_prefix_is_denied_at_both_ends_and_bounded ... ok
test n03_every_frozen_address_case_matches_network_cases_json ... ok
test n03_explicit_numeric_exceptions_are_exact_address_and_port ... ok
test n03_idna_names_narrow_like_their_a_labels ... ok
test n03_idna_output_that_is_numeric_takes_the_numeric_path ... ok
test n03_known_and_configured_translation_prefixes_deny_whole_ranges ... ok
test n03_mapped_ipv6_normalizes_before_classification_and_grants ... ok
test n03_mapping_expansion_is_bounded ... ok
test n03_mixed_answer_sets_refuse_whole ... ok
test n03_network_rules_md_idna_examples ... ok
test n03_nfc_normalization_test_17 ... ignored, needs the 2.8 MB NormalizationTest.txt; see the doc comment
test n03_omitted_ports_mean_443_and_nondefault_ports_are_exact ... ok
test n03_request_authorities_refuse_userinfo_escapes_zones_and_unbracketed_ipv6 ... ok
test n03_syntax_refusals_name_their_reason ... ok
test n03_the_bounds_keep_every_valid_length ... ok
test n03_the_embedded_address_table_is_the_checked_in_file ... ok
test n03_uts46_conformance_file_toascii_nontransitional_all_flags ... ok
test n03_wildcards_match_labels_beneath_never_the_apex ... ok

test result: ok. 22 passed; 0 failed; 1 ignored; 0 measured; 0 filtered out; finished in 0.28s

     Running tests/portable_persistence.rs (target/debug/deps/portable_persistence-87575f9d6760ad23)

running 21 tests
test j4_d5_a_later_persistence_failure_does_not_replace_the_reported_error ... ok
test j4_d5_a_second_evidence_loss_does_not_replace_the_reported_error ... ok
test j4_n4_a_queued_frame_reaches_a_returning_reader_while_the_run_goes_on ... ok
test j4_n4_a_queued_terminal_frame_is_delivered_once_the_reader_returns ... ok
test j4_n6_a_failed_policy_write_refuses_with_a_refused_receipt ... ok
test j4_r02_a_failed_receipt_copy_never_reuses_a_revision ... ok
test j4_r02_a_stalled_sync_never_delays_the_wall ... ok
test j4_r02_every_site_under_every_fault_leaves_valid_records ... ok
test j4_r02_persistence_that_cannot_finish_in_5s_stops_the_child_unacknowledged ... ok
test j4_r03_control_backpressure_counts_an_undelivered_terminal_frame ... ok
test j4_r03_control_backpressure_never_delays_the_wall ... ok
test j4_s9_every_test_seam_in_force_is_recorded ... ok
test j4_w3_a_seam_set_twice_is_recorded_with_the_value_getenv_returns ... ok
test j4_w3_p1a_abandoned_persistence_stops_at_the_next_step ... ok
test j4_w3_p1b_the_lease_is_kept_while_persistence_is_in_flight ... ok
test j4_w3_p2_a_failed_proxy_socket_record_writes_a_valid_refused_receipt ... ok
test j4_w3_p2_every_launch_state_write_under_every_fault_leaves_valid_records ... ok
test j4_w3_p3_the_tree_is_ended_without_waiting_for_persistence ... ok
test j4_w3_p5_an_error_no_receipt_carries_reaches_stderr ... ok
test j4_w3_p6_control_and_trace_name_a_receipt_by_the_same_digest ... ok
test seam_child_helper ... ignored, child helper invoked by j4_s9_every_test_seam_in_force_is_recorded

test result: ok. 20 passed; 0 failed; 1 ignored; 0 measured; 0 filtered out; finished in 47.34s

     Running tests/portable_policy.rs (target/debug/deps/portable_policy-2cd11bd5ad7e9ea8)

running 32 tests
test a_cli_tilde_path_is_cwd_relative_not_home_relative ... ok
test i02_launch_reads_only_the_operators_configuration ... ok
test p01_a_semantic_change_in_a_canonical_toml_input_changes_only_the_policy_digest ... ok
test p02_a_case_variation_is_caught_by_identity_on_a_case_folding_volume ... ok
test p02_a_credential_in_the_project_file_refuses_with_its_key_path ... ok
test p02_a_denial_is_never_a_widening_however_it_is_spelled ... ok
test p02_a_denied_subtree_cannot_be_re_granted_by_any_spelling ... ok
test p02_a_grant_beneath_a_denied_subtree_refuses_at_any_depth ... ok
test p02_a_host_the_ruleset_cannot_normalize_refuses_as_an_unknown_subset ... ok
test p02_a_project_file_cannot_add_credentials_launch_executable_or_backend ... ok
test p02_a_project_file_may_not_select_a_profile_or_extend_one ... ok
test p02_a_symlink_component_and_a_case_variation_refuse_with_the_key_path ... ok
test p02_a_symlink_component_refuses_because_its_target_is_the_childs_choice ... ok
test p02_a_trusted_layer_is_not_held_to_the_identity_rule ... ok
test p02_a_trusted_operator_layer_may_still_grant_and_is_recorded ... ok
test p02_adding_a_host_grant_refuses_and_wildcards_are_label_sets ... ok
test p02_adding_a_path_grant_refuses_with_its_key_path ... ok
test p02_an_absent_path_refuses_as_a_grant_and_narrows_as_a_denial ... ok
test p02_an_object_that_does_not_exist_is_an_unknown_subset ... ok
test p02_every_narrowing_category_is_allowed ... ok
test p02_none_cannot_be_selected_through_a_project_or_profile_file ... ok
test p02_path_prefix_confusion_refuses ... ok
test p02_raising_a_ceiling_refuses_with_that_limit_key ... ok
test p02_raising_mem_or_cpu_refuses_with_that_limit_key ... ok
test p02_raising_mem_or_cpu_through_the_project_file_refuses_with_the_limit_key ... ok
test p02_the_workspace_root_itself_is_a_real_directory ... ok
test p02_weakening_coverage_evidence_or_observation_refuses ... ok
test p02_widening_the_network_mode_refuses ... ok
test p02_widening_through_a_launch_profile_refuses_with_its_key_path ... ok
test project_cannot_relax_swap_storage_or_inode_ceilings ... ok
test project_host_narrowing_replaces_the_base_set_including_empty ... ok
test pseudo_fs_grant_rule_follows_filesystem_type_and_mount_topology ... ok

test result: ok. 32 passed; 0 failed; 0 ignored; 0 measured; 0 filtered out; finished in 0.07s

     Running tests/portable_proxy.rs (target/debug/deps/portable_proxy-10009497909305f7)

running 51 tests
test a_named_tls_mismatch_never_connects_upstream ... ok
test n02_a_half_closed_tunnel_still_delivers_the_response ... ok
test n02_a_pipelined_second_request_is_discarded_and_stated ... ok
test n02_a_resource_failure_event_is_truthful ... ok
test n02_allowed_connect_tunnel_yields_one_allow_result_at_close ... ok
test n02_chunked_body_is_forwarded_exactly_and_nothing_after_it ... ok
test n02_connect_early_data_is_forwarded_in_order_and_counted ... ok
test n02_denied_request_yields_one_deny_result_before_the_response ... ok
test n02_plain_http_forwards_exactly_the_framed_request_without_proxy_credentials ... ok
test n02_results_are_valid_distinct_proxy_source_events ... ok
test n02_the_proxy_writes_no_log ... ok
test n03_a_connect_host_without_a_port_means_the_connect_port ... ok
test n03_host_and_absolute_uri_disagreement_refuses_before_resolution ... ok
test n03_ipv6_loopback_is_reachable_only_through_its_grant ... ok
test n03_mixed_answers_refuse_and_nothing_connects ... ok
test n03_numeric_requests_need_an_exact_grant_and_are_never_resolved ... ok
test n03_private_addresses_behind_an_allowed_name_are_denied ... ok
test n03_rebinding_connects_only_to_the_single_checked_answer ... ok
test n04_a_closed_client_with_a_silent_destination_releases_its_slot ... ok
test n04_a_drain_cut_short_reports_the_missing_result ... ok
test n04_a_panicking_handler_settles_answers_and_closes ... ok
test n04_a_result_after_the_seal_is_not_delivered ... ok
test n04_a_tunnel_holds_two_descriptors ... ok
test n04_backpressure_bounds_buffering_of_a_response_the_client_does_not_read ... ok
test n04_budgets_default_to_section_10 ... ok
test n04_connect_falls_back_across_approved_answers_only ... ok
test n04_descriptor_exhaustion_is_reported_truthfully ... FAILED
test n04_header_overflow_refuses_at_the_32_kib_budget ... ok
test n04_hosts_that_cost_quadratic_idna_work_refuse_fast ... ok
test n04_malformed_and_unsupported_requests_are_refused_without_connecting ... ok
test n04_no_upstream_connect_after_stop_began ... ok
test n04_resolver_deadline_bounds_the_request ... ok
test n04_resolver_overload_is_reported_as_such ... ok
test n04_saturation_refuses_with_overload_then_recovers ... ok
test n04_slow_headers_end_at_the_absolute_deadline_even_while_bytes_trickle ... ok
test n04_start_raises_the_soft_descriptor_limit_to_the_hard_limit ... ok
test n04_start_refuses_a_descriptor_budget_that_does_not_fit_and_names_it ... ok
test n04_stop_closes_a_tunnel_to_a_silent_destination ... ok
test n04_stop_closes_every_connection_and_accounts_for_each ... ok
test n04_stop_closes_the_listener_after_its_path_was_removed ... ok
test n04_stop_ends_a_relay_blocked_writing_to_the_destination ... ok
test n04_stop_with_the_largest_budget_does_not_panic ... ok
test n04_system_resolver_is_bounded_absolute_and_refuses_what_is_not_a_name ... ok
test n04_system_resolver_looks_up_the_absolute_name_and_keeps_its_deadline ... ok
test n04_the_slot_is_free_before_the_result_is_delivered ... ok
test n04_unusable_budgets_refuse_to_start ... ok
test n04_upstream_death_mid_tunnel_closes_the_client_and_is_reported ... ok
test named_first_flight_refusals_are_bounded_and_never_connect ... ok
test proxy_limits_helper ... ignored, child helper invoked by the n04 descriptor tests
test socks_named_tls_uses_the_same_origin_gate_and_relay ... ok
test socks_udp_and_bind_are_explicitly_unsupported ... ok

failures:

---- n04_descriptor_exhaustion_is_reported_truthfully stdout ----

thread 'n04_descriptor_exhaustion_is_reported_truthfully' (6268672) panicked at crates/ouro-jail/tests/portable_proxy.rs:2167:5:
helper exhaust failed: 
running 1 test
HELPER free2_status=503
HELPER free2_header=resource_exhausted
HELPER free2_result=Allow ResourceExhausted connected=false errno=EMFILE end=None
HELPER free3_status=200
HELPER free3_relayed=hi
test proxy_limits_helper ... FAILED

failures:

failures:
    proxy_limits_helper

test result: FAILED. 0 passed; 1 failed; 0 ignored; 0 measured; 50 filtered out; finished in 0.13s



thread 'proxy_limits_helper' (6268677) panicked at crates/ouro-jail/tests/portable_proxy.rs:222:22:
EOF before a response head: []
note: run with `RUST_BACKTRACE=1` environment variable to display a backtrace



failures:
    n04_descriptor_exhaustion_is_reported_truthfully

test result: FAILED. 49 passed; 1 failed; 1 ignored; 0 measured; 0 filtered out; finished in 14.92s

error: test failed, to rerun pass `-p ouro-jail --test portable_proxy`
