    Updating crates.io index
 Downloading crates ...
  Downloaded cfg-if v1.0.5
  Downloaded colorchoice v1.0.5
  Downloaded crypto-common v0.1.7
  Downloaded bit-set v0.8.0
  Downloaded borrow-or-share v0.2.4
  Downloaded anstyle-query v1.1.5
  Downloaded asn1-rs-derive v0.6.0
  Downloaded asn1-rs-impl v0.2.0
  Downloaded ref-cast v1.0.27
  Downloaded heck v0.5.0
  Downloaded scopeguard v1.2.0
  Downloaded cpufeatures v0.2.17
  Downloaded clap_lex v1.1.1
  Downloaded itoa v1.0.18
  Downloaded num v0.4.3
  Downloaded lazy_static v1.5.0
  Downloaded outref v0.5.2
  Downloaded is_terminal_polyfill v1.70.2
  Downloaded num-conv v0.2.2
  Downloaded num-cmp v0.1.0
  Downloaded equivalent v1.0.2
  Downloaded num-iter v0.1.46
  Downloaded powerfmt v0.2.0
  Downloaded toml_datetime v0.6.11
  Downloaded generic-array v0.14.7
  Downloaded jsonschema-regex v0.57.0
  Downloaded serde_spanned v0.6.9
  Downloaded untrusted v0.9.0
  Downloaded utf8parse v0.2.2
  Downloaded percent-encoding v2.3.2
  Downloaded ref-cast-impl v1.0.27
  Downloaded fallible-streaming-iterator v0.1.9
  Downloaded uuid-simd v0.8.0
  Downloaded sha2 v0.10.9
  Downloaded shlex v2.0.1
  Downloaded anstream v1.0.0
  Downloaded anstyle v1.0.14
  Downloaded block-buffer v0.10.4
  Downloaded rusticata-macros v4.1.0
  Downloaded anstyle-parse v1.0.0
  Downloaded bytecount v0.6.9
  Downloaded bit-vec v0.9.1
  Downloaded autocfg v1.5.1
  Downloaded bit-vec v0.8.0
  Downloaded digest v0.10.7
  Downloaded data-encoding v2.11.1
  Downloaded oid-registry v0.8.1
  Downloaded pkg-config v0.3.34
  Downloaded subtle v2.6.1
  Downloaded displaydoc v0.2.7
  Downloaded strsim v0.11.1
  Downloaded email_address v0.2.9
  Downloaded fallible-iterator v0.3.0
  Downloaded deranged v0.5.8
  Downloaded num-complex v0.4.6
  Downloaded num-rational v0.4.2
  Downloaded quote v1.0.47
  Downloaded foldhash v0.2.0
  Downloaded find-msvc-tools v0.1.14
  Downloaded num-integer v0.1.47
  Downloaded ahash v0.8.12
  Downloaded lock_api v0.4.14
  Downloaded parking_lot_core v0.9.12
  Downloaded clap_derive v4.6.7
  Downloaded hashlink v0.12.2
  Downloaded thiserror v2.0.21
  Downloaded rustls-pki-types v1.15.1
  Downloaded pem v4.0.0
  Downloaded once_cell v1.21.4
  Downloaded parking_lot v0.12.5
  Downloaded version_check v0.9.5
  Downloaded getrandom v0.2.17
  Downloaded time-core v0.1.9
  Downloaded allocator-api2 v0.2.21
  Downloaded jsonschema-value v0.57.0
  Downloaded aho-corasick v1.1.5
  Downloaded bitflags v2.13.2
  Downloaded num-traits v0.2.19
  Downloaded referencing v0.57.0
  Downloaded rcgen v0.14.10
  Downloaded getrandom v0.3.4
  Downloaded toml_write v0.1.2
  Downloaded fluent-uri v0.4.1
  Downloaded strum v0.28.0
  Downloaded getrandom v0.4.3
  Downloaded clap v4.6.7
  Downloaded der-parser v10.0.0
  Downloaded micromap v0.3.0
  Downloaded synstructure v0.13.2
  Downloaded smallvec v1.16.1
  Downloaded vsimd v0.8.0
  Downloaded proc-macro2 v1.0.107
  Downloaded serde_core v1.0.229
  Downloaded zeroize v1.9.0
  Downloaded base64 v0.22.1
  Downloaded asn1-rs v0.7.2
  Downloaded strum_macros v0.28.0
  Downloaded rustls-webpki v0.103.15
  Downloaded thiserror-impl v2.0.21
  Downloaded zmij v1.0.23
  Downloaded base64 v0.23.1
  Downloaded serde v1.0.229
  Downloaded minimal-lexical v0.2.1
  Downloaded num-bigint v0.4.8
  Downloaded memchr v2.8.3
  Downloaded cc v1.5.1
  Downloaded fraction v0.17.0
  Downloaded indexmap v2.14.2
  Downloaded nom v7.1.3
  Downloaded hashbrown v0.17.1
  Downloaded clap_builder v4.6.7
  Downloaded regex v1.13.1
  Downloaded rusqlite v0.40.2
  Downloaded yasna v0.6.0
  Downloaded fancy-regex v0.19.2
  Downloaded time-macros v0.2.32
  Downloaded unicode-general-category v1.1.0
  Downloaded regex-syntax v0.8.11
  Downloaded toml v0.8.23
  Downloaded unicode-ident v1.0.26
  Downloaded serde_derive v1.0.229
  Downloaded rustls v0.23.45
  Downloaded uuid v1.26.1
  Downloaded toml_edit v0.22.27
  Downloaded regex-automata v0.4.18
  Downloaded jsonschema v0.57.0
  Downloaded libc v0.2.189
  Downloaded serde_json v1.0.151
  Downloaded x509-parser v0.18.1
  Downloaded typenum v1.20.1
  Downloaded ring v0.17.14
  Downloaded winnow v0.7.15
  Downloaded vcpkg v0.2.15
  Downloaded webpki-roots v1.0.9
  Downloaded time v0.3.55
  Downloaded zerocopy v0.8.57
  Downloaded syn v2.0.119
  Downloaded syn v3.0.6
  Downloaded libsqlite3-sys v0.38.2
   Compiling proc-macro2 v1.0.107
   Compiling unicode-ident v1.0.26
   Compiling quote v1.0.47
   Compiling version_check v0.9.5
   Compiling libc v0.2.189
   Compiling syn v3.0.6
   Compiling cfg-if v1.0.5
   Compiling generic-array v0.14.7
   Compiling serde_core v1.0.229
   Compiling serde v1.0.229
   Compiling serde_derive v1.0.229
   Compiling memchr v2.8.3
   Compiling find-msvc-tools v0.1.14
   Compiling shlex v2.0.1
   Compiling cc v1.5.1
   Compiling zmij v1.0.23
   Compiling autocfg v1.5.1
   Compiling num-traits v0.2.19
   Compiling typenum v1.20.1
   Compiling serde_json v1.0.151
   Compiling foldhash v0.2.0
   Compiling heck v0.5.0
   Compiling itoa v1.0.18
   Compiling allocator-api2 v0.2.21
   Compiling equivalent v1.0.2
   Compiling hashbrown v0.17.1
   Compiling utf8parse v0.2.2
   Compiling anstyle-parse v1.0.0
   Compiling block-buffer v0.10.4
   Compiling crypto-common v0.1.7
   Compiling is_terminal_polyfill v1.70.2
   Compiling anstyle v1.0.14
   Compiling anstyle-query v1.1.5
   Compiling colorchoice v1.0.5
   Compiling anstream v1.0.0
   Compiling digest v0.10.7
   Compiling num-integer v0.1.47
   Compiling cpufeatures v0.2.17
   Compiling clap_lex v1.1.1
   Compiling strsim v0.11.1
   Compiling once_cell v1.21.4
   Compiling clap_builder v4.6.7
   Compiling sha2 v0.10.9
   Compiling clap_derive v4.6.7
   Compiling ring v0.17.14
   Compiling zerocopy v0.8.57
   Compiling getrandom v0.3.4
   Compiling clap v4.6.7
   Compiling num-bigint v0.4.8
   Compiling ahash v0.8.12
   Compiling parking_lot_core v0.9.12
   Compiling ref-cast v1.0.27
   Compiling getrandom v0.4.3
   Compiling regex-syntax v0.8.11
   Compiling smallvec v1.16.1
   Compiling zeroize v1.9.0
   Compiling rustls-pki-types v1.15.1
   Compiling num-rational v0.4.2
   Compiling num-iter v0.1.46
   Compiling num-complex v0.4.6
   Compiling aho-corasick v1.1.5
   Compiling ref-cast-impl v1.0.27
   Compiling getrandom v0.2.17
   Compiling scopeguard v1.2.0
   Compiling pkg-config v0.3.34
   Compiling vcpkg v0.2.15
   Compiling untrusted v0.9.0
   Compiling libsqlite3-sys v0.38.2
   Compiling regex-automata v0.4.18
   Compiling lock_api v0.4.14
   Compiling num v0.4.3
   Compiling syn v2.0.119
   Compiling borrow-or-share v0.2.4
   Compiling base64 v0.22.1
   Compiling unicode-general-category v1.1.0
   Compiling num-conv v0.2.2
   Compiling powerfmt v0.2.0
   Compiling deranged v0.5.8
   Compiling bit-vec v0.8.0
   Compiling time-core v0.1.9
   Compiling time v0.3.55
   Compiling bit-set v0.8.0
   Compiling ouro-records v0.1.0 (/home/monocursive/ouro-ledger-pruning-20261005-pi-r1/crates/ouro-records)
   Compiling fluent-uri v0.4.1
   Compiling strum_macros v0.28.0
   Compiling uuid v1.26.1
   Compiling parking_lot v0.12.5
   Compiling fraction v0.17.0
   Compiling indexmap v2.14.2
   Compiling toml_datetime v0.6.11
   Compiling serde_spanned v0.6.9
   Compiling outref v0.5.2
   Compiling toml_write v0.1.2
   Compiling bytecount v0.6.9
   Compiling winnow v0.7.15
   Compiling micromap v0.3.0
   Compiling num-cmp v0.1.0
   Compiling vsimd v0.8.0
   Compiling rustls v0.23.45
   Compiling base64 v0.23.1
   Compiling percent-encoding v2.3.2
   Compiling referencing v0.57.0
   Compiling pem v4.0.0
   Compiling uuid-simd v0.8.0
   Compiling jsonschema-value v0.57.0
   Compiling toml_edit v0.22.27
   Compiling strum v0.28.0
   Compiling ouro-jail v0.1.0 (/home/monocursive/ouro-ledger-pruning-20261005-pi-r1/crates/ouro-jail)
   Compiling fancy-regex v0.19.2
   Compiling yasna v0.6.0
   Compiling regex v1.13.1
   Compiling rustls-webpki v0.103.15
   Compiling jsonschema-regex v0.57.0
   Compiling hashlink v0.12.2
   Compiling email_address v0.2.9
   Compiling subtle v2.6.1
   Compiling bitflags v2.13.2
   Compiling data-encoding v2.11.1
   Compiling fallible-streaming-iterator v0.1.9
   Compiling fallible-iterator v0.3.0
   Compiling jsonschema v0.57.0
   Compiling rusqlite v0.40.2
   Compiling rcgen v0.14.10
   Compiling toml v0.8.23
   Compiling webpki-roots v1.0.9
   Compiling ouro-fixture v0.1.0 (/home/monocursive/ouro-ledger-pruning-20261005-pi-r1/crates/ouro-fixture)
   Compiling ouro-ledger v0.1.0 (/home/monocursive/ouro-ledger-pruning-20261005-pi-r1/crates/ouro-ledger)
    Finished `release` profile [optimized] target(s) in 17m 40s
