./rustup-init: OK
info: profile set to minimal
info: default host tuple is aarch64-unknown-linux-gnu
info: syncing channel updates for 1.98.1-aarch64-unknown-linux-gnu
info: latest update on 2026-09-03 for version 1.98.1 (48a229cea 2026-09-01)
info: downloading 5 components
info: default toolchain set to 1.98.1-aarch64-unknown-linux-gnu

  1.98.1-aarch64-unknown-linux-gnu installed - rustc 1.98.1 (48a229cea 2026-09-01)


Rust is installed now. Great!

To get started you need Cargo's bin directory 
(/home/monocursive/ouro-ledger-pruning-20261005-pi-r1/tooling/cargo/bin) in 
your PATH
environment variable. This has not been done automatically.

To configure your current shell, you need to source
the corresponding env file under 
/home/monocursive/ouro-ledger-pruning-20261005-pi-r1/tooling/cargo.

Consider running the right command for your shell (note the leading DOT):
. "/home/monocursive/ouro-ledger-pruning-20261005-pi-r1/tooling/cargo/env" # 
For sh/ash/dash/pdksh/bash
cargo:rerun-if-env-changed=CC_aarch64-unknown-linux-gnu
CC_aarch64-unknown-linux-gnu = None
cargo:rerun-if-env-changed=CC_aarch64_unknown_linux_gnu
CC_aarch64_unknown_linux_gnu = None
cargo:rerun-if-env-changed=HOST_CC
HOST_CC = None
cargo:rerun-if-env-changed=CC
CC = None
cargo:rerun-if-env-changed=CC_ENABLE_DEBUG_OUTPUT
cargo:rerun-if-env-changed=CRATE_CC_NO_DEFAULTS
CRATE_CC_NO_DEFAULTS = None
cargo:rerun-if-env-changed=CFLAGS
CFLAGS = None
cargo:rerun-if-env-changed=HOST_CFLAGS
HOST_CFLAGS = None
cargo:rerun-if-env-changed=CFLAGS_aarch64_unknown_linux_gnu
CFLAGS_aarch64_unknown_linux_gnu = None
cargo:rerun-if-env-changed=CFLAGS_aarch64-unknown-linux-gnu
CFLAGS_aarch64-unknown-linux-gnu = None
rustc 1.98.1 (48a229cea 2026-09-01)
cargo 1.98.1 (797e8a9bc 2026-08-05)
