   Compiling shlex v2.0.1
   Compiling find-msvc-tools v0.1.14
   Compiling zeroize v1.9.0
   Compiling getrandom v0.2.17
   Compiling rustls-pki-types v1.15.1
   Compiling cc v1.5.1
   Compiling untrusted v0.9.0
   Compiling deranged v0.5.8
   Compiling time-core v0.1.9
   Compiling powerfmt v0.2.0
   Compiling num-conv v0.2.2
   Compiling indexmap v2.14.2
   Compiling toml_datetime v0.6.11
   Compiling serde_spanned v0.6.9
   Compiling base64 v0.23.1
   Compiling time v0.3.55
   Compiling toml_write v0.1.2
   Compiling winnow v0.7.15
   Compiling rustls v0.23.45
   Compiling pem v4.0.0
   Compiling ring v0.17.14
   Compiling yasna v0.6.0
   Compiling ouro-jail v0.1.0 (/home/ouro-ci/ouro-owner-20261002-aceed908/crates/ouro-jail)
   Compiling subtle v2.6.1
   Compiling webpki-roots v1.0.9
   Compiling toml_edit v0.22.27
   Compiling toml v0.8.23
   Compiling rustls-webpki v0.103.15
   Compiling rcgen v0.14.10
    Finished `test` profile [unoptimized + debuginfo] target(s) in 32.13s
     Running tests/observer_regression_linux.rs (target/debug/deps/observer_regression_linux-ba0ad610cc21ce55)

running 1 test
test r10_the_queue_bound_is_the_four_mib_of_the_spec ... r10: 16000 two-path events queued, supervisor RSS delta 4.00 MiB, live allocations 4127632 bytes, observer peak 3.94 MiB, dropped 15500
ok

test result: ok. 1 passed; 0 failed; 0 ignored; 0 measured; 30 filtered out; finished in 5.58s

