   Compiling ouro-jail v0.1.0 (/tmp/ouro-resource-20261001/src/crates/ouro-jail)
   Compiling xtask v0.1.0 (/tmp/ouro-resource-20261001/src/crates/xtask)
    Finished `release` profile [optimized] target(s) in 8m 53s
     Running unittests src/lib.rs (target/release/deps/ouro_fixture-ed6d030627e7fdf1)

running 109 tests
test bounded::tests::a_read_never_writes_past_the_buffer_it_was_given ... ok
test bounded::tests::a_read_with_nothing_to_read_stops_at_the_deadline ... ok
test bounded::tests::a_timeout_is_marked_as_the_fixtures_own ... ok
test bounded::tests::end_of_stream_is_zero_and_a_closed_descriptor_is_an_errno ... ok
test bounded::tests::the_preview_is_bounded ... ok
test cli::tests::a_script_step_parses_exactly_like_a_process_argv ... ok
test cli::tests::an_unknown_expectation_is_a_parse_error ... ok
test cli::tests::echo_args_keeps_hyphenated_and_metacharacter_arguments ... ok
test cli::tests::exec_argv_only_comes_after_a_double_dash ... ok
test cli::tests::mknod_defaults_to_mknodat_and_a_fifo ... ok
test cli::tests::octal_modes_parse_as_octal ... ok
test cli::tests::open_defaults_to_openat_and_expects_success ... ok
test cli::tests::report_fd_and_no_report_are_available_to_every_mode ... ok
test cli::tests::the_truncation_modes_take_a_signed_length ... ok
test errno::tests::aliases_resolve_to_the_first_listed_name ... ok
test errno::tests::round_trips_a_common_errno ... ok
test errno::tests::the_table_is_not_empty_and_is_sorted_for_messages ... ok
test errno::tests::unknown_names_and_values_stay_unknown ... ok
test harness::gate::tests::a_plan_that_binds_nothing_authorises_nothing ... ok
test harness::gate::tests::a_proposal_prefers_the_receipt_bindings_over_the_control_message ... ok
test harness::gate::tests::a_valid_frame_matches_the_specification_example ... ok
test harness::gate::tests::each_fault_variant_really_carries_its_fault ... ok
test harness::gate::tests::every_binding_mismatch_is_named_and_an_absent_one_is_not_silently_accepted ... ok
test harness::gate::tests::requirements_are_compared_as_a_set_and_an_absent_list_mismatches ... ok
test harness::http::tests::a_malformed_head_is_counted_and_answered_400 ... ok
test harness::http::tests::a_request_is_recorded_before_its_response_arrives ... ok
test harness::http::tests::request_heads_parse_strictly ... ok
test harness::http::tests::stopping_is_prompt_and_idempotent_with_drop ... ok
test harness::pipes::tests::a_drain_that_reaches_eof_is_complete ... ok
test harness::pipes::tests::a_drain_that_times_out_keeps_every_line_it_already_read ... ok
test harness::pipes::tests::an_empty_writer_close_reads_as_immediate_eof ... ok
test harness::pipes::tests::both_ends_of_a_new_pipe_are_close_on_exec ... ok
test harness::pipes::tests::targets_never_collide_with_a_source_or_with_stdio ... ok
test harness::pipes::tests::the_line_reader_splits_on_lf_and_reports_eof ... ok
test harness::pipes::tests::the_reader_times_out_rather_than_hanging ... ok
test harness::tempdir::tests::it_creates_a_private_directory_and_removes_it_on_drop ... ok
test harness::tempdir::tests::two_directories_never_collide ... ok
test harness::tests::a_consumer_that_closes_after_n_bytes_takes_exactly_those_bytes ... ok
test harness::tests::a_consumer_that_never_reads_still_reports_what_the_pipe_held_at_exit ... ok
test harness::tests::a_file_size_limit_makes_a_real_short_write_then_efbig ... ok
test harness::tests::a_partial_transcript_refuses_to_answer_questions_about_absence ... ok
test harness::tests::a_pretty_receipt_compacts_to_the_bytes_its_digest_is_over ... ok
test harness::tests::a_receipt_that_cannot_be_parsed_is_an_error_not_an_empty_list ... ok
test harness::tests::a_required_binary_that_is_absent_panics_whatever_the_tree_contains ... ok
test harness::tests::a_skip_is_a_failure_in_conformance_mode_and_a_note_otherwise ... ok
test harness::tests::a_slow_consumer_still_reads_to_eof ... ok
test harness::tests::a_spawned_program_starts_with_default_int_quit_and_hup ... ok
test harness::tests::a_torn_frame_followed_by_more_frames_still_invalidates_the_run ... ok
test harness::tests::an_override_must_point_at_something_executable ... ok
test harness::tests::conformance_mode_is_exactly_the_value_one ... ok
test harness::tests::j4_r03_a_torn_last_trace_line_is_reported_not_a_failed_run ... ok
test harness::tests::live_required_reads_that_rule_from_the_environment ... ok
test harness::tests::receipts_read_both_a_single_document_and_ndjson ... ok
test harness::tests::the_binary_search_never_leaves_the_profile_directory ... ok
test harness::tests::the_build_lock_is_released_when_dropped ... ok
test harness::tests::the_builder_gives_each_run_its_own_private_state ... ok
test harness::tests::the_fixture_binary_is_locatable_and_executable ... ok
test harness::tests::the_trace_guard_accepts_only_a_trace_ending_on_the_final_receipts_note ... ok
test harness::tests::two_worktrees_never_share_one_on_demand_build_directory ... ok
test harness::unix_probe::tests::a_connection_made_just_before_stop_is_never_lost ... ok
test harness::unix_probe::tests::a_connection_that_is_never_waited_for_is_still_counted ... ok
test harness::unix_probe::tests::a_path_that_does_not_fit_is_refused_before_any_socket ... ok
test harness::unix_probe::tests::an_untouched_probe_reports_zero ... ok
test harness::unix_probe::tests::seqpacket_is_linux_only ... ok
test net::tests::a_head_parses_status_and_framing ... ok
test net::tests::a_query_is_encoded_label_by_label ... ok
test net::tests::a_response_yields_its_header_and_a_records ... ok
test net::tests::hostile_responses_are_bounded_and_never_read_out_of_range ... ok
test net::tests::lowercase_wins_and_an_empty_value_is_unset ... ok
test net::tests::proxy_values_are_interpreted_without_being_echoed ... ok
test net::tests::urls_and_authorities_parse_strictly ... ok
test ops::j5e::tests::a_counter_is_one_decimal_value ... ok
test ops::j5e::tests::the_high_water_mark_is_read_in_kib_from_its_own_line ... ok
test ops::j5e::tests::the_workload_clock_moves_forward ... ok
test ops::tests::a_mknod_mode_carries_the_file_type_bits_with_the_permissions ... ok
test ops::tests::an_image_refuses_an_argument_with_an_interior_nul ... ok
test ops::tests::an_interior_nul_path_never_reaches_a_syscall ... ok
test ops::tests::legacy_variants_track_the_architecture ... ok
test ops::tests::mknodat_is_linux_only_while_truncation_is_portable ... ok
test ops::tests::signals_parse_by_name_number_and_sig_prefix ... ok
test ops::tests::the_byte_pattern_covers_every_byte_value ... ok
test ops::tests::unavailable_names_only_what_this_build_lacks ... ok
test raw::tests::a_trailing_nul_is_also_an_interior_nul_for_cstring ... ok
test raw::tests::an_interior_nul_path_is_refused_before_any_syscall ... ok
test raw::tests::mechanism_names_the_real_path_to_the_kernel ... ok
test raw::tests::ordinary_and_non_utf8_paths_convert ... ok
test report::tests::a_report_that_cannot_be_written_is_counted_not_ignored ... ok
test report::tests::a_success_reports_a_null_errno ... ok
test report::tests::an_unusable_line_satisfies_nothing_not_even_any ... ok
test report::tests::expectations_parse_and_reject ... ok
test report::tests::non_utf8_paths_carry_their_exact_bytes ... ok
test report::tests::ok_and_errno_expectations_discriminate ... ok
test report::tests::the_line_has_the_four_contract_keys_in_order ... ok
test sandbox::tests::a_foreign_architecture_or_an_x32_number_never_reaches_the_table ... ok
test sandbox::tests::syscall_names_resolve_dedupe_and_refuse ... ok
test sandbox::tests::the_filter_denies_exactly_the_named_numbers_on_x86_64 ... ok
test sandbox::tests::the_landlock_attributes_have_the_kernels_layout ... ok
test sandbox::tests::the_largest_filter_keeps_every_jump_in_range ... ok
test sandbox::tests::the_table_matches_the_kernels_numbers ... ok
test sockaddr::tests::a_path_that_does_not_fit_is_refused_not_cut ... ok
test sockaddr::tests::an_abstract_name_is_length_delimited_and_bounded ... ok
test sockaddr::tests::an_empty_or_nul_bearing_path_is_refused ... ok
test sockaddr::tests::each_length_variant_passes_what_it_names ... ok
test sockaddr::tests::inet_addresses_carry_their_own_sizes ... ok
test sockaddr::tests::the_capacity_is_the_real_sun_path_size ... ok
test unix::tests::a_descriptor_crosses_a_socket_pair_and_keeps_its_kind ... ok
test unix::tests::a_message_without_descriptors_yields_none ... ok
test unix::tests::more_descriptors_than_fit_are_cut_by_the_kernel_not_written_past_the_buffer ... ok
test unix::tests::the_control_buffer_holds_the_descriptors_it_promises ... ok

test result: ok. 109 passed; 0 failed; 0 ignored; 0 measured; 0 filtered out; finished in 0.45s

     Running unittests src/main.rs (target/release/deps/ouro_fixture-f56642b3745e6bbc)

running 0 tests

test result: ok. 0 passed; 0 failed; 0 ignored; 0 measured; 0 filtered out; finished in 0.00s

     Running unittests src/bin/stand-in-jail.rs (target/release/deps/stand_in_jail-35c0a8fe53fcb929)

running 0 tests

test result: ok. 0 passed; 0 failed; 0 ignored; 0 measured; 0 filtered out; finished in 0.00s

     Running tests/fixture_modes.rs (target/release/deps/fixture_modes-5b8da8a3b17522fc)

running 38 tests
test a_background_descendant_outlives_the_parent_and_the_parent_exits_zero ... ok
test a_malformed_script_is_a_usage_error ... ok
test a_missing_executable_is_reported_as_enoent_not_as_a_crash ... ok
test a_non_utf8_path_and_argument_survive_a_real_process ... ok
test a_path_with_an_interior_nul_is_refused_before_the_syscall ... ok
test a_script_accepts_the_node_and_truncation_modes_too ... ok
test a_script_cannot_report_success_over_an_earlier_failure ... ok
test a_script_refuses_a_terminating_step_that_is_not_last ... ok
test a_script_runs_every_step_in_one_process_and_reports_each ... ok
test a_thread_starts_and_joins ... ok
test an_expected_errno_succeeds_and_an_unexpected_one_fails ... ok
test an_unknown_errno_name_is_a_usage_error_before_anything_runs ... ok
test connect_reports_a_real_result_and_refuses_a_name ... ok
test echo_args_reproduces_hostile_arguments_byte_for_byte ... ok
test env_reports_names_only_and_never_a_value ... ok
test exec_forks_execs_and_reports_both_the_exec_and_the_child_status ... ok
test exec_hands_the_target_no_private_descriptor_and_does_not_wait_for_descendants ... ok
test exec_replace_leaves_no_line_on_success_and_one_on_failure ... ok
test execveat_works_on_linux_and_reports_unsupported_elsewhere ... ok
test exit_and_raise_produce_the_status_they_report ... ok
test fds_reports_kinds_without_paths ... ok
test fds_sees_a_descriptor_far_above_any_probe_bound ... ok
test fork_storm_forks_and_reaps_exactly_what_it_reports ... ok
test ftruncate_reports_the_open_that_named_the_path_and_then_a_descriptor_only_call ... ok
test mkdir_and_rmdir_work_through_their_variants ... ok
test mknod_creates_the_node_kind_it_names ... ok
test mknod_reports_the_kernels_refusal_rather_than_pre_judging_it ... ok
test one_failed_step_fails_the_whole_script_without_stopping_it ... ok
test open_creates_a_file_through_every_variant_this_platform_has ... ok
test openat2_works_on_linux_and_reports_unsupported_elsewhere ... ok
test rename_unlink_link_and_symlink_change_the_filesystem_as_reported ... ok
test renameat2_works_on_linux_and_reports_unsupported_elsewhere ... ok
test sleep_spin_and_ignore_term_report_before_they_block ... ok
test status_reads_proc_on_linux_and_reports_unsupported_elsewhere ... ok
test the_byte_streams_are_exact_and_carry_no_report_line ... ok
test the_report_can_be_moved_off_stdout_by_descriptor ... ok
test truncate_sets_the_length_by_path ... ok
test write_mmap_writes_through_the_descriptor_and_the_mapping ... ok

test result: ok. 38 passed; 0 failed; 0 ignored; 0 measured; 0 filtered out; finished in 0.17s

     Running tests/harness_gate.rs (target/release/deps/harness_gate-53ea6beb09f4bb3c)

running 14 tests
test a_descriptor_inherited_from_the_environment_does_not_reach_the_target ... ok
test a_run_that_fails_to_start_is_an_error_not_a_pass ... ok
test a_run_without_channels_still_works_and_keeps_its_state_private ... ok
test a_valid_release_runs_the_target_exactly_once ... ok
test a_withheld_gate_refuses_and_the_target_never_runs ... ok
test every_malformed_release_refuses_and_leaves_no_marker ... ok
test malformed_json_invalidates_control_and_trace_transcripts ... ok
test the_builder_gives_the_jail_the_environment_and_target_argv_it_was_given ... ok
test the_harness_closes_a_gate_the_test_forgot_and_says_so ... ok
test the_owner_withholds_when_a_binding_does_not_match_its_plan ... ok
test the_run_exposes_the_receipt_the_trace_and_the_private_state ... ok
test the_target_inherits_only_stdio_and_no_channel_descriptor ... ok
test wait_drains_a_trace_larger_than_pipe_capacity_before_exit ... ok
test wait_enforces_a_deadline_even_when_the_child_never_exits ... ok

test result: ok. 14 passed; 0 failed; 0 ignored; 0 measured; 0 filtered out; finished in 0.42s

     Running tests/net_modes.rs (target/release/deps/net_modes-5b3f06f8797b73f6)

running 18 tests
test a_denied_connect_is_a_response_with_no_tunnel ... ok
test a_refused_connection_carries_its_errno_to_the_summary ... ok
test an_unusable_proxy_variable_is_refused_never_bypassed_or_printed ... ok
test dns_query_reads_the_answer_from_the_named_resolver ... ok
test dns_query_reports_a_malformed_answer_as_no_result ... ok
test dns_query_skips_a_forged_id_and_reports_nxdomain ... ok
test dns_query_without_an_answer_stops_at_its_deadline ... ok
test hostile_servers_are_bounded ... ok
test http_connect_opens_a_tunnel_and_carries_a_request_through_it ... ok
test http_connect_without_a_proxy_variable_refuses ... ok
test http_get_directly_sends_origin_form_and_counts_the_body ... ok
test http_get_refuses_what_it_cannot_do_honestly ... ok
test http_get_through_the_proxy_sends_absolute_form_and_never_resolves_the_name ... ok
test no_proxy_goes_direct_even_with_a_variable_set ... ok
test the_lowercase_variable_wins_and_an_empty_one_counts_as_unset ... ok
test udp_sendto_delivers_exactly_the_bytes_it_reports ... ok
test udp_sendto_over_ipv6_reaches_the_peer ... ok
test udp_sendto_reports_the_kernels_refusal_and_refuses_names ... ok

test result: ok. 18 passed; 0 failed; 0 ignored; 0 measured; 0 filtered out; finished in 0.86s

     Running tests/perf_modes.rs (target/release/deps/perf_modes-54ccf769530134b5)

running 15 tests
test fileops_counts_a_failure_and_exits_3 ... ok
test fileops_performs_every_round_and_leaves_nothing_behind ... ok
test perf_launch_brackets_the_command_on_the_clock_the_workload_reads ... ok
test perf_launch_finds_the_leaf_from_the_receipt_and_harvests_the_attempt ... ok
test perf_launch_reads_the_clock_before_fork_and_again_after_exec ... ok
test perf_launch_reports_an_exec_failure_as_data ... ok
test perf_launch_samples_the_launched_process_not_itself ... ok
test perf_launch_samples_the_launched_process_while_it_runs ... ok
test perf_launch_says_when_a_trace_does_not_end_on_its_receipt ... ok
test perf_launch_with_sampling_off_takes_no_sample ... ok
test spawn_tree_counts_children_that_fail_or_cannot_exec ... ok
test spawn_tree_runs_every_child_to_completion ... ok
test spawn_tree_zero_is_the_no_op_workload ... ok
test the_start_line_precedes_the_work ... ok
test the_workloads_refuse_an_interior_nul_before_any_work ... ok

test result: ok. 15 passed; 0 failed; 0 ignored; 0 measured; 0 filtered out; finished in 0.71s

     Running tests/sandbox_exec.rs (target/release/deps/sandbox_exec-5ab2cee3282f5660)

running 7 tests
test an_unknown_syscall_name_is_a_usage_error_before_anything_runs ... ok
test linux::a_denied_execve_is_reported_not_hidden ... ok
test linux::a_named_syscall_returns_eperm_and_the_rest_still_work ... ok
test linux::a_step_that_fails_stops_before_the_command_runs ... ok
test linux::datagram_creation_is_refused_by_a_filter_that_names_it ... ok
test linux::landlock_can_deny_every_tcp_connect ... ok
test linux::landlock_denies_a_write_outside_the_grant_and_allows_one_inside ... ok

test result: ok. 7 passed; 0 failed; 0 ignored; 0 measured; 0 filtered out; finished in 0.03s

     Running tests/syscall_identity_linux.rs (target/release/deps/syscall_identity_linux-4ecb72a913b82a04)

running 8 tests
test a_refused_path_produces_no_syscall_at_all ... ok
test a_refused_socket_address_produces_no_syscall_at_all ... ok
test each_via_reaches_the_kernel_as_exactly_that_syscall ... ok
test sandbox_exec_installs_each_layer_before_the_exec ... ok
test the_directory_and_link_variants_are_distinct_at_the_kernel ... ok
test the_node_creation_variants_are_distinct_at_the_kernel ... ok
test the_socket_modes_reach_the_kernel_as_the_syscalls_their_lines_name ... ok
test truncate_names_a_path_to_the_kernel_and_ftruncate_names_only_a_descriptor ... ok

test result: ok. 8 passed; 0 failed; 0 ignored; 0 measured; 0 filtered out; finished in 0.32s

     Running tests/unix_modes.rs (target/release/deps/unix_modes-7e511b2d80441b10)

running 20 tests
test a_bind_expected_to_fail_stops_there ... ok
test a_directory_descriptor_crosses_too ... ok
test a_file_descriptor_crosses_between_two_fixture_processes ... ok
test a_listener_nobody_calls_stops_at_its_deadline ... ok
test a_listener_starts_its_client_only_once_it_listens ... ok
test a_message_without_a_descriptor_fails_scm_recv ... ok
test a_missing_socket_is_the_kernels_enoent ... ok
test a_seqpacket_round_trip_works_on_linux_and_is_unsupported_elsewhere ... ok
test a_spawned_client_inherits_no_socket_of_the_listener ... ok
test a_spawned_client_that_never_finishes_is_killed_at_the_deadline ... ok
test a_stream_listener_and_client_round_trip ... ok
test an_address_that_does_not_fit_is_refused_before_any_socket_exists ... ok
test an_exchange_with_a_probe_ends_at_eof_not_at_a_hang ... ok
test an_interior_nul_in_a_script_path_is_refused ... ok
test datagram_sockets_and_pairs_are_created_outside_any_filter ... ok
test every_address_length_variant_reaches_the_same_listener ... ok
test scm_recv_can_start_the_sender_itself ... ok
test scm_send_to_nothing_stops_at_the_connect ... ok
test the_abstract_namespace_works_on_linux_and_is_unsupported_elsewhere ... ok
test the_probe_counts_a_pathname_connect_and_stays_zero_when_untouched ... ok

test result: ok. 20 passed; 0 failed; 0 ignored; 0 measured; 0 filtered out; finished in 0.60s

     Running unittests src/lib.rs (target/release/deps/ouro_jail-e093a7e058062c41)

running 506 tests
test capability::tests::a_restriction_on_none_is_a_requirement_not_a_silent_drop ... ok
test capability::tests::a_skipped_probe_never_satisfies_a_requirement ... ok
test capability::tests::none_requires_a_cgroup_but_no_containment ... ok
test capability::tests::tool_requires_containment_observation_and_a_wall ... ok
test cleanup::tests::a_bounded_pass_stops_pending_and_a_second_pass_finishes ... ok
test cleanup::tests::a_registered_identity_is_the_only_directory_removed ... ok
test cleanup::tests::a_registration_without_a_recorded_identity_is_never_cleaned ... ok
test cleanup::tests::a_replaced_root_is_never_touched ... ok
test cleanup::tests::a_tree_deeper_than_the_descriptor_bound_is_hoisted_and_removed ... ok
test cleanup::tests::a_tree_deeper_than_the_process_descriptor_limit_is_still_removed ... ok
test cleanup::tests::an_emptied_directory_replaced_before_its_removal_is_kept ... ok
test cleanup::tests::an_unsearchable_directory_is_still_removed ... ok
test cleanup::tests::any_tree_a_same_uid_child_builds_is_removed_within_the_pass_bound ... ok
test cleanup::tests::cleanup_waits_for_a_proof_that_no_tree_can_use_the_state ... ok
test cleanup::tests::gcs_verification_of_the_leaf_is_proof_enough_except_after_lost_integrity ... ok
test cleanup::tests::links_are_removed_themselves_and_their_targets_survive ... ok
test cleanup::tests::no_mount_is_crossed_and_an_unknown_mount_status_is_not_no ... ok
test cleanup::tests::read_only_directories_at_beyond_and_below_the_hoist_depth_are_removed ... ok
test cleanup::tests::removal_is_implemented_and_the_empty_case_is_not_needed ... ok
test cleanup::tests::the_reviewers_140_deep_read_only_trap_is_removed_in_one_default_pass ... ok
test cleanup::tests::the_root_of_a_removal_must_be_ours_registered_and_on_the_anchor_device ... ok
test cli::tests::an_attempt_id_without_a_gate_is_a_usage_error ... ok
test cli::tests::an_unknown_observation_mode_is_a_usage_error ... ok
test cli::tests::argv_after_the_separator_is_taken_literally ... ok
test cli::tests::label_only_rejects_the_gate_and_the_attempt_id ... ok
test cli::tests::subcommand_help_carries_no_implementation_notes ... ok
test cli::tests::the_definition_is_internally_consistent ... ok
test commands::tests::a_rule_with_no_argv0_refuses_instead_of_matching_everything ... ok
test commands::tests::an_exec_with_no_argv_matches_the_exec_path_alone ... ok
test commands::tests::positional_and_tail ... ok
test config::tests::a_duplicate_cli_limit_refuses ... ok
test config::tests::a_duplicate_toml_key_refuses ... ok
test config::tests::an_unknown_cli_limit_key_refuses ... ok
test config::tests::an_unknown_toml_key_refuses ... ok
test config::tests::memory_units_are_binary_and_overflow_refuses ... ok
test config::tests::swap_is_independent_and_allows_an_explicit_zero ... ok
test config::tests::the_environment_allow_list_ignores_everything_else ... ok
test config::tests::translation_prefixes_are_canonicalized_or_refused ... ok
test config::tests::wall_units_scale_and_a_bare_integer_refuses ... ok
test credentials::tests::a_bind_ro_digest_needs_a_filesystem_with_no_write_path ... ok
test credentials::tests::a_credential_source_must_have_exactly_one_link ... ok
test credentials::tests::a_digest_is_the_prefixed_lowercase_hex_the_receipt_schema_requires ... ok
test credentials::tests::a_read_is_stable_only_when_size_count_object_and_times_all_agree ... ok
test credentials::tests::a_source_made_shared_writable_between_inspection_and_open_is_refused ... ok
test credentials::tests::a_source_swapped_between_inspection_and_open_is_refused ... ok
test credentials::tests::a_wait_ends_when_the_continuous_clock_runs_out_not_the_monotonic_one ... ok
test credentials::tests::stage_within_stages_inside_its_budget_and_refuses_past_it ... ok
test credentials::tests::the_copy_budget_is_one_total_per_attempt ... ok
test credentials::tests::work_past_its_deadline_is_abandoned_and_finishes_harmlessly_later ... ok
test environment::tests::a_non_utf8_suffix_is_still_reserved ... ok
test environment::tests::every_ouro_name_is_reserved_and_nothing_else_is ... ok
test environment::tests::stripping_keeps_order_and_bytes_and_reports_sorted_names_only ... ok
test gc::tests::a_dead_owner_with_no_leaf_ever_registered_never_charged_a_tree ... ok
test gc::tests::a_leaf_gc_removed_is_never_probed_again ... ok
test gc::tests::a_leaf_gone_after_gc_saw_it_empty_verifies_the_tree ... ok
test gc::tests::a_leaf_named_only_is_removed_when_empty_and_never_killed ... ok
test gc::tests::a_name_only_registration_parses_and_half_an_identity_does_not ... ok
test gc::tests::a_registration_of_another_attempts_leaf_is_never_probed ... ok
test gc::tests::a_repeated_record_is_kept_once_with_a_count ... ok
test gc::tests::an_intent_record_is_a_verification_and_finished_is_read ... ok
test gc::tests::disagreeing_or_missing_identities_never_reach_the_leaf ... ok
test gc::tests::lost_integrity_keeps_scratch_in_another_boot_too ... ok
test gc::tests::nothing_is_probed_before_it_is_needed ... ok
test gc::tests::only_a_dead_owners_identified_populated_unverified_leaf_is_terminated ... ok
test gc::tests::state_and_receipt_views_refuse_what_the_supervisor_does_not_write ... ok
test gc::tests::the_leaf_comes_from_jail_state_and_must_agree_with_the_receipt ... ok
test gc::tests::the_seam_only_shrinks_the_bound ... ok
test journal::tests::since_includes_fractional_events_in_the_start_second ... ok
test journal::tests::since_requires_a_real_utc_calendar_time ... ok
test launch_profile::tests::a_complete_profile_resolves_sources_and_sorts_nothing_it_should_not ... ok
test launch_profile::tests::destinations_must_be_relative_and_disjoint ... ok
test launch_profile::tests::every_loader_and_backend_name_refuses ... ok
test launch_profile::tests::filesystem_narrowing_keys_refuse_rather_than_parse_into_silence ... ok
test launch_profile::tests::names_follow_their_grammars ... ok
test launch_profile::tests::the_grammar_refuses_argv_none_unknown_keys_and_commands ... ok
test launch_profile::tests::tool_and_build_reject_credentials_and_proxy_grants_and_none_rejects_all ... ok
test launch_profile::tests::unsafe_state_subdirs_and_conflicts_refuse ... ok
test learn::tests::proposals_are_exact_filtered_and_receipt_bound ... ok
test network::address::tests::numeric_looking_names_are_the_ones_ending_in_a_number ... ok
test network::address::tests::prefixes_clear_host_bits_and_match_their_family_only ... ok
test network::address::tests::strict_ipv4_refuses_every_legacy_spelling ... ok
test network::address::tests::the_embedded_table_loads ... ok
test network::idna::tests::mapping_is_bounded_before_normalization ... ok
test network::idna::tests::max_decomposition_is_the_largest_full_canonical_decomposition ... ok
test network::idna::tests::punycode_decoding_is_inverted_by_encoding ... ok
test network::idna::tests::punycode_decoding_stops_at_the_label_bound ... ok
test network::idna::tests::punycode_overflow_and_bad_digits_fail ... ok
test network::idna::tests::punycode_round_trips_the_rfc_3492_samples ... ok
test network::idna::tests::the_network_rules_idna_examples ... ok
test network::tests::a_wildcard_is_labels_not_a_string_suffix ... ok
test network::tests::an_exact_rule_never_covers_a_wildcard ... ok
test network::tests::an_omitted_port_allows_only_tls_port ... ok
test network::tests::idna_and_numeric_rules_normalize ... ok
test network::tests::one_terminal_dot_is_removed_and_two_refuse ... ok
test network::tests::unmappable_and_malformed_hosts_refuse ... ok
test network::unicode::tests::nfc_composes_decomposes_and_reorders ... ok
test network::unicode::tests::properties_match_their_source_files ... ok
test network::unicode::tests::the_idna_runs_cover_every_code_point_once ... ok
test network::unicode::tests::the_tables_are_the_pinned_versions ... ok
test observer::tests::a_degraded_class_reports_a_null_count_even_when_one_was_offered ... ok
test observer::tests::a_denied_connect_counts_only_under_fs_deny ... ok
test observer::tests::an_unobserved_attempt_has_no_counts_and_no_sources ... ok
test observer::tests::every_directory_entry_operation_belongs_to_fs_write ... ok
test platform::linux::agent::tests::a_filter_count_that_differs_refuses_and_names_both_numbers ... ok
test platform::linux::agent::tests::a_proxy_result_the_trace_refused_is_counted_lost_and_degrades_proxy_net ... ok
test platform::linux::agent::tests::a_record_is_the_bridges_by_number_and_start_time_never_by_liveness ... ok
test platform::linux::agent::tests::proxy_coverage_is_active_only_for_a_complete_drain_with_nothing_lost ... ok
test platform::linux::agent::tests::the_boundary_is_up_only_if_nothing_says_it_is_ending ... ok
test platform::linux::agent::tests::the_expected_filter_count_follows_the_profile_and_observation ... ok
test platform::linux::agent::tests::the_listening_row_is_found_in_the_v6_table_too ... ok
test platform::linux::agent::tests::the_listening_row_is_found_only_for_the_bridge_address_in_listen_state ... ok
test platform::linux::agent::tests::the_queue_seam_can_only_shrink_the_queue ... ok
test platform::linux::audit::tests::a_create_open_is_fs_create_and_a_mutating_open_is_fs_write ... ok
test platform::linux::audit::tests::a_denied_connect_counts_under_fs_deny_only ... ok
test platform::linux::audit::tests::a_gap_degrades_its_classes_and_nulls_their_counts ... ok
test platform::linux::audit::tests::a_gap_degrades_only_the_classes_its_own_operations_belong_to ... ok
test platform::linux::audit::tests::a_gap_note_a_poisoned_trace_refuses_is_a_lost_frame ... ok
test platform::linux::audit::tests::a_panicked_observer_is_a_gap_in_every_audit_class ... ok
test platform::linux::audit::tests::a_relative_path_is_never_joined_to_a_guessed_cwd ... ok
test platform::linux::audit::tests::a_result_a_poisoned_trace_cannot_take_is_a_gap_of_its_class ... ok
test platform::linux::audit::tests::a_sibling_of_the_workspace_is_not_inside_it ... ok
test platform::linux::audit::tests::a_truncated_snapshot_makes_no_path_claim ... ok
test platform::linux::audit::tests::a_truncation_by_path_says_which_mutation_it_was ... ok
test platform::linux::audit::tests::a_workspace_path_is_reported_relative_to_the_workspace ... ok
test platform::linux::audit::tests::an_unapplied_ceiling_leaves_an_explanatory_wrapper_note ... ok
test platform::linux::audit::tests::an_undelivered_response_is_a_gap_without_a_syscall_result ... ok
test platform::linux::audit::tests::counts_follow_the_class_assignment ... ok
test platform::linux::audit::tests::dot_components_never_reveal_a_raw_outside_suffix ... ok
test platform::linux::audit::tests::every_directory_entry_creation_is_fs_create ... ok
test platform::linux::audit::tests::gap_notes_share_wrapper_sequences_without_consuming_audit_sequences ... ok
test platform::linux::audit::tests::j4_d1_a_listener_gap_degrades_every_class_and_has_no_end ... ok
test platform::linux::audit::tests::j4_o02_every_result_carries_the_birth_it_was_given ... ok
test platform::linux::audit::tests::observation_off_still_reports_the_wrapper_limits_class ... ok
test platform::linux::audit::tests::repeated_unknown_result_loss_is_bounded_and_degrades_every_audit_class ... ok
test platform::linux::audit::tests::the_two_operations_revision_eight_added_are_classified ... ok
test platform::linux::bpf::tests::and_masks_in_place_and_falls_through ... ok
test platform::linux::bpf::tests::backward_jump_is_refused ... ok
test platform::linux::bpf::tests::bytes_are_the_kernel_layout ... ok
test platform::linux::bpf::tests::conditional_jump_beyond_a_byte_is_an_error_not_a_wrap ... ok
test platform::linux::bpf::tests::digest_changes_when_one_immediate_changes ... ok
test platform::linux::bpf::tests::digest_is_stable_for_a_fixed_program ... ok
test platform::linux::bpf::tests::disassembly_names_absolute_targets ... ok
test platform::linux::bpf::tests::duplicate_label_is_an_error ... ok
test platform::linux::bpf::tests::labels_resolve_to_relative_offsets ... ok
test platform::linux::bpf::tests::opcodes_match_the_linux_encoding ... ok
test platform::linux::bpf::tests::program_longer_than_the_kernel_limit_is_refused ... ok
test platform::linux::bpf::tests::unconditional_jump_carries_its_distance_in_k ... ok
test platform::linux::bpf::tests::undefined_label_is_an_error ... ok
test platform::linux::bridge::tests::a_client_beyond_the_budget_is_answered_503_at_once_and_the_rest_are_relayed ... ok
test platform::linux::bridge::tests::a_full_buffer_that_drains_is_readable_again ... ok
test platform::linux::bridge::tests::an_unreachable_proxy_closes_the_client_and_nothing_else_happens ... ok
test platform::linux::bridge::tests::bytes_flow_both_ways_and_half_close_is_forwarded ... ok
test platform::linux::bridge::tests::the_proxy_environment_is_both_spellings_and_an_empty_no_proxy ... ok
test platform::linux::bwrap::tests::a_long_list_moves_to_the_args_descriptor ... ok
test platform::linux::bwrap::tests::a_long_list_without_a_descriptor_refuses ... ok
test platform::linux::bwrap::tests::a_path_with_an_interior_nul_refuses ... ok
test platform::linux::bwrap::tests::a_plan_with_no_command_refuses ... ok
test platform::linux::bwrap::tests::a_read_only_workspace_sits_under_writable_grants_inside_it ... ok
test platform::linux::bwrap::tests::a_relative_workspace_refuses ... ok
test platform::linux::bwrap::tests::a_staged_mount_without_a_descriptor_refuses_to_render ... ok
test platform::linux::bwrap::tests::a_writable_parent_never_hides_readonly_children_or_masks ... ok
test platform::linux::bwrap::tests::an_argument_carrying_nul_refuses_to_render ... ok
test platform::linux::bwrap::tests::an_ungranted_workspace_is_a_sealed_empty_tmpfs_above_scratch ... ok
test platform::linux::bwrap::tests::json_status_documents_parse ... ok
test platform::linux::bwrap::tests::staged_vendor_state_and_views_render_by_descriptor_after_every_grant ... ok
test platform::linux::bwrap::tests::the_argv_has_the_profile_the_north_star_describes ... ok
test platform::linux::bwrap::tests::the_mount_table_lists_every_grant_the_argv_makes ... ok
test platform::linux::bwrap::tests::the_proxy_directory_is_bound_read_only_by_descriptor_after_every_grant ... ok
test platform::linux::bwrap::tests::the_root_is_sealed_after_every_mount_and_before_chdir ... ok
test platform::linux::bwrap::tests::the_scratch_becomes_tmpdir ... ok
test platform::linux::bwrap::tests::versions_parse ... ok
test platform::linux::cgroup::tests::a_leaf_outside_the_cgroup_root_has_no_relative_path ... ok
test platform::linux::cgroup::tests::cgroup_path_replacement_never_targets_the_new_directory ... ok
test platform::linux::cgroup::tests::counters_and_cpu_quotas_refuse_unknown_or_overflow ... ok
test platform::linux::cgroup::tests::membership_is_containment_by_component ... ok
test platform::linux::cgroup::tests::memory_ceilings_are_written_at_page_granularity ... ok
test platform::linux::cgroup::tests::only_the_created_leaf_shape_is_a_leaf_name ... ok
test platform::linux::cgroup::tests::population_is_read_from_its_own_line_only ... ok
test platform::linux::cgroup::tests::required_and_preferred_missing_controllers_are_distinct ... ok
test platform::linux::cgroup::tests::swap_ceiling_and_attributed_hits_are_read_back ... ok
test platform::linux::cgroup::tests::the_common_ancestor_rule_is_containment_not_sibling_hood ... ok
test platform::linux::cgroup::tests::the_unified_line_is_the_one_that_counts ... ok
test platform::linux::clock::tests::a_future_deadline_is_not_expired_and_is_capped ... ok
test platform::linux::clock::tests::a_huge_duration_saturates_instead_of_wrapping ... ok
test platform::linux::clock::tests::an_immediate_deadline_is_expired_and_has_no_time_left ... ok
test platform::linux::clock::tests::an_unknown_clock_id_is_an_error_not_a_zero ... ok
test platform::linux::clock::tests::audit4_wall_deadline_parses_once_and_refuses_the_unparseable ... ok
test platform::linux::clock::tests::boottime_does_not_go_backwards ... ok
test platform::linux::clock::tests::boottime_is_not_the_realtime_clock ... ok
test platform::linux::clock::tests::sub_millisecond_remainder_rounds_up_to_one ... ok
test platform::linux::freeze::tests::canonical_json_sorts_every_object_and_keeps_arrays ... ok
test platform::linux::freeze::tests::every_built_in_profile_has_a_baseline ... ok
test platform::linux::host::tests::a_file_hash_is_its_sha256 ... ok
test platform::linux::host::tests::identity_categories_follow_the_credentials ... ok
test platform::linux::host::tests::meminfo_values_are_read_in_kib ... ok
test platform::linux::host::tests::only_profiles_that_bear_on_the_jail_are_recorded ... ok
test platform::linux::host::tests::pretty_name_is_unquoted ... ok
test platform::linux::host::tests::saved_set_uid_privileged_groups_and_user_namespaces_are_named ... ok
test platform::linux::host::tests::sysctl_names_map_to_procfs ... ok
test platform::linux::host::tests::the_restriction_state_follows_the_sysctl ... ok
test platform::linux::host::tests::unpackaged_files_are_those_no_package_lists ... ok
test platform::linux::identity::tests::a_short_stat_line_is_invalid_data ... ok
test platform::linux::identity::tests::a_stat_line_without_a_comm_field_is_invalid_data ... ok
test platform::linux::identity::tests::flags_are_field_nine_even_after_a_comm_with_spaces_and_parentheses ... ok
test platform::linux::identity::tests::namespace_links_parse ... ok
test platform::linux::identity::tests::start_time_is_parsed_after_the_last_parenthesis ... ok
test platform::linux::identity::tests::the_state_is_the_field_after_the_last_parenthesis ... ok
test platform::linux::launch::tests::a_complete_invocation_parses ... ok
test platform::linux::launch::tests::a_non_utf8_argument_survives_parsing ... ok
test platform::linux::launch::tests::a_program_name_with_an_interior_nul_is_refused_before_any_syscall ... ok
test platform::linux::launch::tests::an_exec_failure_report_carries_the_interpreter_detail_only_for_enoent ... ok
test platform::linux::launch::tests::an_existing_path_is_told_apart_from_a_missing_one ... ok
test platform::linux::launch::tests::error_reports_round_trip ... ok
test platform::linux::launch::tests::everything_after_the_separator_is_argv_even_when_it_looks_like_an_option ... ok
test platform::linux::launch::tests::missing_pieces_are_usage_errors ... ok
test platform::linux::launch::tests::narrow_is_off_by_default ... ok
test platform::linux::launch::tests::the_agent_options_parse_and_bad_pairs_refuse ... ok
test platform::linux::observed::tests::a_path_claim_gap_degrades_nothing_and_accounts_for_no_loss ... ok
test platform::linux::observed::tests::an_exec_time_command_hit_is_recorded_and_only_forbid_stops_the_run ... ok
test platform::linux::observed::tests::exec_confirmation_does_not_restat_paths_after_the_stop ... ok
test platform::linux::observed::tests::exits_gaps_and_the_end_are_facts_and_bookkeeping_is_not_a_loss ... ok
test platform::linux::observed::tests::j4_o03_a_class_never_returns_to_active_after_an_early_gap ... ok
test platform::linux::observed::tests::j4_o05_every_directory_operation_loss_degrades_fs_write ... ok
test platform::linux::observed::tests::j4_the_tracer_seams_only_shrink_and_are_always_recorded ... ok
test platform::linux::observed::tests::j4_w3_the_plan_records_the_queue_bounds_in_force ... ok
test platform::linux::observed::tests::only_the_launchers_witnessed_exec_of_a_target_image_confirms ... ok
test platform::linux::observed::tests::the_inode_separates_an_unlinked_target_from_a_deleted_named_decoy ... ok
test platform::linux::observed::tests::the_kernel_image_decides_the_exec_confirmation ... ok
test platform::linux::platform::tests::a_launcher_setup_failure_names_the_mechanism_it_could_not_establish ... ok
test platform::linux::platform::tests::a_matching_hand_off_is_bound_and_every_mismatch_refuses ... ok
test platform::linux::platform::tests::a_missing_probe_makes_the_requirement_skipped_not_available ... ok
test platform::linux::platform::tests::a_mount_point_that_is_not_utf8_keeps_the_whole_table ... ok
test platform::linux::platform::tests::a_probe_never_executes_a_relative_or_missing_backend ... ok
test platform::linux::platform::tests::a_proxy_requirement_rests_on_measured_probes_and_never_on_a_skip ... ok
test platform::linux::platform::tests::a_requirement_with_no_probe_is_never_available ... ok
test platform::linux::platform::tests::a_run_probes_only_what_its_requirements_name ... ok
test platform::linux::platform::tests::a_tracee_the_observer_had_to_kill_means_the_tree_is_unverified ... ok
test platform::linux::platform::tests::a_tree_is_only_empty_when_every_fact_says_its_end_was_seen ... ok
test platform::linux::platform::tests::all_writable_roots_are_scanned_and_every_bind_is_pinned ... ok
test platform::linux::platform::tests::an_abort_is_verified_only_by_every_settlement_fact ... ok
test platform::linux::platform::tests::audit4_run_is_refused_by_path_whatever_its_fstype ... ok
test platform::linux::platform::tests::bubblewrap_resolves_only_from_absolute_entries_to_a_canonical_file ... ok
test platform::linux::platform::tests::large_protected_sets_keep_descriptor_backed_sources ... ok
test platform::linux::platform::tests::mountinfo_paths_decode_their_octal_escapes ... ok
test platform::linux::platform::tests::off_x86_64_the_real_mapping_refuses_exactly_the_table_bound_requirements ... ok
test platform::linux::platform::tests::protected_symlinks_in_extra_roots_refuse_before_launch ... ok
test platform::linux::platform::tests::resolver_sanitizer_never_falls_back_to_host_bytes ... ok
test platform::linux::platform::tests::stalled_backend_argument_delivery_has_a_deadline ... ok
test platform::linux::platform::tests::the_wall_is_the_supervisors_own_mechanism ... ok
test platform::linux::platform::tests::wrong_guess_trace_stops_are_counted_in_the_receipts_native_details ... ok
test platform::linux::probe::tests::a_missing_backend_is_unavailable_with_a_reason ... ok
test platform::linux::probe::tests::an_unknown_name_is_skipped_not_available ... ok
test platform::linux::probe::tests::every_name_has_a_probe ... ok
test platform::linux::probe::tests::off_x86_64_the_filter_and_observer_capabilities_refuse ... ok
test platform::linux::probe::tests::off_x86_64_the_table_bound_probes_are_unsupported_before_running ... ok
test platform::linux::probe::tests::statuses_render_as_the_spec_spells_them ... ok
test platform::linux::probe::tests::the_arch_seam_only_adds_a_refusal_and_names_itself ... ok
test platform::linux::probe::tests::the_scope_row_never_claims_a_step_that_did_not_run ... ok
test platform::linux::reconcile::tests::a_nul_in_a_recorded_name_is_refused_not_truncated ... ok
test platform::linux::reconcile::tests::a_pid_that_cannot_name_a_process_is_unknown_or_gone ... ok
test platform::linux::reconcile::tests::a_zombie_leader_is_dead_only_without_other_threads ... ok
test platform::linux::reconcile::tests::birth_time_and_state_decide_liveness ... ok
test platform::linux::reconcile::tests::only_a_leaf_named_and_placed_as_created_is_ever_opened ... ok
test platform::linux::scope::linux::tests::a_call_that_hangs_is_killed_at_the_budget ... ok
test platform::linux::scope::linux::tests::a_failed_call_is_call_failed_with_its_message ... ok
test platform::linux::scope::linux::tests::a_missing_busctl_is_not_found_and_no_path_lookup_happens ... ok
test platform::linux::scope::linux::tests::details_are_one_bounded_line ... ok
test platform::linux::scope::linux::tests::lingering_is_read_from_loginds_record ... ok
test platform::linux::scope::linux::tests::the_call_is_a_child_with_the_bus_environment_no_extra_descriptor_and_null_stdin ... ok
test platform::linux::scope::tests::a_unit_name_that_is_only_a_prefix_of_the_leaf_is_not_the_move ... ok
test platform::linux::scope::tests::already_delegated_ignores_lingering ... ok
test platform::linux::scope::tests::already_delegated_takes_no_action ... ok
test platform::linux::scope::tests::every_failure_is_unavailable_with_its_reason_never_an_error ... ok
test platform::linux::scope::tests::only_the_exact_seam_values_apply ... ok
test platform::linux::scope::tests::outside_asks_for_the_scope_and_records_it_once_the_move_is_seen ... ok
test platform::linux::scope::tests::somewhere_else_in_the_subtree_is_not_the_move ... ok
test platform::linux::scope::tests::the_call_gets_the_bus_variables_and_nothing_else ... ok
test platform::linux::scope::tests::the_call_starts_a_transient_scope_holding_the_pid ... ok
test platform::linux::scope::tests::the_move_outside_the_subtree_is_not_the_move ... ok
test platform::linux::scope::tests::the_record_has_the_documented_shape ... ok
test platform::linux::scope::tests::the_seam_moves_a_process_that_is_already_inside ... ok
test platform::linux::scope::tests::the_unreachable_bus_seam_reaches_the_request ... ok
test platform::linux::scope::tests::unit_names_are_valid_distinct_and_name_the_pid ... ok
test platform::linux::scope::tests::unknown_lingering_is_treated_as_off ... ok
test platform::linux::scope::tests::without_lingering_no_scope_is_requested ... ok
test platform::linux::seccomp::tests::architecture_is_checked_before_any_syscall_number ... ok
test platform::linux::seccomp::tests::bless_the_pinned_seccomp_tables ... ignored, writes the evidence files; run deliberately
test platform::linux::seccomp::tests::both_agent_variants_and_the_mediation_filter_assemble_and_differ ... ok
test platform::linux::seccomp::tests::every_contained_baseline_admits_only_the_listed_socket_families ... ok
test platform::linux::seccomp::tests::j4_d1_the_tool_baseline_refuses_a_notification_listener ... ok
test platform::linux::seccomp::tests::j4_s4_every_contained_baseline_refuses_an_untraced_clone ... ok
test platform::linux::seccomp::tests::no_syscall_number_appears_twice ... ok
test platform::linux::seccomp::tests::seccomp_data_offsets_follow_the_struct ... ok
test platform::linux::seccomp::tests::storage_baselines_deny_importing_inodes_through_hard_links ... ok
test platform::linux::seccomp::tests::the_agent_baselines_are_byte_for_byte_the_checked_in_ones ... ok
test platform::linux::seccomp::tests::the_agent_table_names_every_rule_and_both_digests ... ok
test platform::linux::seccomp::tests::the_baseline_assembles ... ok
test platform::linux::seccomp::tests::the_four_verdicts_are_the_last_four_instructions ... ok
test platform::linux::seccomp::tests::the_mediation_filter_notifies_connect_and_admits_only_stream_af_unix ... ok
test platform::linux::seccomp::tests::the_namespace_mask_is_the_eight_namespace_flags ... ok
test platform::linux::seccomp::tests::the_namespace_variant_permits_only_the_namespace_setup ... ok
test platform::linux::seccomp::tests::the_spelled_out_errnos_match_this_kernel ... ok
test platform::linux::seccomp::tests::the_table_lists_every_rule_the_filter_encodes ... ok
test platform::linux::seccomp::tests::the_tables_cover_x86_64_and_nothing_else ... ok
test platform::linux::seccomp::tests::the_tool_baseline_is_byte_for_byte_the_checked_in_one ... ok
test platform::linux::seccomp::tests::the_unprivileged_agent_baseline_is_tool_without_the_af_unix_rule ... ok
test platform::linux::sockdiag::tests::a_different_inode_is_not_a_match ... ok
test platform::linux::sockdiag::tests::a_listening_socket_with_a_matching_vfs_is_found ... ok
test platform::linux::sockdiag::tests::a_non_listening_socket_is_not_a_match ... ok
test platform::linux::sockdiag::tests::a_sequence_mismatch_is_an_error_not_an_empty_result ... ok
test platform::linux::sockdiag::tests::a_short_nlmsg_error_is_rejected_without_panicking ... ok
test platform::linux::sockdiag::tests::a_signaled_stop_interrupts_a_sock_diag_dump ... ok
test platform::linux::sockdiag::tests::a_truncated_message_is_an_error ... ok
test platform::linux::sockdiag::tests::an_inode_beyond_u32_cannot_form_a_vfs_identity ... ok
test platform::linux::sockdiag::tests::an_nlmsg_error_is_surfaced ... ok
test platform::linux::sockdiag::tests::device_encoding_matches_the_kernel_form ... ok
test platform::linux::storage::quota::tests::quota_state_uses_the_version_one_kernel_layout ... ok
test platform::linux::sys::tests::empty_path_is_refused ... ok
test platform::linux::sys::tests::errno_names_round_trip ... ok
test platform::linux::sys::tests::interior_nul_is_refused_before_the_syscall ... ok
test platform::linux::sys::tests::non_utf8_path_converts_losslessly ... ok
test platform::linux::sys::tests::ordinary_path_converts ... ok
test platform::linux::tracer::clock::tests::boottime_advances_over_a_sleep ... ok
test platform::linux::tracer::clock::tests::boottime_is_nonzero_and_monotonic ... ok
test platform::linux::tracer::closed_set::tests::descriptor_based_mutations_stay_outside_the_set ... ok
test platform::linux::tracer::closed_set::tests::implied_creat_flags_are_what_creat_means ... ok
test platform::linux::tracer::closed_set::tests::nothing_outside_the_set_resolves ... ok
test platform::linux::tracer::closed_set::tests::numbers_match_the_targets_syscall_table ... ok
test platform::linux::tracer::closed_set::tests::open_coverage_follows_the_spec_table ... ok
test platform::linux::tracer::closed_set::tests::symlink_puts_the_link_it_creates_in_the_primary_path ... ok
test platform::linux::tracer::closed_set::tests::the_set_has_exactly_the_twenty_two_rows_of_the_spec ... ok
test platform::linux::tracer::closed_set::tests::two_path_rows_carry_both_paths_and_their_directory_fds ... ok
test platform::linux::tracer::digest::tests::known_answers ... ok
test platform::linux::tracer::digest::tests::length_boundaries_around_the_padding_block ... ok
test platform::linux::tracer::filter::tests::audit4_installed_digest_differs_with_the_trace_data ... ok
test platform::linux::tracer::filter::tests::every_closed_set_number_traces_and_nothing_else_does ... ok
test platform::linux::tracer::filter::tests::fast_path_only_skips_register_sourced_read_only_opens ... ok
test platform::linux::tracer::filter::tests::j4_d1_a_listener_request_is_traced ... ok
test platform::linux::tracer::filter::tests::j4_d2_every_foreign_abi_syscall_is_traced ... ok
test platform::linux::tracer::filter::tests::j4_s4_an_untraced_clone_stops_and_clone3_is_enosys ... ok
test platform::linux::tracer::filter::tests::read_write_and_mmap_are_allowed_through ... ok
test platform::linux::tracer::filter::tests::the_digest_names_the_bytes_that_are_installed ... ok
test platform::linux::tracer::filter::tests::the_program_is_the_expected_shape_and_refuses_only_clone3 ... ok
test platform::linux::tracer::proc::tests::a_cmdline_keeps_empty_arguments_and_its_positions ... ok
test platform::linux::tracer::proc::tests::a_spawned_child_is_a_descendant_with_its_cmdline ... ok
test platform::linux::tracer::proc::tests::a_task_that_does_not_exist_is_none_not_a_guess ... ok
test platform::linux::tracer::proc::tests::an_empty_cmdline_is_not_an_absent_one ... ok
test platform::linux::tracer::proc::tests::identity_of_this_process ... ok
test platform::linux::tracer::proc::tests::j5t_the_child_toward_a_descendant_is_the_one_it_came_through ... ok
test platform::linux::tracer::proc::tests::start_ticks_of_this_process_is_stable_and_plausible ... ok
test platform::linux::tracer::proc::tests::the_parent_of_a_task_that_does_not_exist_is_none ... ok
test platform::linux::tracer::session::tests::a_path_claim_is_corroborated_by_its_components_not_only_its_name ... ok
test platform::linux::tracer::session::tests::a_readonly_openat2_is_reverified_at_its_exit ... ok
test platform::linux::tracer::session::tests::a_sockaddr_is_clamped_to_its_family_not_the_callers_claim ... ok
test platform::linux::tracer::session::tests::an_exec_the_recheck_kills_leaves_flight_with_its_event_and_no_abandoned_gap ... ok
test platform::linux::tracer::session::tests::an_open_claim_the_descriptor_does_not_corroborate_is_downgraded_not_lost ... ok
test platform::linux::tracer::session::tests::audit4_compat_abi_listener_and_untraced_clone_route_to_their_gaps ... ok
test platform::linux::tracer::session::tests::j4_d6_gaps_past_the_caps_are_coalesced_and_exits_admitted ... ok
test platform::linux::tracer::session::tests::j4_d6_the_byte_budget_does_not_drop_critical_facts_either ... ok
test platform::linux::tracer::session::tests::j4_o02_recycled_tid_carries_nothing_over ... ok
test platform::linux::tracer::session::tests::j4_o2_each_end_of_a_restart_wait_is_exact ... ok
test platform::linux::tracer::session::tests::j4_o2_the_verdict_at_a_handler_follows_the_kernel_for_every_code ... ok
test platform::linux::tracer::session::tests::j4_o3_a_tracee_killed_at_its_exit_stop_is_one_loss_of_its_own_classes ... ok
test platform::linux::tracer::session::tests::j4_o3_a_tracee_killed_before_its_entry_is_read_made_no_call ... ok
test platform::linux::tracer::session::tests::j4_o3_a_tracee_killed_before_its_entry_is_resumed_made_no_call ... ok
test platform::linux::tracer::session::tests::j4_o3_control_an_unkilled_entry_runs_and_is_one_result ... ok
test platform::linux::tracer::session::tests::j4_s4_an_untraced_descendant_is_a_gap_and_a_failed_clone_is_not ... ok
test platform::linux::tracer::session::tests::j4_w3_a_non_leader_exec_abandons_the_leaders_entry_whatever_was_carried ... ok
test platform::linux::tracer::session::tests::j4_w3_a_refused_listener_or_untraced_clone_is_the_open_ended_gap_of_its_kind ... ok
test platform::linux::tracer::session::tests::j4_w3_r1_a_restart_read_at_a_handler_is_settled_by_what_follows ... ok
test platform::linux::tracer::session::tests::j4_w3_r2_a_kill_at_a_stepped_reentry_ends_the_wait_without_a_count ... ok
test platform::linux::tracer::session::tests::j4_w3_r2_a_kill_at_the_reentry_of_a_restarted_call_is_counted_once ... ok
test platform::linux::tracer::session::tests::j4_w3_the_handoff_channel_is_inside_the_byte_budget ... ok
test platform::linux::tracer::session::tests::j5t_a_child_gained_after_the_attach_is_owed_and_a_bystander_is_not ... ok
test platform::linux::tracer::session::tests::j5t_the_backend_is_owed_only_under_its_own_birth ... ok
test platform::linux::tracer::session::tests::path_reads_preserve_page_boundaries_long_names_and_terminator_checks ... ok
test platform::linux::tracer::session::tests::pointed_arguments_are_reverified_at_the_exit ... ok
test platform::linux::tracer::session::tests::the_exec_recheck_judges_what_the_entry_judged_on_the_kernels_copy ... ok
test platform::linux::tracer::sys::tests::gettid_is_a_task_of_this_process ... ok
test platform::linux::tracer::sys::tests::ptrace_constants_match_libc ... ok
test platform::linux::tracer::sys::tests::ptrace_helpers_refuse_a_process_we_do_not_trace ... ok
test platform::linux::tracer::sys::tests::read_remote_reads_this_process ... ok
test platform::linux::tracer::sys::tests::read_remote_refuses_impossible_inputs ... ok
test platform::linux::tracer::sys::tests::restart_codes_are_exactly_the_four_kernel_values ... ok
test platform::linux::tracer::sys::tests::seccomp_and_errno_constants_match_libc ... ok
test platform::linux::tracer::sys::tests::the_signal_frame_offsets_match_the_ucontext_layout ... ok
test platform::linux::tracer::sys::tests::the_wake_signal_interrupts_a_blocking_call_instead_of_killing_us ... ok
test platform::linux::tracer::table::tests::every_row_and_every_other_stop_is_in_the_table ... ok
test platform::linux::tracer::tests::attaching_to_a_process_we_do_not_own_is_refused ... ok
test platform::linux::tracer::tests::attaching_to_a_task_that_does_not_exist_fails_and_leaves_no_thread ... ok
test platform::linux::tracer::tests::gap_reasons_have_distinct_names ... ok
test platform::linux::tracer::tests::j4_w3_queue_bounds_are_the_budget_with_a_floor_of_one_event ... ok
test platform::linux::tracer::tests::loss_total_counts_missing_results_and_not_weak_paths ... ok
test platform::linux::tracer::tests::op_counts_address_every_operation ... ok
test platform::linux::tracer::tests::the_default_config_is_the_spec_bound ... ok
test platform::linux::uncontained::tests::a_clean_none_tree_is_empty_only_in_the_registered_scope ... ok
test platform::linux::uncontained::tests::a_detected_loss_wins_over_every_other_fact ... ok
test platform::linux::uncontained::tests::a_read_is_kept_only_while_the_process_lives_on_both_sides ... ok
test platform::linux::uncontained::tests::an_unreadable_orphan_zombie_loses_integrity_and_is_reaped ... ok
test platform::linux::uncontained::tests::an_unreadable_population_with_the_identity_intact_loses_integrity ... ok
test platform::linux::uncontained::tests::an_unreadable_target_zombie_loses_integrity_instead_of_verifying ... ok
test platform::linux::uncontained::tests::any_missing_fact_is_unknown_never_false ... ok
test platform::linux::uncontained::tests::j5t_an_inherited_record_names_a_process_only_with_its_birth ... ok
test platform::linux::uncontained::tests::loss_names_are_the_documented_reason_codes ... ok
test platform::linux::uncontained::tests::none_keeps_the_contained_probes_for_what_it_shares ... ok
test platform::linux::uncontained::tests::none_tree_termination_is_the_leaf_kill_and_needs_its_probe ... ok
test platform::linux::uncontained::tests::only_a_read_on_the_release_descriptor_is_the_gate ... ok
test platform::linux::uncontained::tests::only_processes_of_this_tree_are_attributed_and_only_children_signalled ... ok
test platform::linux::uncontained::tests::restrictions_none_cannot_apply_are_never_available ... ok
test platform::linux::uncontained::tests::the_boundary_names_the_restriction_it_would_not_apply ... ok
test platform::linux::uncontained::tests::walked_processes_are_attributed_before_they_are_recorded_or_signalled ... ok
test platform::linux::unixpeer::live::tests::a_failed_notification_send_never_records_a_delivered_return ... ok
test platform::linux::unixpeer::tests::a_family_only_address_is_unnamed ... ok
test platform::linux::unixpeer::tests::a_non_unix_family_is_reported ... ok
test platform::linux::unixpeer::tests::a_pathname_address_is_read_up_to_its_nul ... ok
test platform::linux::unixpeer::tests::a_short_buffer_is_unnamed_not_a_panic ... ok
test platform::linux::unixpeer::tests::a_wide_inode_denies_via_the_sockdiag_identity ... ok
test platform::linux::unixpeer::tests::absolute_and_relative_paths_use_the_child_root ... ok
test platform::linux::unixpeer::tests::an_abstract_address_keeps_its_leading_nul_out_of_the_name ... ok
test platform::linux::unixpeer::tests::the_digest_is_stable_and_specific ... ok
test platform::linux::unixpeer::tests::the_filter_table ... ok
test platform::macos::tests::every_execution_capability_is_unsupported_and_unmeasured ... ok
test platform::macos::tests::prepare_refuses_rather_than_returning_a_successful_no_op ... ok
test policy::tests::denial_wins_and_read_only_overrides_a_writable_parent ... ok
test policy::tests::normalize_refuses_an_escape_and_resolves_dot_segments ... ok
test policy::tests::path_containment_compares_components_not_string_prefixes ... ok
test profiles::tests::macos_claims_no_native_runtime_roots ... ok
test profiles::tests::none_inherits_the_host_and_claims_no_containment_authority ... ok
test profiles::tests::the_contained_environment_carries_only_admitted_names ... ok
test profiles::tests::tool_defaults_match_the_authoritative_table ... ok
test proxy::http::tests::ambiguous_framing_refuses ... ok
test proxy::http::tests::connect_and_absolute_form_parse ... ok
test proxy::http::tests::control_bytes_in_header_values_refuse ... ok
test proxy::http::tests::host_must_agree_with_the_target ... ok
test proxy::http::tests::malformed_heads_refuse ... ok
test proxy::http::tests::non_proxy_requests_are_unsupported ... ok
test proxy::http::tests::parse_request_checks_line_endings_itself ... ok
test proxy::http::tests::scan_refuses_bare_line_endings_and_nul ... ok
test proxy::origin::tests::fragmented_hello_and_truncation ... ok
test proxy::origin::tests::malformed_and_non_tls_refuse ... ok
test proxy::relay::tests::chunk_extensions_trailers_and_bare_lf_refuse ... ok
test proxy::relay::tests::chunked_framing_can_arrive_in_pieces ... ok
test proxy::relay::tests::strict_chunked_framing_ends_exactly_after_the_last_chunk ... ok
test proxy::sys::tests::poll_reports_readiness_per_descriptor_and_handles_edges ... ok
test proxy::sys::tests::the_descriptor_limit_is_readable_and_raising_it_is_idempotent ... ok
test proxy::sys::tests::wait_peer_closed_ignores_a_half_close_and_returns_on_close ... ok
test proxy::tests::connect_deadline_is_shared_across_answers ... ok
test proxy::tests::local_exhaustion_is_not_blamed_on_the_destination ... ok
test state::anchored::tests::a_component_with_a_slash_dot_or_nul_never_reaches_a_syscall ... ok
test state::anchored::tests::a_directory_the_child_made_unreadable_can_be_reopened_after_chmod_at ... ok
test state::anchored::tests::a_final_symlink_is_never_followed_by_any_open ... ok
test state::anchored::tests::a_reopen_that_reaches_another_object_than_expected_is_refused ... ok
test state::anchored::tests::a_reopened_path_handle_reads_the_held_object_even_after_a_rename ... ok
test state::anchored::tests::an_exclusive_create_refuses_an_existing_regular_file ... ok
test state::anchored::tests::an_o_path_open_of_a_fifo_is_not_a_reader ... ok
test state::anchored::tests::an_open_checks_it_reached_the_object_that_was_inspected ... ok
test state::anchored::tests::an_ordinary_filesystem_is_not_immutable ... ok
test state::anchored::tests::created_objects_have_exactly_the_requested_mode_whatever_the_umask ... ok
test state::anchored::tests::names_rewinds_and_skips_the_dot_entries ... ok
test state::mount_alias::tests::audit4_alias_conflict_finds_binds_of_the_guarded_tree_under_child_roots ... ok
test state::mount_alias::tests::bind_alias_of_writable_descendant_is_forbidden ... ok
test state::mount_alias::tests::containing_mounts_and_cross_device_submounts_use_translated_ranges ... ok
test state::mount_alias::tests::nested_mount_alias_is_forbidden ... ok
test state::persist::tests::the_abort_seam_names_a_site_a_point_and_an_optional_ordinal ... ok
test state::tests::a_blocked_settled_marker_fails_closed_and_the_guard_clears_the_obstacle ... ok
test state::tests::a_generated_attempt_id_round_trips_through_the_grammar ... ok
test state::tests::a_group_writable_ancestor_is_refused_unless_its_group_is_private ... ok
test state::tests::a_malformed_attempt_id_is_a_usage_error ... ok
test state::tests::a_replaced_or_populated_proxy_directory_is_retained ... ok
test state::tests::a_settle_that_cannot_be_written_leaves_the_run_live ... ok
test state::tests::a_vendor_state_that_already_exists_is_withdrawn_not_registered ... ok
test state::tests::an_attempt_root_holding_any_jail_owned_artifact_is_not_fresh ... ok
test state::tests::an_uncontained_run_is_live_until_its_guard_settles_both_marker_directories ... ok
test state::tests::an_uncontained_run_that_cannot_write_its_live_marker_does_not_arm ... ok
test state::tests::created_vendor_state_is_registered_with_its_identity ... ok
test state::tests::gc_removes_the_recorded_socket_node_and_the_directory_and_records_it ... ok
test state::tests::gc_retains_a_proxy_directory_whose_identity_was_never_recorded ... ok
test state::tests::gc_retains_a_socket_it_cannot_prove_it_bound ... ok
test state::tests::group_write_is_private_only_for_the_owners_own_group ... ok
test state::tests::only_a_temporary_name_of_a_root_record_is_ours ... ok
test state::tests::the_proxy_directory_is_registered_before_it_exists ... ok
test state::tests::the_proxy_directory_is_registered_created_private_and_removed_by_identity ... ok
test state::tests::world_write_always_counts_and_no_group_write_never_does ... ok
test supervisor::tests::a_live_uncontained_run_in_either_marker_directory_refuses_every_trusted_file ... ok
test supervisor::tests::a_none_profile_receipt_is_unprotected_before_anything_is_applied ... ok
test supervisor::tests::a_receipt_records_the_trace_loss_with_the_notes_start_and_source ... ok
test supervisor::tests::a_trusted_file_that_predates_the_uncontained_epoch_refuses ... ok
test supervisor::tests::audit4_check_config_isolation_refuses_a_workspace_over_the_config_directory ... ok
test supervisor::tests::audit4_the_operator_config_read_refuses_planted_shapes ... ok
test supervisor::tests::check_launch_isolation_refuses_a_workspace_over_the_launch_directory ... ok
test supervisor::tests::journal_detects_a_loss_that_only_appears_during_terminal_drain ... ok
test supervisor::tests::journal_detects_another_producers_loss_without_a_wrapper_write ... ok
test supervisor::tests::the_gate_and_preparation_budgets_are_the_ones_the_specification_names ... ok
test trace::tests::a_drain_that_drops_a_reserve_note_writes_nothing_after_it ... ok
test trace::tests::a_failed_write_is_cut_back_to_its_frame_boundary ... ok
test trace::tests::a_failed_write_that_cannot_be_cut_back_closes_the_sink ... ok
test trace::tests::an_exhausted_reserve_closes_the_sink ... ok
test trace::tests::an_oversized_event_is_refused_rather_than_truncated ... ok
test trace::tests::the_bounds_are_the_ones_the_specification_names ... ok
test trace::tests::the_loss_note_names_the_covered_classes_and_keeps_its_start ... ok
test trace::tests::the_payload_budget_stops_before_the_reserve_and_the_reserve_still_writes ... ok
test trace::tests::the_write_size_seam_accepts_only_a_byte_count ... ok
test trace::tests::under_the_write_size_seam_every_frame_is_written_in_pieces ... ok
test vault::tests::plaintext_is_opt_in_and_substitution_is_exact ... ok
test vault::tests::tls_vault_closes_the_response_and_counts_discarded_pipeline_bytes ... ok
test vault::tests::tls_vault_substitutes_only_after_both_authorities_and_the_certificate_pass ... ok

test result: ok. 505 passed; 0 failed; 1 ignored; 0 measured; 0 filtered out; finished in 5.27s

     Running unittests src/main.rs (target/release/deps/ouro_jail-873a4a65501dc155)

running 4 tests
test tests::build_claims_are_a_full_commit_and_a_consistent_flag ... ok
test tests::gc_names_the_execution_boundary_in_both_renderings ... ok
test tests::the_closed_set_is_announced_only_where_the_build_can_observe_it ... ok
test tests::the_inputs_digest_is_the_documented_construction ... ok

test result: ok. 4 passed; 0 failed; 0 ignored; 0 measured; 0 filtered out; finished in 0.00s

     Running tests/command_rules_linux.rs (target/release/deps/command_rules_linux-85df47e19444c5be)

running 2 tests
test a_matching_child_command_is_still_forbidden ... ok
test empty_arguments_do_not_turn_an_allowed_command_into_a_forbidden_one ... ok

test result: ok. 2 passed; 0 failed; 0 ignored; 0 measured; 0 filtered out; finished in 0.49s

     Running tests/conformance_j1.rs (target/release/deps/conformance_j1-c3ec74f72f6db325)

running 21 tests
test doctor_reports_every_probe_and_the_manifest_agrees ... ok
test i03_gate ... ok
test l01_a_target_that_ignores_the_cooperative_stop_dies_of_the_forced_one ... ok
test m03_doctor_refuses_when_the_backend_is_not_on_the_operators_path ... ok
test o02_a_thread_is_not_a_process ... ok
test o03_an_unreadable_argument_is_not_a_hole_in_coverage ... ok
test p04_receipt_and_state_overlap_refuse ... ok
test s11_allowed_write ... ok
test s11_exec_descendant ... ok
test s11_ftruncate_names_no_path_and_is_not_covered ... ok
test s11_mknod_is_one_fs_create ... ok
test s11_observe_off ... ok
test s11_protected_access_fails ... ok
test s11_truncate_is_one_fs_write_that_says_it_truncated ... ok
test s11_wall_expiry_separate_run ... FAILED
test the_checked_in_seccomp_table_is_the_one_this_build_produces ... ok
test x01_literal_argv ... ok
test x03_observation_off_does_not_confirm_an_exec_that_never_happened ... ok
test x05_streams ... ok
test x06_no_private_authority ... ok
test x07_background_descendant_is_terminated ... ok

failures:

---- s11_wall_expiry_separate_run stdout ----

thread 's11_wall_expiry_separate_run' (2436752) panicked at crates/ouro-jail/tests/conformance_j1.rs:492:5:
assertion `left == right` failed
  left: Bool(true)
 right: false
note: run with `RUST_BACKTRACE=1` environment variable to display a backtrace


failures:
    s11_wall_expiry_separate_run

test result: FAILED. 20 passed; 1 failed; 0 ignored; 0 measured; 0 filtered out; finished in 13.70s

error: test failed, to rerun pass `-p ouro-jail --test conformance_j1`
