$ cargo +1.98.1 fmt --all --check
EXIT 0
$ cargo +1.98.1 clippy -p ouro-ledger --all-targets -- -D warnings
    Finished `dev` profile [unoptimized + debuginfo] target(s) in 0.10s
EXIT 0
$ uv run docs/specs/ledger-v1/validate_contract.py
Ledger schemas, bounded readers, source preservation, canonical bytes, chain and privacy fixtures pass.
Document contract only; no live durability, launch or containment is tested.
EXIT 0
$ uv run docs/specs/jail-v1/validate_contract.py
PASS: 8 schemas (29 frozen files), 37 examples, 5 evidence receipts, 198 validation cases,
      102 semantic cases, 24 gate frames, policy/argv golden bytes,
      native codec, and 26 address cases.
No live containment, observer, proxy, or platform execution was tested.
EXIT 0
$ uv run docs/specs/managed-teams-v1/validate_policy.py
Validated 1 managed-policy schema, 2 policy examples and 35 cases.
Document contracts only; identity, policy authorization and runtime containment are not tested.
EXIT 0
$ uv run docs/specs/validate_links.py
Checked 57 documents; 0 broken links or anchors.
Document contract only; no runtime behavior is tested.
EXIT 0
$ cargo +1.98.1 run -q -p xtask -- i02-scan
i02-scan: /Users/monocursive/code/ouroboros/crates/ouro-ledger/build.rs is absent (nothing scanned there)
i02-scan: 112 file(s) in 7 root(s), 0 hit(s)
EXIT 0
$ cargo +1.98.1 run -q -p xtask -- freeze --check
xtask freeze --check: the freeze file is this tree's, and its tested run passed: inputs_match_tree, revision_is_ancestor_of_head, inputs_match_revision, frozen_inputs_unchanged_since_revision
EXIT 0
