Cargo.lock: OK
Cargo.toml: OK
crates/ouro-ledger/Cargo.toml: OK
crates/ouro-ledger/src/daemon.rs: OK
crates/ouro-ledger/src/lib.rs: OK
crates/ouro-ledger/src/main.rs: OK
crates/ouro-ledger/src/manifest.rs: OK
crates/ouro-ledger/src/projection.rs: OK
crates/ouro-ledger/src/protocol.rs: OK
crates/ouro-ledger/src/reader.rs: OK
crates/ouro-ledger/src/runner.rs: OK
crates/ouro-ledger/src/segments.rs: OK
crates/ouro-ledger/src/service.rs: OK
crates/ouro-ledger/src/store.rs: OK
crates/ouro-ledger/tests/cli_local.rs: OK
crates/ouro-ledger/tests/evidence_reader.rs: OK
crates/ouro-ledger/tests/launch_linux.rs: OK
crates/ouro-ledger/tests/storage_recovery.rs: OK
crates/xtask/src/i02-cursor-homonyms.tsv: OK
crates/xtask/src/i02.rs: OK
docs/specs/ledger-v1/export.schema.json: OK
docs/specs/ledger-v1/fixtures/canonical-source.json: OK
docs/specs/ledger-v1/fixtures/digests.json: OK
docs/specs/ledger-v1/fixtures/exec-failure-records.ndjson: OK
docs/specs/ledger-v1/fixtures/export-checkpoint.json: OK
docs/specs/ledger-v1/fixtures/export-finished.json: OK
docs/specs/ledger-v1/fixtures/owner.json: OK
docs/specs/ledger-v1/fixtures/prepared.json: OK
docs/specs/ledger-v1/fixtures/read-page-incomplete.json: OK
docs/specs/ledger-v1/fixtures/read-page-unobserved.json: OK
docs/specs/ledger-v1/fixtures/read-page.json: OK
docs/specs/ledger-v1/fixtures/read-request.json: OK
docs/specs/ledger-v1/fixtures/records.ndjson: OK
docs/specs/ledger-v1/fixtures/request.json: OK
docs/specs/ledger-v1/fixtures/run-exec-failure.json: OK
docs/specs/ledger-v1/fixtures/run.json: OK
docs/specs/ledger-v1/fixtures/settled-exec-failure.json: OK
docs/specs/ledger-v1/fixtures/source.json: OK
docs/specs/ledger-v1/read-request.schema.json: OK
docs/specs/ledger-v1/read.schema.json: OK
docs/specs/ledger-v1/record.schema.json: OK
docs/specs/ledger-v1/request.schema.json: OK
docs/specs/ledger-v1/run.schema.json: OK
docs/specs/ledger-v1/segments.schema.json: OK
docs/specs/ledger-v1/source.schema.json: OK
docs/specs/ledger-v1/validate_contract.py: OK
rust-toolchain.toml: OK
