    Checking serde_core v1.0.229
    Checking zeroize v1.9.0
    Checking rustls-pki-types v1.15.1
    Checking getrandom v0.2.17
    Checking untrusted v0.9.0
    Checking ring v0.17.14
    Checking hashbrown v0.17.1
    Checking serde v1.0.229
    Checking powerfmt v0.2.0
    Checking num-conv v0.2.2
    Checking deranged v0.5.8
    Checking time-core v0.1.9
    Checking indexmap v2.14.2
    Checking toml_datetime v0.6.11
    Checking serde_spanned v0.6.9
    Checking base64 v0.23.1
    Checking time v0.3.55
    Checking toml_edit v0.22.27
    Checking yasna v0.6.0
    Checking pem v4.0.0
   Compiling ouro-jail v0.1.0 (/home/ubuntu/ouroboros/crates/ouro-jail)
    Checking rustls-webpki v0.103.15
    Checking subtle v2.6.1
    Checking serde_json v1.0.151
    Checking rustls v0.23.45
    Checking toml v0.8.23
    Checking rcgen v0.14.10
    Checking webpki-roots v1.0.9
    Finished `release` profile [optimized] target(s) in 14.46s
