warning[duplicate]: found 2 duplicate entries for crate 'base64'
   ┌─ /Users/monocursive/code/ouroboros/Cargo.lock:10:1
   │  
10 │ ╭ base64 0.22.1 registry+https://github.com/rust-lang/crates.io-index
11 │ │ base64 0.23.1 registry+https://github.com/rust-lang/crates.io-index
   │ ╰───────────────────────────────────────────────────────────────────┘ lock entries
   │  
   ├ base64 v0.22.1
     └── ouro-jail v0.1.0
         └── xtask v0.1.0
   ├ base64 v0.23.1
     └── pem v4.0.0
         └── rcgen v0.14.10
             └── ouro-jail v0.1.0
                 └── xtask v0.1.0

warning[duplicate]: found 2 duplicate entries for crate 'getrandom'
   ┌─ /Users/monocursive/code/ouroboros/Cargo.lock:41:1
   │  
41 │ ╭ getrandom 0.2.17 registry+https://github.com/rust-lang/crates.io-index
42 │ │ getrandom 0.3.4 registry+https://github.com/rust-lang/crates.io-index
43 │ │ getrandom 0.4.3 registry+https://github.com/rust-lang/crates.io-index
   │ ╰─────────────────────────────────────────────────────────────────────┘ lock entries
   │  
   ├ getrandom v0.2.17
     └── ring v0.17.14
         ├── rcgen v0.14.10
         │   └── ouro-jail v0.1.0
         │       └── xtask v0.1.0
         ├── rustls v0.23.45
         │   └── ouro-jail v0.1.0 (*)
         └── rustls-webpki v0.103.15
             └── rustls v0.23.45 (*)
   ├ getrandom v0.4.3
     ├── tempfile v3.27.0
     │   ├── (dev) ouro-fixture v0.1.0
     │   │   └── (dev) ouro-jail v0.1.0
     │   │       └── xtask v0.1.0
     │   ├── (dev) ouro-jail v0.1.0 (*)
     │   └── (dev) xtask v0.1.0 (*)
     └── uuid v1.26.1
         └── ouro-jail v0.1.0 (*)

warning[license-not-encountered]: license was not encountered
  ┌─ /Users/monocursive/code/ouroboros/deny.toml:8:6
  │
8 │     "BSD-2-Clause",
  │      ━━━━━━━━━━━━ unmatched license allowance

warning[duplicate]: found 2 duplicate entries for crate 'windows-sys'
    ┌─ /Users/monocursive/code/ouroboros/Cargo.lock:134:1
    │  
134 │ ╭ windows-sys 0.52.0 registry+https://github.com/rust-lang/crates.io-index
135 │ │ windows-sys 0.61.2 registry+https://github.com/rust-lang/crates.io-index
    │ ╰────────────────────────────────────────────────────────────────────────┘ lock entries
    │  
    ├ windows-sys v0.52.0
      └── ring v0.17.14
          ├── rcgen v0.14.10
          │   └── ouro-jail v0.1.0
          │       └── xtask v0.1.0
          ├── rustls v0.23.45
          │   └── ouro-jail v0.1.0 (*)
          └── rustls-webpki v0.103.15
              └── rustls v0.23.45 (*)
    ├ windows-sys v0.61.2
      ├── anstyle-query v1.1.5
      │   └── anstream v1.0.0
      │       └── clap_builder v4.6.7
      │           └── clap v4.6.7
      │               ├── ouro-fixture v0.1.0
      │               │   └── (dev) ouro-jail v0.1.0
      │               │       └── xtask v0.1.0
      │               ├── ouro-jail v0.1.0 (*)
      │               └── xtask v0.1.0 (*)
      ├── anstyle-wincon v3.0.11
      │   └── anstream v1.0.0 (*)
      ├── errno v0.3.14
      │   └── rustix v1.1.5
      │       └── tempfile v3.27.0
      │           ├── (dev) ouro-fixture v0.1.0 (*)
      │           ├── (dev) ouro-jail v0.1.0 (*)
      │           └── (dev) xtask v0.1.0 (*)
      ├── rustix v1.1.5 (*)
      └── tempfile v3.27.0 (*)

advisories ok, bans ok, licenses ok, sources ok
