Linux ouro-k27-fresh 7.0.0-34-generic #34-Ubuntu SMP PREEMPT_DYNAMIC Wed Sep  2 14:29:37 UTC 2026 x86_64 GNU/Linux
PRETTY_NAME="Ubuntu 26.04.1 LTS"
NAME="Ubuntu"
VERSION_ID="26.04"
VERSION="26.04.1 LTS (Resolute Raccoon)"
VERSION_CODENAME=resolute
ID=ubuntu
ID_LIKE=debian
HOME_URL="https://www.ubuntu.com/"
SUPPORT_URL="https://help.ubuntu.com/"
BUG_REPORT_URL="https://bugs.launchpad.net/ubuntu/"
PRIVACY_POLICY_URL="https://www.ubuntu.com/legal/terms-and-policies/privacy-policy"
UBUNTU_CODENAME=resolute
LOGO=ubuntu-logo
qemu
uid=1000(ubuntu) gid=1000(ubuntu) groups=1000(ubuntu),27(sudo)
glibc 2.43
bubblewrap 0.11.1
minisign 0.12
1
8683
1
0::/user.slice/user-1000.slice/session-30.scope
6308d6fc134c46e78cce26c681693c96
1df9f3f4-da88-48f3-8874-ae04399278ca
