{
  "build": {
    "debug_assertions": false,
    "dirty": false,
    "inputs": "sha256:f5486df5891709f837825bb55d051275c42b2e634165caeb239919247cc0cbfb",
    "opt_level": "3",
    "revision": "41d8c230716877b5da6e6db3220017b7eb685344",
    "rustc": "rustc 1.98.1 (48a229cea 2026-09-01)",
    "target": "x86_64-unknown-linux-gnu"
  },
  "component": "ouro-jail",
  "frozen": true,
  "observation": {
    "closed_set": "linux-closed-v1"
  },
  "platform": {
    "arch": "x86_64",
    "kernel": "Linux 7.0.0-34-generic",
    "os": "linux"
  },
  "schemas": {
    "control": "ouro.jail.control/1",
    "doctor": "ouro.jail.doctor/1",
    "event": "ouro.event/1",
    "gate": "ouro.jail.gate/1",
    "learned_policy": "ouro.jail.learned-policy/1",
    "network": "ouro.jail.network/1",
    "policy": "ouro.jail.policy/1",
    "policy_file": "ouro.jail.policy-file/1",
    "policy_snapshot": "ouro.jail.policy-snapshot/1",
    "receipt": "ouro.jail.receipt/1"
  },
  "version": "0.1.0"
}
