Reading package lists...
Building dependency tree...
Reading state information...
Solving dependencies...
The following package was automatically installed and is no longer required:
  pollinate
Use 'sudo apt autoremove' to remove it.
The following packages will be REMOVED:
  elixir* erlang-asn1* erlang-base* erlang-crypto* erlang-inets*
  erlang-mnesia* erlang-parsetools* erlang-public-key* erlang-runtime-tools*
  erlang-ssl* erlang-tools*
0 upgraded, 0 newly installed, 11 to remove and 15 not upgraded.
After this operation, 44.5 MB disk space will be freed.
(Reading database ... 
(Reading database ... 5%
(Reading database ... 10%
(Reading database ... 15%
(Reading database ... 20%
(Reading database ... 25%
(Reading database ... 30%
(Reading database ... 35%
(Reading database ... 40%
(Reading database ... 45%
(Reading database ... 50%
(Reading database ... 55%
(Reading database ... 60%
(Reading database ... 65%
(Reading database ... 70%
(Reading database ... 75%
(Reading database ... 80%
(Reading database ... 85%
(Reading database ... 90%
(Reading database ... 95%
(Reading database ... 100%
(Reading database ... 147153 files and directories currently installed.)
Removing elixir (1.18.3.dfsg-1build1) ...
Removing erlang-inets (1:27.3.4.6+dfsg-1ubuntu0.1) ...
Removing erlang-ssl (1:27.3.4.6+dfsg-1ubuntu0.1) ...
Removing erlang-public-key (1:27.3.4.6+dfsg-1ubuntu0.1) ...
Removing erlang-asn1 (1:27.3.4.6+dfsg-1ubuntu0.1) ...
Removing erlang-tools (1:27.3.4.6+dfsg-1ubuntu0.1) ...
Removing erlang-runtime-tools (1:27.3.4.6+dfsg-1ubuntu0.1) ...
Removing erlang-crypto (1:27.3.4.6+dfsg-1ubuntu0.1) ...
Removing erlang-mnesia (1:27.3.4.6+dfsg-1ubuntu0.1) ...
Removing erlang-parsetools (1:27.3.4.6+dfsg-1ubuntu0.1) ...
Removing erlang-base (1:27.3.4.6+dfsg-1ubuntu0.1) ...
Searching for services which depend on erlang and should be stopped... none found.
Killing epmd... it is not running.
Processing triggers for man-db (2.13.1-1build1) ...
(Reading database ... 
(Reading database ... 5%
(Reading database ... 10%
(Reading database ... 15%
(Reading database ... 20%
(Reading database ... 25%
(Reading database ... 30%
(Reading database ... 35%
(Reading database ... 40%
(Reading database ... 45%
(Reading database ... 50%
(Reading database ... 55%
(Reading database ... 60%
(Reading database ... 65%
(Reading database ... 70%
(Reading database ... 75%
(Reading database ... 80%
(Reading database ... 85%
(Reading database ... 90%
(Reading database ... 95%
(Reading database ... 100%
(Reading database ... 145882 files and directories currently installed.)
Purging configuration files for erlang-base (1:27.3.4.6+dfsg-1ubuntu0.1) ...
