   Compiling xtask v0.1.0 (/Users/monocursive/code/ouroboros/crates/xtask)
    Finished `test` profile [unoptimized + debuginfo] target(s) in 1.88s
     Running unittests src/main.rs (target/debug/deps/xtask-d1a5d4e084a997d9)

running 201 tests
test conformance::tests::a_clean_run_passes_and_the_remote_directory_is_removed ... ok
test conformance::tests::a_clean_smoke_leg_has_no_problems ... ok
test conformance::tests::a_detached_command_with_a_single_quote_is_refused - should panic ... ok
test conformance::tests::a_detached_start_is_idempotent_and_holds_no_session_descriptor ... ok
test conformance::tests::a_doctor_that_failed_or_produced_no_json_fails_the_run ... ok
test conformance::tests::a_failed_or_absent_contract_validation_fails_the_run ... ok
test conformance::tests::a_failed_or_absent_smoke_leg_fails_the_run ... ok
test conformance::tests::a_failing_suite_exit_code_fails_the_run ... ok
test conformance::tests::a_failure_in_any_test_binary_counts_not_only_the_last ... ok
test conformance::tests::a_log_from_another_revision_or_without_conformance_mode_fails_the_run ... ok
test conformance::tests::a_lost_build_fails_the_run_and_stops_there ... ok
test conformance::tests::a_lost_suite_fails_the_run_and_says_why_even_with_a_clean_partial_log ... ok
test conformance::tests::a_manifest_mismatch_fails_the_run_in_both_directions ... ok
test conformance::tests::a_manifest_that_did_not_load_fails_the_run ... ok
test conformance::tests::a_mapped_test_missing_from_the_log_fails_the_run_by_gate_and_clause ... ok
test conformance::tests::a_missing_host_manifest_or_evidence_write_fails_the_run ... ok
test conformance::tests::a_revision_that_is_not_a_commit_is_refused - should panic ... ok
test conformance::tests::a_signal_killed_step_is_a_failure_and_says_so ... ok
test conformance::tests::a_skipped_live_test_fails_the_run ... ok
test conformance::tests::a_smoke_session_already_inside_the_user_manager_proves_nothing ... ok
test conformance::tests::a_source_path_that_already_ends_in_a_slash_is_not_doubled ... ok
test conformance::tests::a_step_that_ends_is_done_with_its_own_status ... ok
test conformance::tests::a_step_that_never_ends_times_out ... ok
test conformance::tests::a_stop_names_this_run_only ... ok
test conformance::tests::a_suite_command_with_a_double_quote_is_refused - should panic ... ok
test conformance::tests::a_suite_log_without_the_scrubbed_path_fails_i01 ... ok
test conformance::tests::absent_vanished_and_unreadable_end_the_wait_at_once ... ok
test conformance::tests::an_acceptance_map_that_did_not_load_fails_the_run ... ok
test conformance::tests::an_empty_or_unreadable_test_log_fails_the_run ... ok
test conformance::tests::an_i01_finding_or_a_missing_probe_fails_the_run ... ok
test conformance::tests::build_space_refuses_full_unreadable_and_small_filesystems_before_build ... ok
test conformance::tests::consecutive_failed_checks_lose_contact_and_say_why ... ok
test conformance::tests::doctors_build_provenance_must_name_the_tested_clean_optimised_build ... ok
test conformance::tests::dropped_checks_are_retried_and_contact_survives_them ... ok
test conformance::tests::each_earlier_step_fails_the_run_and_stops_the_later_ones ... ok
test conformance::tests::every_driver_check_is_derived_from_its_own_step ... ok
test conformance::tests::every_ending_but_done_is_a_problem ... ok
test conformance::tests::every_way_a_smoke_step_can_fail_is_named ... ok
test conformance::tests::executable_measurement_covers_each_execution_binary_and_checks_afterwards ... ok
test conformance::tests::i01_a_clean_probe_has_no_problems ... ok
test conformance::tests::i01_a_silent_partial_or_foreign_probe_is_a_problem_not_a_pass ... ok
test conformance::tests::i01_anything_found_is_a_problem_that_names_it ... ok
test conformance::tests::i01_the_probe_also_looks_where_cargo_install_puts_binaries ... ok
test conformance::tests::i01_the_probe_uses_the_suite_path_and_names_every_candidate ... ok
test conformance::tests::i01_the_suite_runs_with_only_the_system_directories_on_its_path_and_says_so ... ok
test conformance::tests::keep_remote_is_honoured_on_a_clean_run_and_never_invents_a_directory ... ok
test conformance::tests::known_hosts_is_added_only_when_given ... ok
test conformance::tests::no_local_path_reaches_a_failure_message ... ok
test conformance::tests::only_a_well_formed_stamp_older_than_the_cutoff_is_pruned ... ok
test conformance::tests::rsync_excludes_target_and_git_and_ends_the_source_with_a_slash ... ok
test conformance::tests::rsync_transport_quotes_whitespace_and_both_quote_kinds ... ok
test conformance::tests::run_directory_names_sort_and_stay_shell_safe ... ok
test conformance::tests::shell_safety_rejects_what_would_need_quoting ... ok
test conformance::tests::ssh_options_are_batch_and_strict_and_never_learn_a_host_key ... ok
test conformance::tests::status_checks_parse_strictly ... ok
test conformance::tests::the_build_and_test_steps_carry_identical_provenance_claims ... ok
test conformance::tests::the_contract_validator_is_run_with_uv_from_the_worktree ... ok
test conformance::tests::the_doctor_command_keeps_its_own_exit_status ... ok
test conformance::tests::the_i02_scan_gates_the_run ... ok
test conformance::tests::the_printed_run_path_is_pasteable_and_the_shell_one_expands ... ok
test conformance::tests::the_remote_commands_use_the_account_cargo_and_two_jobs ... ok
test conformance::tests::the_remote_scan_uses_the_precompiled_driver_without_rebuilding ... ok
test conformance::tests::the_rsync_excludes_are_anchored_and_cover_the_local_evidence ... ok
test conformance::tests::the_smoke_leg_runs_in_the_plain_session_and_never_in_a_driver_scope ... ok
test conformance::tests::the_ssh_argv_ends_with_the_destination_then_the_command ... ok
test conformance::tests::the_suite_does_not_stop_at_the_first_failing_binary ... ok
test conformance::tests::the_test_command_forbids_skips_and_names_both_binaries ... ok
test conformance::tests::the_verdict_the_driver_writes_is_the_one_it_decides_on ... ok
test freeze::tests::a_revision_outside_heads_history_is_refused ... ok
test freeze::tests::a_stale_tested_run_is_dropped_and_a_valid_one_kept ... ok
test freeze::tests::a_tested_run_is_validated_strictly ... ok
test freeze::tests::a_tested_section_copies_the_host_and_names_what_was_unknown ... ok
test freeze::tests::const_lists_are_read_as_written ... ok
test freeze::tests::digests_are_read_in_table_order ... ok
test freeze::tests::sha256_is_lowercase_hex ... ok
test freeze::tests::the_tree_generates_a_parseable_freeze ... ok
test freeze::tests::with_git_the_revision_is_checked_against_its_own_tree ... ok
test gates::tests::a_clause_in_a_lane_that_was_not_evaluated_is_elsewhere_not_passed ... ok
test gates::tests::a_clause_with_no_evidence_fails_unless_it_is_a_recorded_limit ... ok
test gates::tests::a_clause_without_an_id_merges_by_its_exact_text_or_is_new ... ok
test gates::tests::a_clean_run_of_the_mini_map_passes_and_the_credential_gate_is_not_evaluated ... ok
test gates::tests::a_credential_clause_belongs_only_to_a_credential_gate ... ok
test gates::tests::a_driver_check_proves_only_the_clauses_it_measures ... ok
test gates::tests::a_gate_the_map_lacks_fails ... ok
test gates::tests::a_limit_must_cite_a_passage_of_an_existing_document_section ... ok
test gates::tests::a_limit_passage_matches_across_line_breaks ... ok
test gates::tests::a_log_is_clean_only_with_a_summary_per_binary_and_no_anomaly ... ok
test gates::tests::a_malformed_map_is_refused_with_every_problem ... ok
test gates::tests::a_map_that_drifts_from_the_spec_is_named ... ok
test gates::tests::a_mapped_test_that_is_absent_failed_or_ignored_fails_its_gate ... ok
test gates::tests::a_merge_cannot_raise_a_tag_or_leave_a_limit_without_a_new_test ... ok
test gates::tests::a_merge_that_cites_a_made_up_record_is_refused ... ok
test gates::tests::a_merge_that_closes_a_clause_with_a_check_it_cannot_prove_is_refused ... ok
test gates::tests::a_merge_that_names_nothing_real_or_breaks_the_map_is_refused ... ok
test gates::tests::a_new_clause_is_numbered_after_its_gate_and_placed_with_it ... ok
test gates::tests::a_rendered_map_parses_back_to_the_same_map ... ok
test gates::tests::a_result_outside_any_binary_is_a_failure ... ok
test gates::tests::a_result_printed_after_interleaved_output_belongs_to_the_pending_test ... ok
test gates::tests::a_skip_line_makes_the_log_unclean ... ok
test gates::tests::an_untested_clause_fails_whatever_its_lane ... ok
test gates::tests::bare_test_file_names_are_resolved_to_the_one_crate_that_has_them ... ok
test gates::tests::checks_count_as_evidence_and_an_absent_check_fails ... ok
test gates::tests::every_mapped_test_exists_in_the_source_tree ... ok
test gates::tests::failed_ignored_duplicated_and_unresolved_results_are_kept_apart ... ok
test gates::tests::gates_txt_names_its_map_its_lanes_and_each_gates_evidence_level ... ok
test gates::tests::hostile_h1_a_childs_ok_line_does_not_hide_the_tests_failure ... ok
test gates::tests::hostile_h2_a_crashed_binary_fails_its_tests_the_suite_and_the_run ... ok
test gates::tests::hostile_h3_a_phantom_result_makes_its_whole_binary_untrusted ... ok
test gates::tests::hostile_h4_a_failure_glued_to_child_output_is_still_a_failure ... ok
test gates::tests::hostile_h5_a_log_with_binary_bytes_is_read_not_refused ... ok
test gates::tests::hostile_h6_two_ignored_doc_blocks_on_one_item_are_one_pinned_test ... ok
test gates::tests::hostile_h7_a_helpers_own_libtest_run_does_not_take_the_parents_result ... ok
test gates::tests::hostile_h8_long_lines_unicode_and_a_late_panic_parse ... ok
test gates::tests::logs_are_judged_together_only_at_one_revision_and_in_conformance_mode ... ok
test gates::tests::merged_ignored_pins_are_added_once ... ok
test gates::tests::merging_never_weakens_a_tag_and_a_proved_limit_drops_its_limit ... ok
test gates::tests::merging_tests_into_an_untested_clause_takes_the_contributors_tag ... ok
test gates::tests::merging_the_same_new_clause_twice_adds_it_once ... ok
test gates::tests::test_ids_are_crate_source_and_name ... ok
test gates::tests::the_base_run_attributes_every_result_and_fails_only_what_it_could_not_prove ... ok
test gates::tests::the_checked_in_map_is_in_canonical_form ... ok
test gates::tests::the_checked_in_map_is_well_formed_and_agrees_with_section_fifteen ... ok
test gates::tests::the_execution_core_dependencies_are_the_reviewed_set ... ok
test gates::tests::the_ignored_set_is_pinned_in_both_directions ... ok
test gates::tests::the_j4_ignored_set_is_the_thirteen_the_j4_report_counts ... ok
test gates::tests::the_j4_log_attributes_every_result_libtest_counted ... ok
test gates::tests::the_j4_log_under_the_checked_in_map_fails_only_what_it_could_not_prove ... ok
test gates::tests::the_log_parser_names_tests_by_crate_source_and_libtest_name ... ok
test gates::tests::the_spec_rows_are_read_from_section_fifteen_only ... ok
test gates::tests::the_suite_markers_are_read_from_the_log ... ok
test i02::tests::a_directory_symlink_is_named_and_not_followed ... ok
test i02::tests::a_planted_hit_in_a_temp_tree_is_reported_and_a_clean_tree_is_not ... ok
test i02::tests::a_token_inside_an_identifier_still_counts ... ok
test i02::tests::a_vendor_named_dependency_and_a_build_script_are_caught ... ok
test i02::tests::an_absent_root_is_reported_as_absent_not_as_clean ... ok
test i02::tests::clean_content_and_non_utf8_bytes_produce_nothing ... ok
test i02::tests::every_forbidden_token_is_found_in_any_case ... ok
test i02::tests::line_numbers_are_one_based_and_exact ... ok
test i02::tests::pagination_exceptions_are_exact_and_file_scoped ... ok
test manifest::tests::a_capability_that_improved_is_still_a_deviation ... ok
test manifest::tests::a_manifest_with_an_unknown_status_is_refused ... ok
test manifest::tests::a_matching_report_passes_every_row ... ok
test manifest::tests::a_missing_capability_fails_rather_than_being_ignored ... ok
test manifest::tests::a_skipped_probe_never_satisfies_a_required_capability ... ok
test manifest::tests::all_four_doctor_shapes_are_understood ... ok
test manifest::tests::an_empty_doctor_report_fails_everything ... ok
test manifest::tests::an_unrecognised_shape_yields_nothing_rather_than_a_guess ... ok
test manifest::tests::the_checked_in_manifest_loads_and_is_not_empty ... ok
test manifest::tests::unlisted_capabilities_are_surfaced_but_not_failures ... ok
test perf::tests::a_budget_is_strict_and_short_samples_are_insufficient ... ok
test perf::tests::a_distribution_sorts_its_input_and_drops_non_finite_values ... ok
test perf::tests::a_flagged_launch_counts_and_is_shown_as_flagged ... ok
test perf::tests::a_jailed_launch_needs_one_settled_receipt_of_its_own_arm ... ok
test perf::tests::a_launch_that_did_not_run_or_report_is_excluded ... ok
test perf::tests::a_missing_baseline_yields_no_numbers_and_an_insufficient_verdict ... ok
test perf::tests::a_record_round_trips_through_its_line ... ok
test perf::tests::a_trace_that_is_not_a_complete_transcript_excludes ... ok
test perf::tests::added_startup_and_overhead_are_against_the_baseline_median ... ok
test perf::tests::an_excluded_launch_is_counted_and_never_averaged ... ok
test perf::tests::complete_launches_are_valid ... ok
test perf::tests::cpu_pressure_is_read_from_the_some_line ... ok
test perf::tests::direct_execution_must_exit_zero ... ok
test perf::tests::errors_gaps_and_degradation_exclude ... ok
test perf::tests::every_arm_runs_once_per_round_in_a_seeded_order ... ok
test perf::tests::gaps_and_their_losses_are_summed ... ok
test perf::tests::observation_on_needs_an_attached_observer_and_the_whole_closed_set ... ok
test perf::tests::only_the_fixed_workload_against_direct_has_an_overhead_verdict ... ok
test perf::tests::p95_is_the_nearest_rank ... ok
test perf::tests::review_e::a_foreign_record_schema_is_refused ... ok
test perf::tests::review_e::a_run_refuses_a_non_empty_out ... ok
test perf::tests::review_e::a_seeded_order_varies_each_arms_predecessor ... ok
test perf::tests::review_e::a_silent_undercount_is_excluded ... ok
test perf::tests::review_e::a_verdict_needs_every_counted_launch_on_a_quiet_host ... ok
test perf::tests::review_e::an_excluded_launch_keeps_its_attempt ... ok
test perf::tests::review_e::counts_must_match_the_workload_and_the_trace ... ok
test perf::tests::review_e::duplicated_records_never_reach_a_verdict ... ok
test perf::tests::review_e::survivors_of_an_exclusion_get_no_verdict ... ok
test perf::tests::review_e::teardown_is_in_the_post_start_figure ... ok
test perf::tests::review_e::the_raw_file_is_checked_before_any_verdict ... ok
test perf::tests::review_e::the_unconfirmed_flag_accepts_only_exit_1 ... ok
test perf::tests::startup_needs_one_clock_and_ordered_readings ... ok
test perf::tests::the_checked_in_receipt_example_reads_as_facts ... ok
test perf::tests::the_defaults_are_the_spec_s_workloads ... ok
test perf::tests::the_median_is_the_middle_or_the_mean_of_the_two_middles ... ok
test perf::tests::the_observe_off_exec_limit_is_flagged_not_hidden_and_only_off ... ok
test perf::tests::the_outcome_must_be_exit_zero_and_the_jail_must_agree ... ok
test perf::tests::the_report_states_both_comparisons_and_the_decision ... ok
test perf::tests::the_scope_pass_is_re_executed_with_the_same_parameters ... ok
test perf::tests::the_session_must_be_the_one_measured ... ok
test perf::tests::the_target_lines_are_read_by_op ... ok
test perf::tests::the_user_manager_is_recognised_by_its_unit_component ... ok
test perf::tests::timings_follow_the_four_readings ... ok
test perf::tests::validity_is_recomputed_not_trusted_from_the_record ... ok
test perf::tests::verdicts_fail_at_the_budget_and_need_thirty_on_both_sides ... ok
test perf::tests::w3::a_rule_change_is_applied_only_on_request_and_named ... ok
test perf::tests::w3::any_other_error_or_shape_still_excludes ... ok
test perf::tests::w3::the_coded_exec_limit_is_valid_and_flagged_with_observation_off ... ok
test stamp::tests::known_instants_convert_exactly ... ok
test stamp::tests::leap_days_and_year_boundaries_are_right ... ok
test stamp::tests::now_is_after_this_slice_was_written ... ok
test stamp::tests::stamps_sort_chronologically_as_strings ... ok

test result: ok. 201 passed; 0 failed; 0 ignored; 0 measured; 0 filtered out; finished in 1.42s

